
> tsurfing@0.4.0-beta.1 test:s1:browser
> playwright test --config playwright.s1.config.ts --repeat-each=3

[WebServer] (node:27966) Warning: The 'NO_COLOR' env is ignored due to the 'FORCE_COLOR' env being set.
[WebServer] (Use `node --trace-warnings ...` to show where the warning was created)
[WebServer] 
[WebServer] (!) Some chunks are larger than 500 kB after minification. Consider:
[WebServer] - Using dynamic import() to code-split the application
[WebServer] - Use build.rollupOptions.output.manualChunks to improve chunking: https://rollupjs.org/configuration-options/#output-manualchunks
[WebServer] - Adjust chunk size limit for this warning via build.chunkSizeWarningLimit.
[WebServer] (node:28005) Warning: The 'NO_COLOR' env is ignored due to the 'FORCE_COLOR' env being set.
[WebServer] (Use `node --trace-warnings ...` to show where the warning was created)
[WebServer] (node:28033) Warning: The 'NO_COLOR' env is ignored due to the 'FORCE_COLOR' env being set.
[WebServer] (Use `node --trace-warnings ...` to show where the warning was created)

Running 114 tests using 2 workers

(node:28038) Warning: The 'NO_COLOR' env is ignored due to the 'FORCE_COLOR' env being set.
(Use `node --trace-warnings ...` to show where the warning was created)
(node:28039) Warning: The 'NO_COLOR' env is ignored due to the 'FORCE_COLOR' env being set.
(Use `node --trace-warnings ...` to show where the warning was created)
  ✓    2 [chromium] › tests/e2e/s1-local-storage.spec.ts:24:1 › A/E: one profile, two real app tabs observe committed tasks without reload or cloud pull (1.9s)
  ✓    1 [chromium] › tests/e2e/s1-local-storage.spec.ts:24:1 › A/E: one profile, two real app tabs observe committed tasks without reload or cloud pull (1.9s)
  ✓    3 [chromium] › tests/e2e/s1-local-storage.spec.ts:36:1 › C: releasing an obsolete React debounce after remote hydration creates no action (421ms)
  ✓    4 [chromium] › tests/e2e/s1-local-storage.spec.ts:36:1 › C: releasing an obsolete React debounce after remote hydration creates no action (420ms)
  ✓    5 [chromium] › tests/e2e/s1-local-storage.spec.ts:63:1 › A: paused peer focus reaches rendered refs; ticks and empty peer hints create no actions (1.5s)
  ✓    6 [chromium] › tests/e2e/s1-local-storage.spec.ts:63:1 › A: paused peer focus reaches rendered refs; ticks and empty peer hints create no actions (1.6s)
  ✓    7 [chromium] › tests/e2e/s1-local-storage.spec.ts:103:1 › capture failure preserves editable task input and reports the local failure (717ms)
  ✓    8 [chromium] › tests/e2e/s1-local-storage.spec.ts:103:1 › capture failure preserves editable task input and reports the local failure (646ms)
  ✓    9 [chromium] › tests/e2e/s1-local-storage.spec.ts:122:1 › dirty note text survives peer hydration and wrong-account success hints (1.2s)
  ✓   10 [chromium] › tests/e2e/s1-local-storage.spec.ts:122:1 › dirty note text survives peer hydration and wrong-account success hints (1.3s)
  ✓   11 [chromium] › tests/e2e/s1-local-storage.spec.ts:147:46 › A: empty production pull after peer paused refreshes the next focus baseline (1.4s)
  ✓   12 [chromium] › tests/e2e/s1-local-storage.spec.ts:147:46 › A: empty production pull after peer paused refreshes the next focus baseline (1.4s)
  ✓   13 [chromium] › tests/e2e/s1-local-storage.spec.ts:147:46 › A: empty production pull after peer completed refreshes the next focus baseline (1.4s)
  ✓   14 [chromium] › tests/e2e/s1-local-storage.spec.ts:147:46 › A: empty production pull after peer completed refreshes the next focus baseline (1.4s)
  ✓   15 [chromium] › tests/e2e/s1-local-storage.spec.ts:202:1 › C: account switch and unmount retire old React callbacks without creating actions (403ms)
  ✓   16 [chromium] › tests/e2e/s1-local-storage.spec.ts:202:1 › C: account switch and unmount retire old React callbacks without creating actions (383ms)
  ✓   17 [chromium] › tests/e2e/s1-local-storage.spec.ts:219:1 › visibility: missed hints and absent BroadcastChannel recover on resume (1.0s)
  ✓   18 [chromium] › tests/e2e/s1-local-storage.spec.ts:219:1 › visibility: missed hints and absent BroadcastChannel recover on resume (1.1s)
  ✓   19 [chromium] › tests/e2e/s1-local-storage.spec.ts:240:1 › status: an obsolete async commit read cannot overwrite a newer permanent error (356ms)
  ✓   20 [chromium] › tests/e2e/s1-local-storage.spec.ts:240:1 › status: an obsolete async commit read cannot overwrite a newer permanent error (394ms)
  ✓   21 [chromium] › tests/e2e/s1-local-storage.spec.ts:259:1 › E: real grouped completion and an independent note edit remain queued (2.2s)
  ✓   22 [chromium] › tests/e2e/s1-local-storage.spec.ts:259:1 › E: real grouped completion and an independent note edit remain queued (2.3s)
  ✓   23 [chromium] › tests/e2e/s1-local-storage.spec.ts:292:56 › D: real IndexedDB inbound retains before/during/after intent (344ms)
  ✓   24 [chromium] › tests/e2e/s1-local-storage.spec.ts:292:56 › D: real IndexedDB inbound retains before/during/after intent (358ms)
  ✓   25 [chromium] › tests/e2e/s1-local-storage.spec.ts:292:56 › D: real IndexedDB reconciliation retains before/during/after intent (354ms)
  ✓   26 [chromium] › tests/e2e/s1-local-storage.spec.ts:292:56 › D: real IndexedDB reconciliation retains before/during/after intent (357ms)
  ✓   27 [chromium] › tests/e2e/s1-local-storage.spec.ts:339:1 › B: real IndexedDB metadata writers preserve a queued independent transaction and exact receipts (355ms)
  ✓   29 [chromium] › tests/e2e/s1-local-storage.spec.ts:399:42 › F: real browser unavailable IndexedDB preserves cursor and WAL, mirror fault=false (218ms)
  ✓   28 [chromium] › tests/e2e/s1-local-storage.spec.ts:339:1 › B: real IndexedDB metadata writers preserve a queued independent transaction and exact receipts (350ms)
  ✓   30 [chromium] › tests/e2e/s1-local-storage.spec.ts:399:42 › F: real browser unavailable IndexedDB preserves cursor and WAL, mirror fault=true (200ms)
  ✓   31 [chromium] › tests/e2e/s1-local-storage.spec.ts:399:42 › F: real browser unavailable IndexedDB preserves cursor and WAL, mirror fault=false (199ms)
  ✓   33 [chromium] › tests/e2e/s1-local-storage.spec.ts:399:42 › F: real browser unavailable IndexedDB preserves cursor and WAL, mirror fault=true (217ms)
  ✓   32 [chromium] › tests/e2e/s1-local-storage.spec.ts:427:1 › G: equal-count WAL replacement in another page invalidates content and stays idempotent (536ms)
  ✓   34 [chromium] › tests/e2e/s1-local-storage.spec.ts:427:1 › G: equal-count WAL replacement in another page invalidates content and stays idempotent (594ms)
  ✓   35 [chromium] › tests/e2e/s1-local-storage.spec.ts:453:1 › note capture failure preserves editable text and exposes the failure at the editor (965ms)
  ✓   36 [chromium] › tests/e2e/s1-local-storage.spec.ts:453:1 › note capture failure preserves editable text and exposes the failure at the editor (910ms)
  ✓   37 [chromium] › tests/e2e/s1-local-storage.spec.ts:473:1 › bootstrap: two simultaneous real app hydrations import one legacy plan without duplicate actions (558ms)
(node:28180) Warning: The 'NO_COLOR' env is ignored due to the 'FORCE_COLOR' env being set.
(Use `node --trace-warnings ...` to show where the warning was created)
  ✓   38 [chromium] › tests/e2e/s1-local-storage.spec.ts:473:1 › bootstrap: two simultaneous real app hydrations import one legacy plan without duplicate actions (612ms)
(node:28181) Warning: The 'NO_COLOR' env is ignored due to the 'FORCE_COLOR' env being set.
(Use `node --trace-warnings ...` to show where the warning was created)
  ✓   39 [chromium] › tests/e2e/s1-local-storage.spec.ts:24:1 › A/E: one profile, two real app tabs observe committed tasks without reload or cloud pull (1.3s)
  ✓   41 [chromium] › tests/e2e/s1-local-storage.spec.ts:36:1 › C: releasing an obsolete React debounce after remote hydration creates no action (427ms)
  ✓   40 [webkit] › tests/e2e/s1-local-storage.spec.ts:24:1 › A/E: one profile, two real app tabs observe committed tasks without reload or cloud pull (2.2s)
  ✓   42 [chromium] › tests/e2e/s1-local-storage.spec.ts:63:1 › A: paused peer focus reaches rendered refs; ticks and empty peer hints create no actions (1.5s)
  ✓   43 [webkit] › tests/e2e/s1-local-storage.spec.ts:36:1 › C: releasing an obsolete React debounce after remote hydration creates no action (721ms)
  ✓   44 [chromium] › tests/e2e/s1-local-storage.spec.ts:103:1 › capture failure preserves editable task input and reports the local failure (727ms)
  ✓   45 [webkit] › tests/e2e/s1-local-storage.spec.ts:63:1 › A: paused peer focus reaches rendered refs; ticks and empty peer hints create no actions (2.0s)
  ✓   46 [chromium] › tests/e2e/s1-local-storage.spec.ts:122:1 › dirty note text survives peer hydration and wrong-account success hints (1.4s)
  ✓   47 [webkit] › tests/e2e/s1-local-storage.spec.ts:103:1 › capture failure preserves editable task input and reports the local failure (1.0s)
  ✓   48 [chromium] › tests/e2e/s1-local-storage.spec.ts:147:46 › A: empty production pull after peer paused refreshes the next focus baseline (1.4s)
  ✓   49 [webkit] › tests/e2e/s1-local-storage.spec.ts:122:1 › dirty note text survives peer hydration and wrong-account success hints (1.9s)
  ✓   50 [chromium] › tests/e2e/s1-local-storage.spec.ts:147:46 › A: empty production pull after peer completed refreshes the next focus baseline (1.5s)
  ✓   52 [chromium] › tests/e2e/s1-local-storage.spec.ts:202:1 › C: account switch and unmount retire old React callbacks without creating actions (402ms)
  ✓   53 [chromium] › tests/e2e/s1-local-storage.spec.ts:219:1 › visibility: missed hints and absent BroadcastChannel recover on resume (1.0s)
  ✓   54 [chromium] › tests/e2e/s1-local-storage.spec.ts:240:1 › status: an obsolete async commit read cannot overwrite a newer permanent error (409ms)
  ✓   51 [webkit] › tests/e2e/s1-local-storage.spec.ts:147:46 › A: empty production pull after peer paused refreshes the next focus baseline (2.0s)
  ✓   56 [webkit] › tests/e2e/s1-local-storage.spec.ts:147:46 › A: empty production pull after peer completed refreshes the next focus baseline (1.9s)
  ✓   55 [chromium] › tests/e2e/s1-local-storage.spec.ts:259:1 › E: real grouped completion and an independent note edit remain queued (2.1s)
  ✓   58 [chromium] › tests/e2e/s1-local-storage.spec.ts:292:56 › D: real IndexedDB inbound retains before/during/after intent (355ms)
  ✓   57 [webkit] › tests/e2e/s1-local-storage.spec.ts:202:1 › C: account switch and unmount retire old React callbacks without creating actions (735ms)
  ✓   59 [chromium] › tests/e2e/s1-local-storage.spec.ts:292:56 › D: real IndexedDB reconciliation retains before/during/after intent (341ms)
  ✓   61 [chromium] › tests/e2e/s1-local-storage.spec.ts:339:1 › B: real IndexedDB metadata writers preserve a queued independent transaction and exact receipts (378ms)
  ✓   62 [chromium] › tests/e2e/s1-local-storage.spec.ts:399:42 › F: real browser unavailable IndexedDB preserves cursor and WAL, mirror fault=false (199ms)
  ✓   63 [chromium] › tests/e2e/s1-local-storage.spec.ts:399:42 › F: real browser unavailable IndexedDB preserves cursor and WAL, mirror fault=true (204ms)
  ✓   64 [chromium] › tests/e2e/s1-local-storage.spec.ts:427:1 › G: equal-count WAL replacement in another page invalidates content and stays idempotent (549ms)
  ✓   60 [webkit] › tests/e2e/s1-local-storage.spec.ts:219:1 › visibility: missed hints and absent BroadcastChannel recover on resume (1.6s)
  ✓   66 [webkit] › tests/e2e/s1-local-storage.spec.ts:240:1 › status: an obsolete async commit read cannot overwrite a newer permanent error (618ms)
  ✓   65 [chromium] › tests/e2e/s1-local-storage.spec.ts:453:1 › note capture failure preserves editable text and exposes the failure at the editor (987ms)
  ✓   68 [chromium] › tests/e2e/s1-local-storage.spec.ts:473:1 › bootstrap: two simultaneous real app hydrations import one legacy plan without duplicate actions (656ms)
(node:28299) Warning: The 'NO_COLOR' env is ignored due to the 'FORCE_COLOR' env being set.
(Use `node --trace-warnings ...` to show where the warning was created)
  ✓   67 [webkit] › tests/e2e/s1-local-storage.spec.ts:259:1 › E: real grouped completion and an independent note edit remain queued (2.9s)
  ✓   69 [webkit] › tests/e2e/s1-local-storage.spec.ts:24:1 › A/E: one profile, two real app tabs observe committed tasks without reload or cloud pull (1.8s)
  ✓   70 [webkit] › tests/e2e/s1-local-storage.spec.ts:292:56 › D: real IndexedDB inbound retains before/during/after intent (607ms)
  ✓   71 [webkit] › tests/e2e/s1-local-storage.spec.ts:36:1 › C: releasing an obsolete React debounce after remote hydration creates no action (699ms)
  ✓   72 [webkit] › tests/e2e/s1-local-storage.spec.ts:292:56 › D: real IndexedDB reconciliation retains before/during/after intent (636ms)
  ✓   74 [webkit] › tests/e2e/s1-local-storage.spec.ts:339:1 › B: real IndexedDB metadata writers preserve a queued independent transaction and exact receipts (682ms)
  ✓   75 [webkit] › tests/e2e/s1-local-storage.spec.ts:399:42 › F: real browser unavailable IndexedDB preserves cursor and WAL, mirror fault=false (428ms)
  ✓   76 [webkit] › tests/e2e/s1-local-storage.spec.ts:399:42 › F: real browser unavailable IndexedDB preserves cursor and WAL, mirror fault=true (477ms)
  ✓   73 [webkit] › tests/e2e/s1-local-storage.spec.ts:63:1 › A: paused peer focus reaches rendered refs; ticks and empty peer hints create no actions (2.1s)
  ✓   77 [webkit] › tests/e2e/s1-local-storage.spec.ts:427:1 › G: equal-count WAL replacement in another page invalidates content and stays idempotent (1.0s)
  ✓   78 [webkit] › tests/e2e/s1-local-storage.spec.ts:103:1 › capture failure preserves editable task input and reports the local failure (1.0s)
  ✓   79 [webkit] › tests/e2e/s1-local-storage.spec.ts:453:1 › note capture failure preserves editable text and exposes the failure at the editor (1.2s)
  ✓   80 [webkit] › tests/e2e/s1-local-storage.spec.ts:122:1 › dirty note text survives peer hydration and wrong-account success hints (1.8s)
  ✓   81 [webkit] › tests/e2e/s1-local-storage.spec.ts:473:1 › bootstrap: two simultaneous real app hydrations import one legacy plan without duplicate actions (1.1s)
(node:28369) Warning: The 'NO_COLOR' env is ignored due to the 'FORCE_COLOR' env being set.
(Use `node --trace-warnings ...` to show where the warning was created)
  ✓   82 [webkit] › tests/e2e/s1-local-storage.spec.ts:147:46 › A: empty production pull after peer paused refreshes the next focus baseline (1.9s)
  ✓   83 [webkit] › tests/e2e/s1-local-storage.spec.ts:24:1 › A/E: one profile, two real app tabs observe committed tasks without reload or cloud pull (1.8s)
  ✓   85 [webkit] › tests/e2e/s1-local-storage.spec.ts:36:1 › C: releasing an obsolete React debounce after remote hydration creates no action (834ms)
  ✓   84 [webkit] › tests/e2e/s1-local-storage.spec.ts:147:46 › A: empty production pull after peer completed refreshes the next focus baseline (2.1s)
  ✓   87 [webkit] › tests/e2e/s1-local-storage.spec.ts:202:1 › C: account switch and unmount retire old React callbacks without creating actions (689ms)
  ✓   86 [webkit] › tests/e2e/s1-local-storage.spec.ts:63:1 › A: paused peer focus reaches rendered refs; ticks and empty peer hints create no actions (2.1s)
  ✓   88 [webkit] › tests/e2e/s1-local-storage.spec.ts:219:1 › visibility: missed hints and absent BroadcastChannel recover on resume (1.5s)
  ✓   89 [webkit] › tests/e2e/s1-local-storage.spec.ts:103:1 › capture failure preserves editable task input and reports the local failure (1.0s)
  ✓   90 [webkit] › tests/e2e/s1-local-storage.spec.ts:240:1 › status: an obsolete async commit read cannot overwrite a newer permanent error (580ms)
  ✓   91 [webkit] › tests/e2e/s1-local-storage.spec.ts:122:1 › dirty note text survives peer hydration and wrong-account success hints (1.7s)
  ✓   92 [webkit] › tests/e2e/s1-local-storage.spec.ts:259:1 › E: real grouped completion and an independent note edit remain queued (2.8s)
  ✓   93 [webkit] › tests/e2e/s1-local-storage.spec.ts:147:46 › A: empty production pull after peer paused refreshes the next focus baseline (1.9s)
  ✓   94 [webkit] › tests/e2e/s1-local-storage.spec.ts:292:56 › D: real IndexedDB inbound retains before/during/after intent (679ms)
  ✓   96 [webkit] › tests/e2e/s1-local-storage.spec.ts:292:56 › D: real IndexedDB reconciliation retains before/during/after intent (585ms)
  ✓   97 [webkit] › tests/e2e/s1-local-storage.spec.ts:339:1 › B: real IndexedDB metadata writers preserve a queued independent transaction and exact receipts (645ms)
  ✓   98 [webkit] › tests/e2e/s1-local-storage.spec.ts:399:42 › F: real browser unavailable IndexedDB preserves cursor and WAL, mirror fault=false (434ms)
  ✓   95 [webkit] › tests/e2e/s1-local-storage.spec.ts:147:46 › A: empty production pull after peer completed refreshes the next focus baseline (1.9s)
  ✓   99 [webkit] › tests/e2e/s1-local-storage.spec.ts:399:42 › F: real browser unavailable IndexedDB preserves cursor and WAL, mirror fault=true (413ms)
  ✓  100 [webkit] › tests/e2e/s1-local-storage.spec.ts:202:1 › C: account switch and unmount retire old React callbacks without creating actions (727ms)
  ✓  101 [webkit] › tests/e2e/s1-local-storage.spec.ts:427:1 › G: equal-count WAL replacement in another page invalidates content and stays idempotent (1.0s)
  ✓  102 [webkit] › tests/e2e/s1-local-storage.spec.ts:219:1 › visibility: missed hints and absent BroadcastChannel recover on resume (1.6s)
  ✓  103 [webkit] › tests/e2e/s1-local-storage.spec.ts:453:1 › note capture failure preserves editable text and exposes the failure at the editor (1.3s)
  ✓  104 [webkit] › tests/e2e/s1-local-storage.spec.ts:240:1 › status: an obsolete async commit read cannot overwrite a newer permanent error (607ms)
  ✓  105 [webkit] › tests/e2e/s1-local-storage.spec.ts:473:1 › bootstrap: two simultaneous real app hydrations import one legacy plan without duplicate actions (1.1s)
  ✓  106 [webkit] › tests/e2e/s1-local-storage.spec.ts:259:1 › E: real grouped completion and an independent note edit remain queued (2.6s)
  ✓  107 [webkit] › tests/e2e/s1-local-storage.spec.ts:292:56 › D: real IndexedDB inbound retains before/during/after intent (571ms)
  ✓  108 [webkit] › tests/e2e/s1-local-storage.spec.ts:292:56 › D: real IndexedDB reconciliation retains before/during/after intent (580ms)
  ✓  109 [webkit] › tests/e2e/s1-local-storage.spec.ts:339:1 › B: real IndexedDB metadata writers preserve a queued independent transaction and exact receipts (587ms)
  ✓  110 [webkit] › tests/e2e/s1-local-storage.spec.ts:399:42 › F: real browser unavailable IndexedDB preserves cursor and WAL, mirror fault=false (369ms)
  ✓  111 [webkit] › tests/e2e/s1-local-storage.spec.ts:399:42 › F: real browser unavailable IndexedDB preserves cursor and WAL, mirror fault=true (370ms)
  ✓  112 [webkit] › tests/e2e/s1-local-storage.spec.ts:427:1 › G: equal-count WAL replacement in another page invalidates content and stays idempotent (913ms)
  ✓  113 [webkit] › tests/e2e/s1-local-storage.spec.ts:453:1 › note capture failure preserves editable text and exposes the failure at the editor (1.2s)
  ✓  114 [webkit] › tests/e2e/s1-local-storage.spec.ts:473:1 › bootstrap: two simultaneous real app hydrations import one legacy plan without duplicate actions (1.0s)

  114 passed (1.2m)
