
> tsurfing@0.4.0-beta.1 test:e2e
> playwright test

[WebServer] (node:30174) Warning: The 'NO_COLOR' env is ignored due to the 'FORCE_COLOR' env being set.
[WebServer] (Use `node --trace-warnings ...` to show where the warning was created)
[WebServer] 
[WebServer]   dist/server/index.mjs        167.0kb
[WebServer]   dist/server/maintenance.mjs   18.6kb
[WebServer] 
[WebServer] ⚡ Done in 10ms
[WebServer] {"level":"error","event":"server.production_configuration_invalid","problems":["public_origin_must_use_https","supabase_url_missing","supabase_public_key_missing","supabase_server_key_missing","owner_user_id_missing"]}
[WebServer] (node:30248) Warning: The 'NO_COLOR' env is ignored due to the 'FORCE_COLOR' env being set.
[WebServer] (Use `node --trace-warnings ...` to show where the warning was created)

Running 64 tests using 2 workers

(node:30256) Warning: The 'NO_COLOR' env is ignored due to the 'FORCE_COLOR' env being set.
(Use `node --trace-warnings ...` to show where the warning was created)
(node:30255) Warning: The 'NO_COLOR' env is ignored due to the 'FORCE_COLOR' env being set.
(Use `node --trace-warnings ...` to show where the warning was created)
  ✓   1 [chromium] › tests/e2e/auth-focus.spec.ts:45:1 › repeated sign-in, token refresh and focus retain view and draft, including slow and offline validation (708ms)
  ✓   3 [chromium] › tests/e2e/auth-focus.spec.ts:62:1 › revocation removes the app (417ms)
  ✓   4 [chromium] › tests/e2e/auth-focus.spec.ts:67:1 › new login for the same user must pass MFA again (388ms)
  ✓   2 [chromium] › tests/e2e/s1-local-storage.spec.ts:24:1 › A/E: one profile, two real app tabs observe committed tasks without reload or cloud pull (1.7s)
  ✓   5 [chromium] › tests/e2e/auth-focus.spec.ts:72:1 › MFA downgrade must pass the gate again (405ms)
  ✓   6 [chromium] › tests/e2e/s1-local-storage.spec.ts:36:1 › C: releasing an obsolete React debounce after remote hydration creates no action (400ms)
  ✓   7 [chromium] › tests/e2e/auth-focus.spec.ts:76:1 › sign-out invalidates pending validation (402ms)
  ✓   9 [chromium] › tests/e2e/startup-recovery.spec.ts:10:1 › reload recovers a divergent pending task without overwriting either edit (676ms)
  ✓  10 [chromium] › tests/e2e/startup-recovery.spec.ts:47:1 › unreadable saved data shows a retry screen instead of an endless spinner (473ms)
  ✓   8 [chromium] › tests/e2e/s1-local-storage.spec.ts:63:1 › A: paused peer focus reaches rendered refs; ticks and empty peer hints create no actions (1.5s)
  ✓  12 [chromium] › tests/e2e/s1-local-storage.spec.ts:103:1 › capture failure preserves editable task input and reports the local failure (725ms)
  ✓  11 [chromium] › tests/e2e/web-critical.spec.ts:100:3 › web-critical — deterministic visible UI journey › capture, schedule, reorder, confirm, complete, and reload persist exactly (1.6s)
  ✓  14 [chromium] › tests/e2e/web-critical.spec.ts:145:3 › web-critical — deterministic visible UI journey › service worker controls the app and supported offline behavior is durable (611ms)
  ✓  13 [chromium] › tests/e2e/s1-local-storage.spec.ts:122:1 › dirty note text survives peer hydration and wrong-account success hints (1.4s)
  ✓  15 [chromium] › tests/e2e/web-critical.spec.ts:187:3 › web-critical — deterministic visible UI journey › saved tasks are isolated between browser profiles (1.4s)
  ✓  16 [chromium] › tests/e2e/s1-local-storage.spec.ts:147:46 › A: empty production pull after peer paused refreshes the next focus baseline (1.6s)
  ✓  17 [chromium] › tests/e2e/web-critical.spec.ts:205:3 › web-critical — deterministic visible UI journey › manifest, service worker, and required icons are served (436ms)
  ✓  19 [chromium] › tests/e2e/web-critical.spec.ts:233:1 › natural-language capture previews and persists month planning (701ms)
(node:30446) Warning: The 'NO_COLOR' env is ignored due to the 'FORCE_COLOR' env being set.
(Use `node --trace-warnings ...` to show where the warning was created)
  ✓  18 [chromium] › tests/e2e/s1-local-storage.spec.ts:147:46 › A: empty production pull after peer completed refreshes the next focus baseline (1.4s)
  ✓  20 [chromium] › tests/e2e/s1-local-storage.spec.ts:202:1 › C: account switch and unmount retire old React callbacks without creating actions (396ms)
  ✓  22 [chromium] › tests/e2e/s1-local-storage.spec.ts:219:1 › visibility: missed hints and absent BroadcastChannel recover on resume (1.1s)
  ✓  21 [webkit] › tests/e2e/auth-focus.spec.ts:45:1 › repeated sign-in, token refresh and focus retain view and draft, including slow and offline validation (1.3s)
  ✓  23 [chromium] › tests/e2e/s1-local-storage.spec.ts:240:1 › status: an obsolete async commit read cannot overwrite a newer permanent error (366ms)
  ✓  24 [webkit] › tests/e2e/auth-focus.spec.ts:62:1 › revocation removes the app (580ms)
  ✓  26 [webkit] › tests/e2e/auth-focus.spec.ts:67:1 › new login for the same user must pass MFA again (484ms)
  ✓  27 [webkit] › tests/e2e/auth-focus.spec.ts:72:1 › MFA downgrade must pass the gate again (479ms)
  ✓  25 [chromium] › tests/e2e/s1-local-storage.spec.ts:259:1 › E: real grouped completion and an independent note edit remain queued (1.7s)
  ✓  28 [webkit] › tests/e2e/auth-focus.spec.ts:76:1 › sign-out invalidates pending validation (525ms)
  ✓  29 [chromium] › tests/e2e/s1-local-storage.spec.ts:292:56 › D: real IndexedDB inbound retains before/during/after intent (356ms)
  ✓  31 [chromium] › tests/e2e/s1-local-storage.spec.ts:292:56 › D: real IndexedDB reconciliation retains before/during/after intent (352ms)
  ✓  32 [chromium] › tests/e2e/s1-local-storage.spec.ts:339:1 › B: real IndexedDB metadata writers preserve a queued independent transaction and exact receipts (411ms)
  ✓  33 [chromium] › tests/e2e/s1-local-storage.spec.ts:399:42 › F: real browser unavailable IndexedDB preserves cursor and WAL, mirror fault=false (197ms)
  ✓  34 [chromium] › tests/e2e/s1-local-storage.spec.ts:399:42 › F: real browser unavailable IndexedDB preserves cursor and WAL, mirror fault=true (231ms)
  ✓  35 [chromium] › tests/e2e/s1-local-storage.spec.ts:427:1 › G: equal-count WAL replacement in another page invalidates content and stays idempotent (603ms)
  ✓  30 [webkit] › tests/e2e/s1-local-storage.spec.ts:24:1 › A/E: one profile, two real app tabs observe committed tasks without reload or cloud pull (2.1s)
  ✓  37 [webkit] › tests/e2e/s1-local-storage.spec.ts:36:1 › C: releasing an obsolete React debounce after remote hydration creates no action (880ms)
  ✓  36 [chromium] › tests/e2e/s1-local-storage.spec.ts:453:1 › note capture failure preserves editable text and exposes the failure at the editor (957ms)
  ✓  39 [chromium] › tests/e2e/s1-local-storage.spec.ts:473:1 › bootstrap: two simultaneous real app hydrations import one legacy plan without duplicate actions (556ms)
  ✓  40 [chromium] › tests/e2e/s1-local-storage.spec.ts:497:1 › local retry: a captured action commits after storage recovery without a cloud client (801ms)
(node:30581) Warning: The 'NO_COLOR' env is ignored due to the 'FORCE_COLOR' env being set.
(Use `node --trace-warnings ...` to show where the warning was created)
  ✓  38 [webkit] › tests/e2e/s1-local-storage.spec.ts:63:1 › A: paused peer focus reaches rendered refs; ticks and empty peer hints create no actions (2.4s)
  ✓  41 [webkit] › tests/e2e/startup-recovery.spec.ts:10:1 › reload recovers a divergent pending task without overwriting either edit (1.1s)
  ✓  42 [webkit] › tests/e2e/s1-local-storage.spec.ts:103:1 › capture failure preserves editable task input and reports the local failure (1.2s)
  ✓  43 [webkit] › tests/e2e/startup-recovery.spec.ts:47:1 › unreadable saved data shows a retry screen instead of an endless spinner (841ms)
  ✓  44 [webkit] › tests/e2e/s1-local-storage.spec.ts:122:1 › dirty note text survives peer hydration and wrong-account success hints (2.0s)
  ✓  45 [webkit] › tests/e2e/web-critical.spec.ts:100:3 › web-critical — deterministic visible UI journey › capture, schedule, reorder, confirm, complete, and reload persist exactly (2.7s)
  ✓  46 [webkit] › tests/e2e/s1-local-storage.spec.ts:147:46 › A: empty production pull after peer paused refreshes the next focus baseline (2.2s)
  ✓  47 [webkit] › tests/e2e/web-critical.spec.ts:145:3 › web-critical — deterministic visible UI journey › service worker controls the app and supported offline behavior is durable (1.8s)
  ✓  48 [webkit] › tests/e2e/s1-local-storage.spec.ts:147:46 › A: empty production pull after peer completed refreshes the next focus baseline (2.1s)
  ✓  50 [webkit] › tests/e2e/s1-local-storage.spec.ts:202:1 › C: account switch and unmount retire old React callbacks without creating actions (882ms)
  ✓  49 [webkit] › tests/e2e/web-critical.spec.ts:187:3 › web-critical — deterministic visible UI journey › saved tasks are isolated between browser profiles (2.5s)
  ✓  52 [webkit] › tests/e2e/web-critical.spec.ts:205:3 › web-critical — deterministic visible UI journey › manifest, service worker, and required icons are served (730ms)
  ✓  51 [webkit] › tests/e2e/s1-local-storage.spec.ts:219:1 › visibility: missed hints and absent BroadcastChannel recover on resume (1.8s)
  ✓  53 [webkit] › tests/e2e/web-critical.spec.ts:233:1 › natural-language capture previews and persists month planning (1.1s)
  ✓  54 [webkit] › tests/e2e/s1-local-storage.spec.ts:240:1 › status: an obsolete async commit read cannot overwrite a newer permanent error (714ms)
  ✓  55 [webkit] › tests/e2e/s1-local-storage.spec.ts:259:1 › E: real grouped completion and an independent note edit remain queued (2.8s)
  ✓  56 [webkit] › tests/e2e/s1-local-storage.spec.ts:292:56 › D: real IndexedDB inbound retains before/during/after intent (734ms)
  ✓  57 [webkit] › tests/e2e/s1-local-storage.spec.ts:292:56 › D: real IndexedDB reconciliation retains before/during/after intent (719ms)
  ✓  58 [webkit] › tests/e2e/s1-local-storage.spec.ts:339:1 › B: real IndexedDB metadata writers preserve a queued independent transaction and exact receipts (691ms)
  ✓  59 [webkit] › tests/e2e/s1-local-storage.spec.ts:399:42 › F: real browser unavailable IndexedDB preserves cursor and WAL, mirror fault=false (523ms)
  ✓  60 [webkit] › tests/e2e/s1-local-storage.spec.ts:399:42 › F: real browser unavailable IndexedDB preserves cursor and WAL, mirror fault=true (505ms)
  ✓  61 [webkit] › tests/e2e/s1-local-storage.spec.ts:427:1 › G: equal-count WAL replacement in another page invalidates content and stays idempotent (1.3s)
  ✓  62 [webkit] › tests/e2e/s1-local-storage.spec.ts:453:1 › note capture failure preserves editable text and exposes the failure at the editor (1.3s)
  ✓  63 [webkit] › tests/e2e/s1-local-storage.spec.ts:473:1 › bootstrap: two simultaneous real app hydrations import one legacy plan without duplicate actions (1.1s)
  ✓  64 [webkit] › tests/e2e/s1-local-storage.spec.ts:497:1 › local retry: a captured action commits after storage recovery without a cloud client (1.2s)

  64 passed (44.4s)
