
> tsurfing@0.4.0-beta.1 test:s1:browser
> playwright test --config playwright.s1.config.ts --repeat-each=3

[WebServer] (node:30788) Warning: The 'NO_COLOR' env is ignored due to the 'FORCE_COLOR' env being set.
[WebServer] (Use `node --trace-warnings ...` to show where the warning was created)
[WebServer] 
[WebServer] (!) Some chunks are larger than 500 kB after minification. Consider:
[WebServer] - Using dynamic import() to code-split the application
[WebServer] - Use build.rollupOptions.output.manualChunks to improve chunking: https://rollupjs.org/configuration-options/#output-manualchunks
[WebServer] - Adjust chunk size limit for this warning via build.chunkSizeWarningLimit.
[WebServer] (node:30821) Warning: The 'NO_COLOR' env is ignored due to the 'FORCE_COLOR' env being set.
[WebServer] (Use `node --trace-warnings ...` to show where the warning was created)
[WebServer] (node:30854) Warning: The 'NO_COLOR' env is ignored due to the 'FORCE_COLOR' env being set.
[WebServer] (Use `node --trace-warnings ...` to show where the warning was created)

Running 120 tests using 2 workers

(node:30857) Warning: The 'NO_COLOR' env is ignored due to the 'FORCE_COLOR' env being set.
(Use `node --trace-warnings ...` to show where the warning was created)
(node:30858) Warning: The 'NO_COLOR' env is ignored due to the 'FORCE_COLOR' env being set.
(Use `node --trace-warnings ...` to show where the warning was created)
  ✓    1 [chromium] › tests/e2e/s1-local-storage.spec.ts:24:1 › A/E: one profile, two real app tabs observe committed tasks without reload or cloud pull (1.7s)
  ✓    2 [chromium] › tests/e2e/s1-local-storage.spec.ts:24:1 › A/E: one profile, two real app tabs observe committed tasks without reload or cloud pull (1.8s)
  ✓    3 [chromium] › tests/e2e/s1-local-storage.spec.ts:36:1 › C: releasing an obsolete React debounce after remote hydration creates no action (451ms)
  ✓    4 [chromium] › tests/e2e/s1-local-storage.spec.ts:36:1 › C: releasing an obsolete React debounce after remote hydration creates no action (456ms)
  ✓    5 [chromium] › tests/e2e/s1-local-storage.spec.ts:63:1 › A: paused peer focus reaches rendered refs; ticks and empty peer hints create no actions (1.6s)
  ✓    6 [chromium] › tests/e2e/s1-local-storage.spec.ts:63:1 › A: paused peer focus reaches rendered refs; ticks and empty peer hints create no actions (1.7s)
  ✓    8 [chromium] › tests/e2e/s1-local-storage.spec.ts:103:1 › capture failure preserves editable task input and reports the local failure (677ms)
  ✓    7 [chromium] › tests/e2e/s1-local-storage.spec.ts:103:1 › capture failure preserves editable task input and reports the local failure (795ms)
  ✓   10 [chromium] › tests/e2e/s1-local-storage.spec.ts:122:1 › dirty note text survives peer hydration and wrong-account success hints (1.3s)
  ✓    9 [chromium] › tests/e2e/s1-local-storage.spec.ts:122:1 › dirty note text survives peer hydration and wrong-account success hints (1.4s)
  ✓   11 [chromium] › tests/e2e/s1-local-storage.spec.ts:147:46 › A: empty production pull after peer paused refreshes the next focus baseline (1.5s)
  ✓   12 [chromium] › tests/e2e/s1-local-storage.spec.ts:147:46 › A: empty production pull after peer paused refreshes the next focus baseline (1.5s)
  ✓   13 [chromium] › tests/e2e/s1-local-storage.spec.ts:147:46 › A: empty production pull after peer completed refreshes the next focus baseline (1.3s)
  ✓   14 [chromium] › tests/e2e/s1-local-storage.spec.ts:147:46 › A: empty production pull after peer completed refreshes the next focus baseline (1.4s)
  ✓   15 [chromium] › tests/e2e/s1-local-storage.spec.ts:202:1 › C: account switch and unmount retire old React callbacks without creating actions (414ms)
  ✓   16 [chromium] › tests/e2e/s1-local-storage.spec.ts:202:1 › C: account switch and unmount retire old React callbacks without creating actions (429ms)
  ✓   17 [chromium] › tests/e2e/s1-local-storage.spec.ts:219:1 › visibility: missed hints and absent BroadcastChannel recover on resume (1.1s)
  ✓   18 [chromium] › tests/e2e/s1-local-storage.spec.ts:219:1 › visibility: missed hints and absent BroadcastChannel recover on resume (1.1s)
  ✓   19 [chromium] › tests/e2e/s1-local-storage.spec.ts:240:1 › status: an obsolete async commit read cannot overwrite a newer permanent error (377ms)
  ✓   20 [chromium] › tests/e2e/s1-local-storage.spec.ts:240:1 › status: an obsolete async commit read cannot overwrite a newer permanent error (361ms)
  ✓   22 [chromium] › tests/e2e/s1-local-storage.spec.ts:259:1 › E: real grouped completion and an independent note edit remain queued (1.7s)
  ✓   23 [chromium] › tests/e2e/s1-local-storage.spec.ts:292:56 › D: real IndexedDB inbound retains before/during/after intent (340ms)
  ✓   21 [chromium] › tests/e2e/s1-local-storage.spec.ts:259:1 › E: real grouped completion and an independent note edit remain queued (2.3s)
  ✓   24 [chromium] › tests/e2e/s1-local-storage.spec.ts:292:56 › D: real IndexedDB reconciliation retains before/during/after intent (366ms)
  ✓   25 [chromium] › tests/e2e/s1-local-storage.spec.ts:292:56 › D: real IndexedDB inbound retains before/during/after intent (360ms)
  ✓   26 [chromium] › tests/e2e/s1-local-storage.spec.ts:339:1 › B: real IndexedDB metadata writers preserve a queued independent transaction and exact receipts (365ms)
  ✓   27 [chromium] › tests/e2e/s1-local-storage.spec.ts:292:56 › D: real IndexedDB reconciliation retains before/during/after intent (359ms)
  ✓   28 [chromium] › tests/e2e/s1-local-storage.spec.ts:399:42 › F: real browser unavailable IndexedDB preserves cursor and WAL, mirror fault=false (234ms)
  ✓   29 [chromium] › tests/e2e/s1-local-storage.spec.ts:339:1 › B: real IndexedDB metadata writers preserve a queued independent transaction and exact receipts (348ms)
  ✓   30 [chromium] › tests/e2e/s1-local-storage.spec.ts:399:42 › F: real browser unavailable IndexedDB preserves cursor and WAL, mirror fault=true (212ms)
  ✓   31 [chromium] › tests/e2e/s1-local-storage.spec.ts:399:42 › F: real browser unavailable IndexedDB preserves cursor and WAL, mirror fault=false (207ms)
  ✓   33 [chromium] › tests/e2e/s1-local-storage.spec.ts:399:42 › F: real browser unavailable IndexedDB preserves cursor and WAL, mirror fault=true (231ms)
  ✓   32 [chromium] › tests/e2e/s1-local-storage.spec.ts:427:1 › G: equal-count WAL replacement in another page invalidates content and stays idempotent (562ms)
  ✓   34 [chromium] › tests/e2e/s1-local-storage.spec.ts:427:1 › G: equal-count WAL replacement in another page invalidates content and stays idempotent (607ms)
  ✓   35 [chromium] › tests/e2e/s1-local-storage.spec.ts:453:1 › note capture failure preserves editable text and exposes the failure at the editor (997ms)
  ✓   36 [chromium] › tests/e2e/s1-local-storage.spec.ts:453:1 › note capture failure preserves editable text and exposes the failure at the editor (1.0s)
  ✓   37 [chromium] › tests/e2e/s1-local-storage.spec.ts:473:1 › bootstrap: two simultaneous real app hydrations import one legacy plan without duplicate actions (568ms)
  ✓   38 [chromium] › tests/e2e/s1-local-storage.spec.ts:473:1 › bootstrap: two simultaneous real app hydrations import one legacy plan without duplicate actions (590ms)
  ✓   39 [chromium] › tests/e2e/s1-local-storage.spec.ts:497:1 › local retry: a captured action commits after storage recovery without a cloud client (863ms)
(node:31044) Warning: The 'NO_COLOR' env is ignored due to the 'FORCE_COLOR' env being set.
(Use `node --trace-warnings ...` to show where the warning was created)
  ✓   40 [chromium] › tests/e2e/s1-local-storage.spec.ts:497:1 › local retry: a captured action commits after storage recovery without a cloud client (853ms)
(node:31046) Warning: The 'NO_COLOR' env is ignored due to the 'FORCE_COLOR' env being set.
(Use `node --trace-warnings ...` to show where the warning was created)
  ✓   41 [chromium] › tests/e2e/s1-local-storage.spec.ts:24:1 › A/E: one profile, two real app tabs observe committed tasks without reload or cloud pull (1.2s)
  ✓   43 [chromium] › tests/e2e/s1-local-storage.spec.ts:36:1 › C: releasing an obsolete React debounce after remote hydration creates no action (406ms)
  ✓   42 [webkit] › tests/e2e/s1-local-storage.spec.ts:24:1 › A/E: one profile, two real app tabs observe committed tasks without reload or cloud pull (2.2s)
  ✓   44 [chromium] › tests/e2e/s1-local-storage.spec.ts:63:1 › A: paused peer focus reaches rendered refs; ticks and empty peer hints create no actions (1.6s)
  ✓   45 [webkit] › tests/e2e/s1-local-storage.spec.ts:36:1 › C: releasing an obsolete React debounce after remote hydration creates no action (725ms)
  ✓   46 [chromium] › tests/e2e/s1-local-storage.spec.ts:103:1 › capture failure preserves editable task input and reports the local failure (671ms)
  ✓   48 [chromium] › tests/e2e/s1-local-storage.spec.ts:122:1 › dirty note text survives peer hydration and wrong-account success hints (1.4s)
  ✓   47 [webkit] › tests/e2e/s1-local-storage.spec.ts:63:1 › A: paused peer focus reaches rendered refs; ticks and empty peer hints create no actions (2.0s)
  ✓   50 [webkit] › tests/e2e/s1-local-storage.spec.ts:103:1 › capture failure preserves editable task input and reports the local failure (1.0s)
  ✓   49 [chromium] › tests/e2e/s1-local-storage.spec.ts:147:46 › A: empty production pull after peer paused refreshes the next focus baseline (1.5s)
  ✓   52 [chromium] › tests/e2e/s1-local-storage.spec.ts:147:46 › A: empty production pull after peer completed refreshes the next focus baseline (1.4s)
  ✓   51 [webkit] › tests/e2e/s1-local-storage.spec.ts:122:1 › dirty note text survives peer hydration and wrong-account success hints (1.8s)
  ✓   53 [chromium] › tests/e2e/s1-local-storage.spec.ts:202:1 › C: account switch and unmount retire old React callbacks without creating actions (411ms)
  ✓   55 [chromium] › tests/e2e/s1-local-storage.spec.ts:219:1 › visibility: missed hints and absent BroadcastChannel recover on resume (1.0s)
  ✓   56 [chromium] › tests/e2e/s1-local-storage.spec.ts:240:1 › status: an obsolete async commit read cannot overwrite a newer permanent error (364ms)
  ✓   54 [webkit] › tests/e2e/s1-local-storage.spec.ts:147:46 › A: empty production pull after peer paused refreshes the next focus baseline (2.0s)
  ✓   57 [chromium] › tests/e2e/s1-local-storage.spec.ts:259:1 › E: real grouped completion and an independent note edit remain queued (2.2s)
  ✓   58 [webkit] › tests/e2e/s1-local-storage.spec.ts:147:46 › A: empty production pull after peer completed refreshes the next focus baseline (1.9s)
  ✓   59 [chromium] › tests/e2e/s1-local-storage.spec.ts:292:56 › D: real IndexedDB inbound retains before/during/after intent (356ms)
  ✓   61 [chromium] › tests/e2e/s1-local-storage.spec.ts:292:56 › D: real IndexedDB reconciliation retains before/during/after intent (352ms)
  ✓   60 [webkit] › tests/e2e/s1-local-storage.spec.ts:202:1 › C: account switch and unmount retire old React callbacks without creating actions (806ms)
  ✓   62 [chromium] › tests/e2e/s1-local-storage.spec.ts:339:1 › B: real IndexedDB metadata writers preserve a queued independent transaction and exact receipts (363ms)
  ✓   64 [chromium] › tests/e2e/s1-local-storage.spec.ts:399:42 › F: real browser unavailable IndexedDB preserves cursor and WAL, mirror fault=false (189ms)
  ✓   65 [chromium] › tests/e2e/s1-local-storage.spec.ts:399:42 › F: real browser unavailable IndexedDB preserves cursor and WAL, mirror fault=true (209ms)
  ✓   66 [chromium] › tests/e2e/s1-local-storage.spec.ts:427:1 › G: equal-count WAL replacement in another page invalidates content and stays idempotent (591ms)
  ✓   67 [chromium] › tests/e2e/s1-local-storage.spec.ts:453:1 › note capture failure preserves editable text and exposes the failure at the editor (889ms)
  ✓   68 [chromium] › tests/e2e/s1-local-storage.spec.ts:473:1 › bootstrap: two simultaneous real app hydrations import one legacy plan without duplicate actions (509ms)
  ✓   69 [chromium] › tests/e2e/s1-local-storage.spec.ts:497:1 › local retry: a captured action commits after storage recovery without a cloud client (754ms)
(node:31198) Warning: The 'NO_COLOR' env is ignored due to the 'FORCE_COLOR' env being set.
(Use `node --trace-warnings ...` to show where the warning was created)
  ✓   70 [webkit] › tests/e2e/s1-local-storage.spec.ts:24:1 › A/E: one profile, two real app tabs observe committed tasks without reload or cloud pull (1.9s)
  ✓   71 [webkit] › tests/e2e/s1-local-storage.spec.ts:36:1 › C: releasing an obsolete React debounce after remote hydration creates no action (654ms)
  ✓   72 [webkit] › tests/e2e/s1-local-storage.spec.ts:63:1 › A: paused peer focus reaches rendered refs; ticks and empty peer hints create no actions (1.9s)
  ✘   63 [webkit] › tests/e2e/s1-local-storage.spec.ts:219:1 › visibility: missed hints and absent BroadcastChannel recover on resume (8.4s)
(node:31235) Warning: The 'NO_COLOR' env is ignored due to the 'FORCE_COLOR' env being set.
(Use `node --trace-warnings ...` to show where the warning was created)
  ✓   73 [webkit] › tests/e2e/s1-local-storage.spec.ts:103:1 › capture failure preserves editable task input and reports the local failure (965ms)
  ✓   74 [webkit] › tests/e2e/s1-local-storage.spec.ts:240:1 › status: an obsolete async commit read cannot overwrite a newer permanent error (919ms)
  ✓   75 [webkit] › tests/e2e/s1-local-storage.spec.ts:122:1 › dirty note text survives peer hydration and wrong-account success hints (1.8s)
  ✓   76 [webkit] › tests/e2e/s1-local-storage.spec.ts:259:1 › E: real grouped completion and an independent note edit remain queued (2.9s)
  ✓   77 [webkit] › tests/e2e/s1-local-storage.spec.ts:147:46 › A: empty production pull after peer paused refreshes the next focus baseline (1.9s)
  ✓   78 [webkit] › tests/e2e/s1-local-storage.spec.ts:292:56 › D: real IndexedDB inbound retains before/during/after intent (670ms)
  ✓   80 [webkit] › tests/e2e/s1-local-storage.spec.ts:292:56 › D: real IndexedDB reconciliation retains before/during/after intent (592ms)
  ✓   81 [webkit] › tests/e2e/s1-local-storage.spec.ts:339:1 › B: real IndexedDB metadata writers preserve a queued independent transaction and exact receipts (998ms)
  ✓   79 [webkit] › tests/e2e/s1-local-storage.spec.ts:147:46 › A: empty production pull after peer completed refreshes the next focus baseline (2.3s)
  ✓   82 [webkit] › tests/e2e/s1-local-storage.spec.ts:399:42 › F: real browser unavailable IndexedDB preserves cursor and WAL, mirror fault=false (441ms)
  ✓   83 [webkit] › tests/e2e/s1-local-storage.spec.ts:202:1 › C: account switch and unmount retire old React callbacks without creating actions (689ms)
  ✓   84 [webkit] › tests/e2e/s1-local-storage.spec.ts:399:42 › F: real browser unavailable IndexedDB preserves cursor and WAL, mirror fault=true (441ms)
  ✓   86 [webkit] › tests/e2e/s1-local-storage.spec.ts:427:1 › G: equal-count WAL replacement in another page invalidates content and stays idempotent (1.1s)
  ✓   85 [webkit] › tests/e2e/s1-local-storage.spec.ts:219:1 › visibility: missed hints and absent BroadcastChannel recover on resume (1.6s)
  ✓   88 [webkit] › tests/e2e/s1-local-storage.spec.ts:240:1 › status: an obsolete async commit read cannot overwrite a newer permanent error (590ms)
  ✓   87 [webkit] › tests/e2e/s1-local-storage.spec.ts:453:1 › note capture failure preserves editable text and exposes the failure at the editor (1.2s)
  ✓   90 [webkit] › tests/e2e/s1-local-storage.spec.ts:473:1 › bootstrap: two simultaneous real app hydrations import one legacy plan without duplicate actions (1.1s)
  ✓   91 [webkit] › tests/e2e/s1-local-storage.spec.ts:497:1 › local retry: a captured action commits after storage recovery without a cloud client (1.0s)
  ✓   89 [webkit] › tests/e2e/s1-local-storage.spec.ts:259:1 › E: real grouped completion and an independent note edit remain queued (2.7s)
(node:31337) Warning: The 'NO_COLOR' env is ignored due to the 'FORCE_COLOR' env being set.
(Use `node --trace-warnings ...` to show where the warning was created)
  ✓   92 [webkit] › tests/e2e/s1-local-storage.spec.ts:292:56 › D: real IndexedDB inbound retains before/during/after intent (640ms)
  ✓   94 [webkit] › tests/e2e/s1-local-storage.spec.ts:292:56 › D: real IndexedDB reconciliation retains before/during/after intent (660ms)
  ✓   95 [webkit] › tests/e2e/s1-local-storage.spec.ts:339:1 › B: real IndexedDB metadata writers preserve a queued independent transaction and exact receipts (613ms)
  ✓   93 [webkit] › tests/e2e/s1-local-storage.spec.ts:24:1 › A/E: one profile, two real app tabs observe committed tasks without reload or cloud pull (1.9s)
  ✓   96 [webkit] › tests/e2e/s1-local-storage.spec.ts:399:42 › F: real browser unavailable IndexedDB preserves cursor and WAL, mirror fault=false (404ms)
  ✓   98 [webkit] › tests/e2e/s1-local-storage.spec.ts:399:42 › F: real browser unavailable IndexedDB preserves cursor and WAL, mirror fault=true (419ms)
  ✓   97 [webkit] › tests/e2e/s1-local-storage.spec.ts:36:1 › C: releasing an obsolete React debounce after remote hydration creates no action (688ms)
  ✓   99 [webkit] › tests/e2e/s1-local-storage.spec.ts:427:1 › G: equal-count WAL replacement in another page invalidates content and stays idempotent (1.1s)
  ✓  100 [webkit] › tests/e2e/s1-local-storage.spec.ts:63:1 › A: paused peer focus reaches rendered refs; ticks and empty peer hints create no actions (1.9s)
  ✓  101 [webkit] › tests/e2e/s1-local-storage.spec.ts:453:1 › note capture failure preserves editable text and exposes the failure at the editor (1.3s)
  ✓  102 [webkit] › tests/e2e/s1-local-storage.spec.ts:103:1 › capture failure preserves editable task input and reports the local failure (1.0s)
  ✓  103 [webkit] › tests/e2e/s1-local-storage.spec.ts:473:1 › bootstrap: two simultaneous real app hydrations import one legacy plan without duplicate actions (1.1s)
  ✓  105 [webkit] › tests/e2e/s1-local-storage.spec.ts:497:1 › local retry: a captured action commits after storage recovery without a cloud client (1.1s)
  ✓  104 [webkit] › tests/e2e/s1-local-storage.spec.ts:122:1 › dirty note text survives peer hydration and wrong-account success hints (1.8s)
  ✓  106 [webkit] › tests/e2e/s1-local-storage.spec.ts:147:46 › A: empty production pull after peer paused refreshes the next focus baseline (1.7s)
  ✓  107 [webkit] › tests/e2e/s1-local-storage.spec.ts:147:46 › A: empty production pull after peer completed refreshes the next focus baseline (1.7s)
  ✓  108 [webkit] › tests/e2e/s1-local-storage.spec.ts:202:1 › C: account switch and unmount retire old React callbacks without creating actions (651ms)
  ✓  109 [webkit] › tests/e2e/s1-local-storage.spec.ts:219:1 › visibility: missed hints and absent BroadcastChannel recover on resume (1.5s)
  ✓  110 [webkit] › tests/e2e/s1-local-storage.spec.ts:240:1 › status: an obsolete async commit read cannot overwrite a newer permanent error (547ms)
  ✓  111 [webkit] › tests/e2e/s1-local-storage.spec.ts:259:1 › E: real grouped completion and an independent note edit remain queued (2.7s)
  ✓  112 [webkit] › tests/e2e/s1-local-storage.spec.ts:292:56 › D: real IndexedDB inbound retains before/during/after intent (600ms)
  ✓  113 [webkit] › tests/e2e/s1-local-storage.spec.ts:292:56 › D: real IndexedDB reconciliation retains before/during/after intent (603ms)
  ✓  114 [webkit] › tests/e2e/s1-local-storage.spec.ts:339:1 › B: real IndexedDB metadata writers preserve a queued independent transaction and exact receipts (601ms)
  ✓  115 [webkit] › tests/e2e/s1-local-storage.spec.ts:399:42 › F: real browser unavailable IndexedDB preserves cursor and WAL, mirror fault=false (387ms)
  ✓  116 [webkit] › tests/e2e/s1-local-storage.spec.ts:399:42 › F: real browser unavailable IndexedDB preserves cursor and WAL, mirror fault=true (370ms)
  ✓  117 [webkit] › tests/e2e/s1-local-storage.spec.ts:427:1 › G: equal-count WAL replacement in another page invalidates content and stays idempotent (963ms)
  ✓  118 [webkit] › tests/e2e/s1-local-storage.spec.ts:453:1 › note capture failure preserves editable text and exposes the failure at the editor (1.2s)
  ✓  119 [webkit] › tests/e2e/s1-local-storage.spec.ts:473:1 › bootstrap: two simultaneous real app hydrations import one legacy plan without duplicate actions (1.0s)
  ✓  120 [webkit] › tests/e2e/s1-local-storage.spec.ts:497:1 › local retry: a captured action commits after storage recovery without a cloud client (976ms)


  1) [webkit] › tests/e2e/s1-local-storage.spec.ts:219:1 › visibility: missed hints and absent BroadcastChannel recover on resume 

    Error: expect(locator).toBeVisible() failed

    Locator: getByText('S1 missed event', { exact: true })
    Expected: visible
    Timeout: 7000ms
    Error: element(s) not found

    Call log:
      - Expect "toBeVisible" with timeout 7000ms
      - waiting for getByText('S1 missed event', { exact: true })


      235 |   });
      236 |   await page.getByRole('button', { name: 'Plan', exact: true }).click();
    > 237 |   await expect(page.getByText('S1 missed event', { exact: true })).toBeVisible();
          |                                                                    ^
      238 | });
      239 |
      240 | test('status: an obsolete async commit read cannot overwrite a newer permanent error', async ({ page }) => {
        at /Users/schober/Projects/TSurfing/tests/e2e/s1-local-storage.spec.ts:237:68

    attachment #1: screenshot (image/png) ──────────────────────────────────────────────────────────
    test-results/s1-local-storage-visibilit-05dc9-stChannel-recover-on-resume-webkit/test-failed-2.png
    ────────────────────────────────────────────────────────────────────────────────────────────────

    attachment #2: screenshot (image/png) ──────────────────────────────────────────────────────────
    test-results/s1-local-storage-visibilit-05dc9-stChannel-recover-on-resume-webkit/test-failed-1.png
    ────────────────────────────────────────────────────────────────────────────────────────────────

    attachment #3: video (video/webm) ──────────────────────────────────────────────────────────────
    test-results/s1-local-storage-visibilit-05dc9-stChannel-recover-on-resume-webkit/video.webm
    ────────────────────────────────────────────────────────────────────────────────────────────────

    attachment #4: video (video/webm) ──────────────────────────────────────────────────────────────
    test-results/s1-local-storage-visibilit-05dc9-stChannel-recover-on-resume-webkit/video-1.webm
    ────────────────────────────────────────────────────────────────────────────────────────────────

    Error Context: test-results/s1-local-storage-visibilit-05dc9-stChannel-recover-on-resume-webkit/error-context.md

  1 failed
    [webkit] › tests/e2e/s1-local-storage.spec.ts:219:1 › visibility: missed hints and absent BroadcastChannel recover on resume 
  119 passed (1.3m)
