
> tsurfing@0.4.0-beta.1 test:s1:browser
> playwright test --config playwright.s1.config.ts --repeat-each=3

[WebServer] (node:20445) Warning: The 'NO_COLOR' env is ignored due to the 'FORCE_COLOR' env being set.
[WebServer] (Use `node --trace-warnings ...` to show where the warning was created)
[WebServer] 
[WebServer] (!) Some chunks are larger than 500 kB after minification. Consider:
[WebServer] - Using dynamic import() to code-split the application
[WebServer] - Use build.rollupOptions.output.manualChunks to improve chunking: https://rollupjs.org/configuration-options/#output-manualchunks
[WebServer] - Adjust chunk size limit for this warning via build.chunkSizeWarningLimit.
[WebServer] (node:20477) Warning: The 'NO_COLOR' env is ignored due to the 'FORCE_COLOR' env being set.
[WebServer] (Use `node --trace-warnings ...` to show where the warning was created)
[WebServer] (node:20503) Warning: The 'NO_COLOR' env is ignored due to the 'FORCE_COLOR' env being set.
[WebServer] (Use `node --trace-warnings ...` to show where the warning was created)

Running 30 tests using 2 workers

(node:20506) Warning: The 'NO_COLOR' env is ignored due to the 'FORCE_COLOR' env being set.
(Use `node --trace-warnings ...` to show where the warning was created)
(node:20507) Warning: The 'NO_COLOR' env is ignored due to the 'FORCE_COLOR' env being set.
(Use `node --trace-warnings ...` to show where the warning was created)
  ✓   2 [chromium] › tests/e2e/s1-local-storage.spec.ts:24:1 › A/E: one profile, two real app tabs observe committed tasks without reload or cloud pull (3.5s)
  ✓   1 [chromium] › tests/e2e/s1-local-storage.spec.ts:24:1 › A/E: one profile, two real app tabs observe committed tasks without reload or cloud pull (3.7s)
  ✓   3 [chromium] › tests/e2e/s1-local-storage.spec.ts:36:1 › C: releasing an obsolete React debounce after remote hydration creates no action (423ms)
  ✓   4 [chromium] › tests/e2e/s1-local-storage.spec.ts:36:1 › C: releasing an obsolete React debounce after remote hydration creates no action (401ms)
  ✓   6 [chromium] › tests/e2e/s1-local-storage.spec.ts:63:1 › A: paused peer focus reaches rendered refs; ticks and empty peer hints create no actions (1.5s)
  ✓   5 [chromium] › tests/e2e/s1-local-storage.spec.ts:63:1 › A: paused peer focus reaches rendered refs; ticks and empty peer hints create no actions (1.6s)
  ✓   7 [chromium] › tests/e2e/s1-local-storage.spec.ts:103:1 › capture failure preserves editable task input and reports the local failure (710ms)
  ✓   8 [chromium] › tests/e2e/s1-local-storage.spec.ts:103:1 › capture failure preserves editable task input and reports the local failure (820ms)
  ✓   9 [chromium] › tests/e2e/s1-local-storage.spec.ts:122:1 › dirty note text survives peer hydration and wrong-account success hints (1.2s)
  ✓  10 [chromium] › tests/e2e/s1-local-storage.spec.ts:122:1 › dirty note text survives peer hydration and wrong-account success hints (1.3s)
(node:20576) Warning: The 'NO_COLOR' env is ignored due to the 'FORCE_COLOR' env being set.
(Use `node --trace-warnings ...` to show where the warning was created)
(node:20577) Warning: The 'NO_COLOR' env is ignored due to the 'FORCE_COLOR' env being set.
(Use `node --trace-warnings ...` to show where the warning was created)
  ✓  11 [chromium] › tests/e2e/s1-local-storage.spec.ts:24:1 › A/E: one profile, two real app tabs observe committed tasks without reload or cloud pull (1.3s)
  ✓  13 [chromium] › tests/e2e/s1-local-storage.spec.ts:36:1 › C: releasing an obsolete React debounce after remote hydration creates no action (390ms)
  ✓  14 [chromium] › tests/e2e/s1-local-storage.spec.ts:63:1 › A: paused peer focus reaches rendered refs; ticks and empty peer hints create no actions (1.6s)
  ✓  12 [webkit] › tests/e2e/s1-local-storage.spec.ts:24:1 › A/E: one profile, two real app tabs observe committed tasks without reload or cloud pull (2.5s)
  ✓  15 [chromium] › tests/e2e/s1-local-storage.spec.ts:103:1 › capture failure preserves editable task input and reports the local failure (628ms)
  ✓  16 [webkit] › tests/e2e/s1-local-storage.spec.ts:36:1 › C: releasing an obsolete React debounce after remote hydration creates no action (712ms)
  ✓  17 [chromium] › tests/e2e/s1-local-storage.spec.ts:122:1 › dirty note text survives peer hydration and wrong-account success hints (1.3s)
(node:20627) Warning: The 'NO_COLOR' env is ignored due to the 'FORCE_COLOR' env being set.
(Use `node --trace-warnings ...` to show where the warning was created)
  ✓  18 [webkit] › tests/e2e/s1-local-storage.spec.ts:63:1 › A: paused peer focus reaches rendered refs; ticks and empty peer hints create no actions (1.8s)
  ✓  20 [webkit] › tests/e2e/s1-local-storage.spec.ts:103:1 › capture failure preserves editable task input and reports the local failure (1.1s)
  ✓  19 [webkit] › tests/e2e/s1-local-storage.spec.ts:24:1 › A/E: one profile, two real app tabs observe committed tasks without reload or cloud pull (1.8s)
  ✓  22 [webkit] › tests/e2e/s1-local-storage.spec.ts:36:1 › C: releasing an obsolete React debounce after remote hydration creates no action (896ms)
  ✓  21 [webkit] › tests/e2e/s1-local-storage.spec.ts:122:1 › dirty note text survives peer hydration and wrong-account success hints (1.9s)
(node:20704) Warning: The 'NO_COLOR' env is ignored due to the 'FORCE_COLOR' env being set.
(Use `node --trace-warnings ...` to show where the warning was created)
  ✓  23 [webkit] › tests/e2e/s1-local-storage.spec.ts:63:1 › A: paused peer focus reaches rendered refs; ticks and empty peer hints create no actions (2.2s)
  ✓  24 [webkit] › tests/e2e/s1-local-storage.spec.ts:24:1 › A/E: one profile, two real app tabs observe committed tasks without reload or cloud pull (2.1s)
  ✓  25 [webkit] › tests/e2e/s1-local-storage.spec.ts:103:1 › capture failure preserves editable task input and reports the local failure (1.0s)
  ✓  26 [webkit] › tests/e2e/s1-local-storage.spec.ts:36:1 › C: releasing an obsolete React debounce after remote hydration creates no action (742ms)
  ✓  27 [webkit] › tests/e2e/s1-local-storage.spec.ts:122:1 › dirty note text survives peer hydration and wrong-account success hints (1.9s)
  ✓  28 [webkit] › tests/e2e/s1-local-storage.spec.ts:63:1 › A: paused peer focus reaches rendered refs; ticks and empty peer hints create no actions (1.9s)
  ✓  29 [webkit] › tests/e2e/s1-local-storage.spec.ts:103:1 › capture failure preserves editable task input and reports the local failure (951ms)
  ✓  30 [webkit] › tests/e2e/s1-local-storage.spec.ts:122:1 › dirty note text survives peer hydration and wrong-account success hints (1.9s)

  30 passed (31.1s)
