
> tsurfing@0.4.0-beta.1 test:migrations:postgres
> bash scripts/test-postgres-migrations.sh

psql:/Users/schober/Projects/TSurfing/supabase/migrations/202607170001_foundation.sql:78: NOTICE:  policy "users read own profile" for relation "public.profiles" does not exist, skipping
psql:/Users/schober/Projects/TSurfing/supabase/migrations/202607170001_foundation.sql:80: NOTICE:  policy "users own sync records" for relation "public.sync_records" does not exist, skipping
psql:/Users/schober/Projects/TSurfing/supabase/migrations/202607180001_scheduled_execution.sql:193: NOTICE:  trigger "validate_goalflow_task_schedule_trigger" for relation "public.tasks" does not exist, skipping
psql:/Users/schober/Projects/TSurfing/supabase/migrations/202607180001_scheduled_execution.sql:209: NOTICE:  policy "users own scheduled tasks" for relation "public.tasks" does not exist, skipping
psql:/Users/schober/Projects/TSurfing/supabase/migrations/202607180001_scheduled_execution.sql:212: NOTICE:  policy "users own daily plans" for relation "public.daily_plans" does not exist, skipping
psql:/Users/schober/Projects/TSurfing/supabase/migrations/202607180001_scheduled_execution.sql:215: NOTICE:  policy "users read own task events" for relation "public.task_events" does not exist, skipping
psql:/Users/schober/Projects/TSurfing/supabase/migrations/202607180001_scheduled_execution.sql:218: NOTICE:  policy "users read own telegram identity" for relation "public.telegram_identities" does not exist, skipping
psql:/Users/schober/Projects/TSurfing/supabase/migrations/202607180001_scheduled_execution.sql:221: NOTICE:  policy "users read own pending captures" for relation "public.telegram_captures" does not exist, skipping
psql:/Users/schober/Projects/TSurfing/supabase/migrations/202607180001_scheduled_execution.sql:224: NOTICE:  policy "users read own free entitlement" for relation "public.entitlements" does not exist, skipping
psql:/Users/schober/Projects/TSurfing/supabase/migrations/202607180001_scheduled_execution.sql:227: NOTICE:  policy "users own sync conflicts" for relation "public.sync_conflicts" does not exist, skipping
psql:/Users/schober/Projects/TSurfing/supabase/migrations/202607180001_scheduled_execution.sql:230: NOTICE:  policy "users read own backup metadata" for relation "public.backup_metadata" does not exist, skipping
psql:/Users/schober/Projects/TSurfing/supabase/migrations/202608260001_zero_silent_data_loss.sql:323: NOTICE:  trigger "mirror_goalflow_task_to_sync_trigger" for relation "public.tasks" does not exist, skipping
psql:/Users/schober/Projects/TSurfing/supabase/migrations/202608260001_zero_silent_data_loss.sql:466: NOTICE:  trigger "mirror_goalflow_daily_plan_to_sync_trigger" for relation "public.daily_plans" does not exist, skipping
psql:/Users/schober/Projects/TSurfing/supabase/migrations/202608260001_zero_silent_data_loss.sql:1264: NOTICE:  relation "api_mutation_receipts" already exists, skipping
psql:/Users/schober/Projects/TSurfing/supabase/migrations/202608290001_native_task_events.sql:125: NOTICE:  trigger "project_goalflow_task_event_sync_trigger" for relation "public.sync_records" does not exist, skipping
psql:/Users/schober/Projects/TSurfing/supabase/migrations/202608300001_complete_native_sync_transport.sql:171: NOTICE:  trigger "mirror_goalflow_task_event_to_sync_trigger" for relation "public.task_events" does not exist, skipping
psql:/Users/schober/Projects/TSurfing/supabase/migrations/202609030001_access_boundary_hardening.sql:197: NOTICE:  trigger "validate_goalflow_daily_plan_ownership_trigger" for relation "public.daily_plans" does not exist, skipping
psql:/Users/schober/Projects/TSurfing/supabase/migrations/202609030004_telegram_webhook_claims.sql:11: NOTICE:  constraint "telegram_updates_outcome_check" of relation "telegram_updates" does not exist, skipping
psql:/Users/schober/Projects/TSurfing/supabase/migrations/202609030004_telegram_webhook_claims.sql:18: NOTICE:  constraint "telegram_updates_attempt_count_check" of relation "telegram_updates" does not exist, skipping
psql:/Users/schober/Projects/TSurfing/supabase/migrations/202609040003_realtime_sync_wakeup.sql:24: NOTICE:  policy "users read own sync wakeup state" for relation "public.sync_wakeup_state" does not exist, skipping
psql:/Users/schober/Projects/TSurfing/supabase/migrations/202609040003_realtime_sync_wakeup.sql:83: NOTICE:  trigger "tsurfing_sync_wakeup_trigger" for relation "public.sync_records" does not exist, skipping
psql:/Users/schober/Projects/TSurfing/supabase/migrations/202609040003_realtime_sync_wakeup.sql:90: NOTICE:  policy "users receive own sync wakeups" for relation "realtime.messages" does not exist, skipping
psql:/Users/schober/Projects/TSurfing/supabase/migrations/202607170001_foundation.sql:78: NOTICE:  policy "users read own profile" for relation "public.profiles" does not exist, skipping
psql:/Users/schober/Projects/TSurfing/supabase/migrations/202607170001_foundation.sql:80: NOTICE:  policy "users own sync records" for relation "public.sync_records" does not exist, skipping
psql:/Users/schober/Projects/TSurfing/supabase/migrations/202607180001_scheduled_execution.sql:193: NOTICE:  trigger "validate_goalflow_task_schedule_trigger" for relation "public.tasks" does not exist, skipping
psql:/Users/schober/Projects/TSurfing/supabase/migrations/202607180001_scheduled_execution.sql:209: NOTICE:  policy "users own scheduled tasks" for relation "public.tasks" does not exist, skipping
psql:/Users/schober/Projects/TSurfing/supabase/migrations/202607180001_scheduled_execution.sql:212: NOTICE:  policy "users own daily plans" for relation "public.daily_plans" does not exist, skipping
psql:/Users/schober/Projects/TSurfing/supabase/migrations/202607180001_scheduled_execution.sql:215: NOTICE:  policy "users read own task events" for relation "public.task_events" does not exist, skipping
psql:/Users/schober/Projects/TSurfing/supabase/migrations/202607180001_scheduled_execution.sql:218: NOTICE:  policy "users read own telegram identity" for relation "public.telegram_identities" does not exist, skipping
psql:/Users/schober/Projects/TSurfing/supabase/migrations/202607180001_scheduled_execution.sql:221: NOTICE:  policy "users read own pending captures" for relation "public.telegram_captures" does not exist, skipping
psql:/Users/schober/Projects/TSurfing/supabase/migrations/202607180001_scheduled_execution.sql:224: NOTICE:  policy "users read own free entitlement" for relation "public.entitlements" does not exist, skipping
psql:/Users/schober/Projects/TSurfing/supabase/migrations/202607180001_scheduled_execution.sql:227: NOTICE:  policy "users own sync conflicts" for relation "public.sync_conflicts" does not exist, skipping
psql:/Users/schober/Projects/TSurfing/supabase/migrations/202607180001_scheduled_execution.sql:230: NOTICE:  policy "users read own backup metadata" for relation "public.backup_metadata" does not exist, skipping
psql:/Users/schober/Projects/TSurfing/supabase/migrations/202608260001_zero_silent_data_loss.sql:323: NOTICE:  trigger "mirror_goalflow_task_to_sync_trigger" for relation "public.tasks" does not exist, skipping
psql:/Users/schober/Projects/TSurfing/supabase/migrations/202608260001_zero_silent_data_loss.sql:466: NOTICE:  trigger "mirror_goalflow_daily_plan_to_sync_trigger" for relation "public.daily_plans" does not exist, skipping
psql:/Users/schober/Projects/TSurfing/supabase/migrations/202608260001_zero_silent_data_loss.sql:1264: NOTICE:  relation "api_mutation_receipts" already exists, skipping
psql:/Users/schober/Projects/TSurfing/supabase/migrations/202608290001_native_task_events.sql:125: NOTICE:  trigger "project_goalflow_task_event_sync_trigger" for relation "public.sync_records" does not exist, skipping
psql:/Users/schober/Projects/TSurfing/supabase/migrations/202608300001_complete_native_sync_transport.sql:171: NOTICE:  trigger "mirror_goalflow_task_event_to_sync_trigger" for relation "public.task_events" does not exist, skipping
psql:/Users/schober/Projects/TSurfing/supabase/migrations/202609030001_access_boundary_hardening.sql:197: NOTICE:  trigger "validate_goalflow_daily_plan_ownership_trigger" for relation "public.daily_plans" does not exist, skipping
psql:/Users/schober/Projects/TSurfing/supabase/migrations/202609030004_telegram_webhook_claims.sql:11: NOTICE:  constraint "telegram_updates_outcome_check" of relation "telegram_updates" does not exist, skipping
psql:/Users/schober/Projects/TSurfing/supabase/migrations/202609030004_telegram_webhook_claims.sql:18: NOTICE:  constraint "telegram_updates_attempt_count_check" of relation "telegram_updates" does not exist, skipping
psql:/Users/schober/Projects/TSurfing/supabase/migrations/202609040003_realtime_sync_wakeup.sql:24: NOTICE:  policy "users read own sync wakeup state" for relation "public.sync_wakeup_state" does not exist, skipping
psql:/Users/schober/Projects/TSurfing/supabase/migrations/202609040003_realtime_sync_wakeup.sql:83: NOTICE:  trigger "tsurfing_sync_wakeup_trigger" for relation "public.sync_records" does not exist, skipping
psql:/Users/schober/Projects/TSurfing/supabase/migrations/202609040003_realtime_sync_wakeup.sql:90: NOTICE:  policy "users receive own sync wakeups" for relation "realtime.messages" does not exist, skipping
{"status":"PASS","emptyDatabase":"PASS","currentSchemaUpgrade":"PASS","idempotency":"PASS","conflictPreservation":"PASS","cursorRebase":"PASS","atomicRestore":"PASS","backupDryRun":"PASS","quotaRewind":"DENIED","nativeTaskEvents":"PASS","unknownPayloadPreservation":"PASS","directDataApi":"DENIED","rlsIsolation":"PASS","sameOwnerRelations":"PASS","typedEmailOtpActivation":"PASS","telegramOidcActivation":"PASS","sessionRevocation":"PASS","ownerBootstrap":"PASS","telegramWebhookClaims":"PASS","telegramMiniSessions":"PASS","telegramAccountBinding":"PASS","telegramCaptureConfirmation":"ATOMIC","realtimeWakeup":"PASS","wakeupRollback":"PASS","topicForgery":"DENIED","databaseAdvisorHardening":"PASS"}
{"status":"PASS","sharedFocusSession":"PASS","legacyCounterPreservation":"PASS","fieldwiseReconciliation":"PASS","originalReceipts":"UNCHANGED","terminalResurrection":"DENIED"}
{"status": "PASS", "engine": "PostgreSQL", "conflictLockOrder": "PASS", "originalReceipt": "UNCHANGED", "committedCursorOrder": "PASS", "rollbackCursor": "UNCHANGED"}
{"status": "PASS", "engine": "PostgreSQL", "conflictLockOrder": "PASS", "originalReceipt": "UNCHANGED", "committedCursorOrder": "PASS", "rollbackCursor": "UNCHANGED"}
{"status": "PASS", "engine": "PostgreSQL", "counterScenarios": 12, "counterOrdersPerScenario": 2, "focusScenarios": 9, "directClientExecution": "DENIED"}
{"status": "PASS", "engine": "PostgreSQL", "counterScenarios": 12, "counterOrdersPerScenario": 2, "focusScenarios": 9, "directClientExecution": "DENIED"}
{"status": "PASS", "engine": "PostgreSQL", "counters": "29/5 plus rollback retry", "focusExtension": 420, "receiptReplay": "EXACT", "legacyOverwrite": "REJECTED", "rollback": "ATOMIC", "concurrentDuplicate": "EXACT", "committedCursor": "ORDERED", "clientAccess": "DENIED"}
{"status": "PASS", "engine": "PostgreSQL", "counters": "29/5 plus rollback retry", "focusExtension": 420, "receiptReplay": "EXACT", "legacyOverwrite": "REJECTED", "rollback": "ATOMIC", "concurrentDuplicate": "EXACT", "committedCursor": "ORDERED", "clientAccess": "DENIED"}
