> Task :app:checkKotlinGradlePluginConfigurationErrors SKIPPED
> Task :app:preBuild UP-TO-DATE
> Task :app:preProductionDebugBuild UP-TO-DATE
> Task :app:generateProductionDebugBuildConfig UP-TO-DATE
> Task :app:checkProductionDebugAarMetadata UP-TO-DATE
> Task :app:generateProductionDebugResValues UP-TO-DATE
> Task :app:mapProductionDebugSourceSetPaths UP-TO-DATE
> Task :app:generateProductionDebugResources UP-TO-DATE
> Task :app:mergeProductionDebugResources UP-TO-DATE
> Task :app:packageProductionDebugResources UP-TO-DATE
> Task :app:parseProductionDebugLocalResources UP-TO-DATE
> Task :app:createProductionDebugCompatibleScreenManifests UP-TO-DATE
> Task :app:extractDeepLinksProductionDebug UP-TO-DATE
> Task :app:processProductionDebugMainManifest UP-TO-DATE
> Task :app:processProductionDebugManifest UP-TO-DATE
> Task :app:processProductionDebugManifestForPackage UP-TO-DATE
> Task :app:processProductionDebugResources UP-TO-DATE
> Task :app:javaPreCompileProductionDebug UP-TO-DATE
> Task :app:preProductionDebugUnitTestBuild UP-TO-DATE
> Task :app:javaPreCompileProductionDebugUnitTest UP-TO-DATE
> Task :app:mergeProductionDebugShaders UP-TO-DATE
> Task :app:compileProductionDebugShaders NO-SOURCE
> Task :app:generateProductionDebugAssets UP-TO-DATE
> Task :app:mergeProductionDebugAssets UP-TO-DATE
> Task :app:packageProductionDebugUnitTestForUnitTest UP-TO-DATE
> Task :app:generateProductionDebugUnitTestConfig UP-TO-DATE
> Task :app:preProductionDebugAndroidTestBuild SKIPPED
> Task :app:generateProductionDebugAndroidTestResValues UP-TO-DATE
> Task :app:extractProguardFiles UP-TO-DATE
> Task :app:mergeProductionDebugNativeDebugMetadata NO-SOURCE
> Task :app:compressProductionDebugAssets UP-TO-DATE
> Task :app:checkProductionDebugDuplicateClasses UP-TO-DATE
> Task :app:desugarProductionDebugFileDependencies UP-TO-DATE
> Task :app:mergeExtDexProductionDebug UP-TO-DATE
> Task :app:mergeLibDexProductionDebug UP-TO-DATE
> Task :app:mergeProductionDebugJniLibFolders UP-TO-DATE
> Task :app:mergeProductionDebugNativeLibs UP-TO-DATE
> Task :app:stripProductionDebugDebugSymbols UP-TO-DATE
> Task :app:validateSigningProductionDebug UP-TO-DATE
> Task :app:writeProductionDebugAppMetadata UP-TO-DATE
> Task :app:writeProductionDebugSigningConfigVersions UP-TO-DATE
> Task :benchmark:preBuild UP-TO-DATE
> Task :benchmark:preProductionDebugBuild UP-TO-DATE
> Task :benchmark:checkTestedAppObfuscationProductionDebug UP-TO-DATE
> Task :benchmark:checkKotlinGradlePluginConfigurationErrors SKIPPED
> Task :app:generateProductionDebugFeatureTransitiveDeps UP-TO-DATE
> Task :benchmark:checkProductionDebugAarMetadata UP-TO-DATE
> Task :benchmark:generateProductionDebugResValues UP-TO-DATE
> Task :benchmark:mapProductionDebugSourceSetPaths UP-TO-DATE
> Task :benchmark:generateProductionDebugResources UP-TO-DATE
> Task :benchmark:mergeProductionDebugResources UP-TO-DATE
> Task :benchmark:processProductionDebugManifest UP-TO-DATE
> Task :benchmark:processProductionDebugResources UP-TO-DATE
> Task :benchmark:javaPreCompileProductionDebug UP-TO-DATE
> Task :benchmark:mergeProductionDebugShaders UP-TO-DATE
> Task :benchmark:compileProductionDebugShaders NO-SOURCE
> Task :benchmark:generateProductionDebugAssets UP-TO-DATE
> Task :benchmark:mergeProductionDebugAssets UP-TO-DATE
> Task :benchmark:compressProductionDebugAssets UP-TO-DATE
> Task :benchmark:checkProductionDebugDuplicateClasses UP-TO-DATE
> Task :benchmark:desugarProductionDebugFileDependencies UP-TO-DATE
> Task :benchmark:mergeExtDexProductionDebug UP-TO-DATE
> Task :benchmark:mergeLibDexProductionDebug UP-TO-DATE
> Task :benchmark:mergeProductionDebugJniLibFolders UP-TO-DATE
> Task :benchmark:mergeProductionDebugNativeLibs UP-TO-DATE
> Task :benchmark:stripProductionDebugDebugSymbols UP-TO-DATE
> Task :benchmark:validateSigningProductionDebug UP-TO-DATE
> Task :benchmark:writeProductionDebugSigningConfigVersions UP-TO-DATE

> Task :app:kaptGenerateStubsProductionDebugKotlin
w: Kapt currently doesn't support language version 2.0+. Falling back to 1.9.

> Task :app:kaptProductionDebugKotlin UP-TO-DATE
> Task :app:compileProductionDebugKotlin
> Task :app:compileProductionDebugJavaWithJavac UP-TO-DATE
> Task :app:processProductionDebugJavaRes UP-TO-DATE
> Task :app:generateProductionDebugLintReportModel
> Task :app:bundleProductionDebugClassesToCompileJar
> Task :app:bundleProductionDebugClassesToRuntimeJar
> Task :app:dexBuilderProductionDebug
> Task :app:generateProductionDebugAndroidTestLintModel
> Task :app:generateProductionDebugUnitTestLintModel
> Task :app:mergeProductionDebugGlobalSynthetics UP-TO-DATE
> Task :app:mergeProductionDebugJavaResource UP-TO-DATE
> Task :benchmark:compileProductionDebugKotlin
> Task :benchmark:compileProductionDebugJavaWithJavac NO-SOURCE
> Task :benchmark:dexBuilderProductionDebug UP-TO-DATE
> Task :benchmark:mergeProductionDebugGlobalSynthetics UP-TO-DATE
> Task :benchmark:processProductionDebugJavaRes UP-TO-DATE
> Task :benchmark:mergeProductionDebugJavaResource UP-TO-DATE
> Task :benchmark:mergeProjectDexProductionDebug UP-TO-DATE
> Task :benchmark:packageProductionDebug UP-TO-DATE
> Task :benchmark:createProductionDebugApkListingFileRedirect UP-TO-DATE
> Task :benchmark:assembleProductionDebug UP-TO-DATE
> Task :app:mergeProjectDexProductionDebug
> Task :app:packageProductionDebug
> Task :app:createProductionDebugApkListingFileRedirect UP-TO-DATE
> Task :app:assembleProductionDebug
> Task :app:lintAnalyzeProductionDebugAndroidTest

> Task :app:kaptGenerateStubsProductionDebugUnitTestKotlin
w: Kapt currently doesn't support language version 2.0+. Falling back to 1.9.

> Task :app:kaptProductionDebugUnitTestKotlin
warning: The following options were not recognized by any processor: '[room.schemaLocation, kapt.kotlin.generated]'

> Task :app:lintAnalyzeProductionDebugUnitTest
> Task :app:compileProductionDebugUnitTestKotlin
> Task :app:compileProductionDebugUnitTestJavaWithJavac NO-SOURCE
> Task :app:processProductionDebugUnitTestJavaRes UP-TO-DATE
> Task :app:lintAnalyzeProductionDebug
> Task :app:testProductionDebugUnitTest
> Task :app:lintReportProductionDebug UP-TO-DATE
> Task :app:lintProductionDebug

BUILD SUCCESSFUL in 1m 5s
89 actionable tasks: 19 executed, 70 up-to-date
