[WebServer] (node:62479) Warning: The 'NO_COLOR' env is ignored due to the 'FORCE_COLOR' env being set.
[WebServer] (Use `node --trace-warnings ...` to show where the warning was created)
[WebServer] 
[WebServer] (!) Some chunks are larger than 500 kB after minification. Consider:
[WebServer] - Using dynamic import() to code-split the application
[WebServer] - Use build.rollupOptions.output.manualChunks to improve chunking: https://rollupjs.org/configuration-options/#output-manualchunks
[WebServer] - Adjust chunk size limit for this warning via build.chunkSizeWarningLimit.
[WebServer] (node:62495) Warning: The 'NO_COLOR' env is ignored due to the 'FORCE_COLOR' env being set.
[WebServer] (Use `node --trace-warnings ...` to show where the warning was created)
[WebServer] (node:62524) Warning: The 'NO_COLOR' env is ignored due to the 'FORCE_COLOR' env being set.
[WebServer] (Use `node --trace-warnings ...` to show where the warning was created)

Running 42 tests using 2 workers

(node:62526) Warning: The 'NO_COLOR' env is ignored due to the 'FORCE_COLOR' env being set.
(Use `node --trace-warnings ...` to show where the warning was created)
(node:62527) Warning: The 'NO_COLOR' env is ignored due to the 'FORCE_COLOR' env being set.
(Use `node --trace-warnings ...` to show where the warning was created)
  ✓   1 [chromium] › tests/e2e/s1-local-storage.spec.ts:24:1 › A/E: one profile, two real app tabs observe committed tasks without reload or cloud pull (1.7s)
  ✓   3 [chromium] › tests/e2e/s1-local-storage.spec.ts:36:1 › C: releasing an obsolete React debounce after remote hydration creates no action (408ms)
  ✓   2 [webkit] › tests/e2e/s1-local-storage.spec.ts:24:1 › A/E: one profile, two real app tabs observe committed tasks without reload or cloud pull (2.7s)
  ✓   5 [webkit] › tests/e2e/s1-local-storage.spec.ts:36:1 › C: releasing an obsolete React debounce after remote hydration creates no action (778ms)
  ✓   4 [chromium] › tests/e2e/s1-local-storage.spec.ts:63:1 › A: paused peer focus reaches rendered refs; ticks and empty peer hints create no actions (1.5s)
  ✓   7 [chromium] › tests/e2e/s1-local-storage.spec.ts:103:1 › capture failure preserves editable task input and reports the local failure (680ms)
  ✓   6 [webkit] › tests/e2e/s1-local-storage.spec.ts:63:1 › A: paused peer focus reaches rendered refs; ticks and empty peer hints create no actions (2.5s)
  ✓   8 [chromium] › tests/e2e/s1-local-storage.spec.ts:122:1 › dirty note text survives peer hydration and wrong-account success hints (1.7s)
  ✓   9 [webkit] › tests/e2e/s1-local-storage.spec.ts:103:1 › capture failure preserves editable task input and reports the local failure (1.0s)
  ✓  11 [webkit] › tests/e2e/s1-local-storage.spec.ts:122:1 › dirty note text survives peer hydration and wrong-account success hints (1.7s)
  ✘  10 [chromium] › tests/e2e/s1-local-storage.spec.ts:147:46 › A: empty production pull after peer paused refreshes the next focus baseline (1.4s)
(node:62600) Warning: The 'NO_COLOR' env is ignored due to the 'FORCE_COLOR' env being set.
(Use `node --trace-warnings ...` to show where the warning was created)
  ✘  12 [webkit] › tests/e2e/s1-local-storage.spec.ts:147:46 › A: empty production pull after peer paused refreshes the next focus baseline (1.7s)
(node:62601) Warning: The 'NO_COLOR' env is ignored due to the 'FORCE_COLOR' env being set.
(Use `node --trace-warnings ...` to show where the warning was created)
  ✘  13 [chromium] › tests/e2e/s1-local-storage.spec.ts:147:46 › A: empty production pull after peer completed refreshes the next focus baseline (1.5s)
  ✘  14 [webkit] › tests/e2e/s1-local-storage.spec.ts:147:46 › A: empty production pull after peer completed refreshes the next focus baseline (2.2s)
(node:62630) Warning: The 'NO_COLOR' env is ignored due to the 'FORCE_COLOR' env being set.
(Use `node --trace-warnings ...` to show where the warning was created)
(node:62631) Warning: The 'NO_COLOR' env is ignored due to the 'FORCE_COLOR' env being set.
(Use `node --trace-warnings ...` to show where the warning was created)
  ✓  15 [chromium] › tests/e2e/s1-local-storage.spec.ts:202:1 › C: account switch and unmount retire old React callbacks without creating actions (640ms)
  ✓  16 [webkit] › tests/e2e/s1-local-storage.spec.ts:202:1 › C: account switch and unmount retire old React callbacks without creating actions (1.1s)
  ✓  17 [chromium] › tests/e2e/s1-local-storage.spec.ts:219:1 › visibility: missed hints and absent BroadcastChannel recover on resume (911ms)
  ✓  19 [chromium] › tests/e2e/s1-local-storage.spec.ts:241:1 › status: an obsolete async commit read cannot overwrite a newer permanent error (384ms)
  ✓  18 [webkit] › tests/e2e/s1-local-storage.spec.ts:219:1 › visibility: missed hints and absent BroadcastChannel recover on resume (1.6s)
  ✓  21 [webkit] › tests/e2e/s1-local-storage.spec.ts:241:1 › status: an obsolete async commit read cannot overwrite a newer permanent error (649ms)
  ✓  20 [chromium] › tests/e2e/s1-local-storage.spec.ts:260:1 › E: real grouped completion and an independent note edit remain queued (1.9s)
  ✓  23 [chromium] › tests/e2e/s1-local-storage.spec.ts:293:56 › D: real IndexedDB inbound retains before/during/after intent (358ms)
  ✓  24 [chromium] › tests/e2e/s1-local-storage.spec.ts:293:56 › D: real IndexedDB reconciliation retains before/during/after intent (329ms)
  ✓  25 [chromium] › tests/e2e/s1-local-storage.spec.ts:340:1 › B: real IndexedDB metadata writers preserve a queued independent transaction and exact receipts (352ms)
  ✓  26 [chromium] › tests/e2e/s1-local-storage.spec.ts:400:42 › F: real browser unavailable IndexedDB preserves cursor and WAL, mirror fault=false (214ms)
  ✓  27 [chromium] › tests/e2e/s1-local-storage.spec.ts:400:42 › F: real browser unavailable IndexedDB preserves cursor and WAL, mirror fault=true (206ms)
  ✓  28 [chromium] › tests/e2e/s1-local-storage.spec.ts:428:1 › G: equal-count WAL replacement in another page invalidates content and stays idempotent (596ms)
  ✓  22 [webkit] › tests/e2e/s1-local-storage.spec.ts:260:1 › E: real grouped completion and an independent note edit remain queued (2.7s)
  ✓  30 [webkit] › tests/e2e/s1-local-storage.spec.ts:293:56 › D: real IndexedDB inbound retains before/during/after intent (663ms)
  ✓  29 [chromium] › tests/e2e/s1-local-storage.spec.ts:454:1 › note capture failure preserves editable text and exposes the failure at the editor (1.0s)
  ✓  32 [chromium] › tests/e2e/s1-local-storage.spec.ts:474:1 › bootstrap: two simultaneous real app hydrations import one legacy plan without duplicate actions (607ms)
  ✓  31 [webkit] › tests/e2e/s1-local-storage.spec.ts:293:56 › D: real IndexedDB reconciliation retains before/during/after intent (695ms)
  ✓  34 [webkit] › tests/e2e/s1-local-storage.spec.ts:340:1 › B: real IndexedDB metadata writers preserve a queued independent transaction and exact receipts (603ms)
  ✓  33 [chromium] › tests/e2e/s1-local-storage.spec.ts:498:1 › local retry: a captured action commits after storage recovery without a cloud client (702ms)
  ✓  36 [chromium] › tests/e2e/s1-local-storage.spec.ts:518:1 › S1.2: local recovery cannot erase an earlier unresolved cloud error (333ms)
  ✓  35 [webkit] › tests/e2e/s1-local-storage.spec.ts:400:42 › F: real browser unavailable IndexedDB preserves cursor and WAL, mirror fault=false (447ms)
  ✓  37 [webkit] › tests/e2e/s1-local-storage.spec.ts:400:42 › F: real browser unavailable IndexedDB preserves cursor and WAL, mirror fault=true (373ms)
  ✓  38 [webkit] › tests/e2e/s1-local-storage.spec.ts:428:1 › G: equal-count WAL replacement in another page invalidates content and stays idempotent (1.0s)
  ✓  39 [webkit] › tests/e2e/s1-local-storage.spec.ts:454:1 › note capture failure preserves editable text and exposes the failure at the editor (1.2s)
  ✓  40 [webkit] › tests/e2e/s1-local-storage.spec.ts:474:1 › bootstrap: two simultaneous real app hydrations import one legacy plan without duplicate actions (925ms)
  ✓  41 [webkit] › tests/e2e/s1-local-storage.spec.ts:498:1 › local retry: a captured action commits after storage recovery without a cloud client (939ms)
  ✓  42 [webkit] › tests/e2e/s1-local-storage.spec.ts:518:1 › S1.2: local recovery cannot erase an earlier unresolved cloud error (560ms)


  1) [chromium] › tests/e2e/s1-local-storage.spec.ts:147:46 › A: empty production pull after peer paused refreshes the next focus baseline 

    Error: page.evaluate: Error: Unexpected synthetic request
        at Object.fetch (eval at evaluate (:311:30), <anonymous>:18:15)
        at Kt (http://127.0.0.1:4175/assets/index-BXJmF9DJ.js:30:30940)
        at Qd (http://127.0.0.1:4175/assets/index-BXJmF9DJ.js:30:33515)
        at async eval (eval at evaluate (:311:30), <anonymous>:3:5)
        at async <anonymous>:337:30
        at Object.fetch (eval at evaluate (:311:30), <anonymous>:18:15)
        at Kt (http://127.0.0.1:4175/assets/index-BXJmF9DJ.js:30:30940)
        at Qd (http://127.0.0.1:4175/assets/index-BXJmF9DJ.js:30:33515)
        at async eval (eval at evaluate (:311:30), <anonymous>:3:5)
        at async <anonymous>:337:30
        at /Users/schober/Projects/TSurfing/tests/e2e/s1-local-storage.spec.ts:176:28

    attachment #1: screenshot (image/png) ──────────────────────────────────────────────────────────
    test-results/s1-local-storage-A-empty-p-d0c5b-hes-the-next-focus-baseline-chromium/test-failed-1.png
    ────────────────────────────────────────────────────────────────────────────────────────────────

    attachment #2: screenshot (image/png) ──────────────────────────────────────────────────────────
    test-results/s1-local-storage-A-empty-p-d0c5b-hes-the-next-focus-baseline-chromium/test-failed-2.png
    ────────────────────────────────────────────────────────────────────────────────────────────────

    attachment #3: video (video/webm) ──────────────────────────────────────────────────────────────
    test-results/s1-local-storage-A-empty-p-d0c5b-hes-the-next-focus-baseline-chromium/video-1.webm
    ────────────────────────────────────────────────────────────────────────────────────────────────

    attachment #4: video (video/webm) ──────────────────────────────────────────────────────────────
    test-results/s1-local-storage-A-empty-p-d0c5b-hes-the-next-focus-baseline-chromium/video.webm
    ────────────────────────────────────────────────────────────────────────────────────────────────

    Error Context: test-results/s1-local-storage-A-empty-p-d0c5b-hes-the-next-focus-baseline-chromium/error-context.md

  2) [chromium] › tests/e2e/s1-local-storage.spec.ts:147:46 › A: empty production pull after peer completed refreshes the next focus baseline 

    Error: page.evaluate: Error: Unexpected synthetic request
        at Object.fetch (eval at evaluate (:311:30), <anonymous>:18:15)
        at Kt (http://127.0.0.1:4175/assets/index-BXJmF9DJ.js:30:30940)
        at Qd (http://127.0.0.1:4175/assets/index-BXJmF9DJ.js:30:33515)
        at async eval (eval at evaluate (:311:30), <anonymous>:3:5)
        at async <anonymous>:337:30
        at Object.fetch (eval at evaluate (:311:30), <anonymous>:18:15)
        at Kt (http://127.0.0.1:4175/assets/index-BXJmF9DJ.js:30:30940)
        at Qd (http://127.0.0.1:4175/assets/index-BXJmF9DJ.js:30:33515)
        at async eval (eval at evaluate (:311:30), <anonymous>:3:5)
        at async <anonymous>:337:30
        at /Users/schober/Projects/TSurfing/tests/e2e/s1-local-storage.spec.ts:176:28

    attachment #1: screenshot (image/png) ──────────────────────────────────────────────────────────
    test-results/s1-local-storage-A-empty-p-801ff-hes-the-next-focus-baseline-chromium/test-failed-1.png
    ────────────────────────────────────────────────────────────────────────────────────────────────

    attachment #2: screenshot (image/png) ──────────────────────────────────────────────────────────
    test-results/s1-local-storage-A-empty-p-801ff-hes-the-next-focus-baseline-chromium/test-failed-2.png
    ────────────────────────────────────────────────────────────────────────────────────────────────

    attachment #3: video (video/webm) ──────────────────────────────────────────────────────────────
    test-results/s1-local-storage-A-empty-p-801ff-hes-the-next-focus-baseline-chromium/video-1.webm
    ────────────────────────────────────────────────────────────────────────────────────────────────

    attachment #4: video (video/webm) ──────────────────────────────────────────────────────────────
    test-results/s1-local-storage-A-empty-p-801ff-hes-the-next-focus-baseline-chromium/video.webm
    ────────────────────────────────────────────────────────────────────────────────────────────────

    Error Context: test-results/s1-local-storage-A-empty-p-801ff-hes-the-next-focus-baseline-chromium/error-context.md

  3) [webkit] › tests/e2e/s1-local-storage.spec.ts:147:46 › A: empty production pull after peer paused refreshes the next focus baseline 

    Error: page.evaluate: Error: Unexpected synthetic request

      174 |     return next;
      175 |   }, { user, phase });
    > 176 |   const paths = await page.evaluate(async user => {
          |                            ^
      177 |     const paths: string[] = [];
      178 |     await (window as any).__s1Sync(user, {
      179 |       deviceId: () => 'synthetic-reader', isOnline: () => true, now: () => new Date(), maxAttempts: 1,
        at /Users/schober/Projects/TSurfing/tests/e2e/s1-local-storage.spec.ts:176:28

    attachment #1: screenshot (image/png) ──────────────────────────────────────────────────────────
    test-results/s1-local-storage-A-empty-p-d0c5b-hes-the-next-focus-baseline-webkit/test-failed-1.png
    ────────────────────────────────────────────────────────────────────────────────────────────────

    attachment #2: screenshot (image/png) ──────────────────────────────────────────────────────────
    test-results/s1-local-storage-A-empty-p-d0c5b-hes-the-next-focus-baseline-webkit/test-failed-2.png
    ────────────────────────────────────────────────────────────────────────────────────────────────

    attachment #3: video (video/webm) ──────────────────────────────────────────────────────────────
    test-results/s1-local-storage-A-empty-p-d0c5b-hes-the-next-focus-baseline-webkit/video-1.webm
    ────────────────────────────────────────────────────────────────────────────────────────────────

    attachment #4: video (video/webm) ──────────────────────────────────────────────────────────────
    test-results/s1-local-storage-A-empty-p-d0c5b-hes-the-next-focus-baseline-webkit/video.webm
    ────────────────────────────────────────────────────────────────────────────────────────────────

    Error Context: test-results/s1-local-storage-A-empty-p-d0c5b-hes-the-next-focus-baseline-webkit/error-context.md

  4) [webkit] › tests/e2e/s1-local-storage.spec.ts:147:46 › A: empty production pull after peer completed refreshes the next focus baseline 

    Error: page.evaluate: Error: Unexpected synthetic request

      174 |     return next;
      175 |   }, { user, phase });
    > 176 |   const paths = await page.evaluate(async user => {
          |                            ^
      177 |     const paths: string[] = [];
      178 |     await (window as any).__s1Sync(user, {
      179 |       deviceId: () => 'synthetic-reader', isOnline: () => true, now: () => new Date(), maxAttempts: 1,
        at /Users/schober/Projects/TSurfing/tests/e2e/s1-local-storage.spec.ts:176:28

    attachment #1: screenshot (image/png) ──────────────────────────────────────────────────────────
    test-results/s1-local-storage-A-empty-p-801ff-hes-the-next-focus-baseline-webkit/test-failed-2.png
    ────────────────────────────────────────────────────────────────────────────────────────────────

    attachment #2: screenshot (image/png) ──────────────────────────────────────────────────────────
    test-results/s1-local-storage-A-empty-p-801ff-hes-the-next-focus-baseline-webkit/test-failed-1.png
    ────────────────────────────────────────────────────────────────────────────────────────────────

    attachment #3: video (video/webm) ──────────────────────────────────────────────────────────────
    test-results/s1-local-storage-A-empty-p-801ff-hes-the-next-focus-baseline-webkit/video-1.webm
    ────────────────────────────────────────────────────────────────────────────────────────────────

    attachment #4: video (video/webm) ──────────────────────────────────────────────────────────────
    test-results/s1-local-storage-A-empty-p-801ff-hes-the-next-focus-baseline-webkit/video.webm
    ────────────────────────────────────────────────────────────────────────────────────────────────

    Error Context: test-results/s1-local-storage-A-empty-p-801ff-hes-the-next-focus-baseline-webkit/error-context.md

  4 failed
    [chromium] › tests/e2e/s1-local-storage.spec.ts:147:46 › A: empty production pull after peer paused refreshes the next focus baseline 
    [chromium] › tests/e2e/s1-local-storage.spec.ts:147:46 › A: empty production pull after peer completed refreshes the next focus baseline 
    [webkit] › tests/e2e/s1-local-storage.spec.ts:147:46 › A: empty production pull after peer paused refreshes the next focus baseline 
    [webkit] › tests/e2e/s1-local-storage.spec.ts:147:46 › A: empty production pull after peer completed refreshes the next focus baseline 
  38 passed (33.6s)
