
 RUN  v4.1.10 /Users/schober/Projects/TSurfing

 ❯ server/routes/sync.reconciliation.test.ts (7 tests | 7 failed) 35040ms
     × scopes history chunks to the authenticated owner and rejects invalid positions and corrupt bytes 5010ms
     × discovers only the authenticated account epoch and never caches or enrolls it 5005ms
     × routes causal actions by authenticated owner and rejects mismatched receipts 5003ms
     × replays a staged oversized mutation through the exact legacy receipt boundary 5005ms
     × uses authenticated owner identity and accepts original UTC offset timestamps 5004ms
     × rejects a client-supplied owner override and duplicate mutation identities 5009ms
     × does not acknowledge a different candidate returned by the database 5003ms

⎯⎯⎯⎯⎯⎯⎯ Failed Tests 7 ⎯⎯⎯⎯⎯⎯⎯

 FAIL  server/routes/sync.reconciliation.test.ts > automatic sync API boundary > scopes history chunks to the authenticated owner and rejects invalid positions and corrupt bytes
Error: Test timed out in 5000ms.
If this is a long-running test, pass a timeout value as the last argument or configure it globally with "testTimeout".
 ❯ server/routes/sync.reconciliation.test.ts:20:3
     18| }
     19| describe('automatic sync API boundary',()=>{
     20|   it('scopes history chunks to the authenticated owner and rejects inv…
       |   ^
     21|     const epoch = '33333333-3333-4333-8333-333333333333';
     22|     const bytes = new TextEncoder().encode('synthetic transport');

⎯⎯⎯⎯⎯⎯⎯⎯⎯⎯⎯⎯⎯⎯⎯⎯⎯⎯⎯⎯⎯⎯⎯⎯[1/7]⎯

 FAIL  server/routes/sync.reconciliation.test.ts > automatic sync API boundary > discovers only the authenticated account epoch and never caches or enrolls it
Error: Test timed out in 5000ms.
If this is a long-running test, pass a timeout value as the last argument or configure it globally with "testTimeout".
 ❯ server/routes/sync.reconciliation.test.ts:53:3
     51|     expect(await failure.text()).not.toContain('private synthetic');
     52|   });
     53|   it('discovers only the authenticated account epoch and never caches …
       |   ^
     54|     const result = { schemaVersion: 2, accountId: owner, enrolled: tru…
     55|     const rpc = vi.fn().mockResolvedValue({ data: result, error: null …

⎯⎯⎯⎯⎯⎯⎯⎯⎯⎯⎯⎯⎯⎯⎯⎯⎯⎯⎯⎯⎯⎯⎯⎯[2/7]⎯

 FAIL  server/routes/sync.reconciliation.test.ts > automatic sync API boundary > routes causal actions by authenticated owner and rejects mismatched receipts
Error: Test timed out in 5000ms.
If this is a long-running test, pass a timeout value as the last argument or configure it globally with "testTimeout".
 ❯ server/routes/sync.reconciliation.test.ts:69:3
     67|     expect(await unavailable.text()).not.toContain('private synthetic'…
     68|   });
     69|   it('routes causal actions by authenticated owner and rejects mismatc…
       |   ^
     70|     const actionId = '22222222-2222-4222-8222-222222222222';
     71|     const epoch = '33333333-3333-4333-8333-333333333333';

⎯⎯⎯⎯⎯⎯⎯⎯⎯⎯⎯⎯⎯⎯⎯⎯⎯⎯⎯⎯⎯⎯⎯⎯[3/7]⎯

 FAIL  server/routes/sync.reconciliation.test.ts > automatic sync API boundary > replays a staged oversized mutation through the exact legacy receipt boundary
Error: Test timed out in 5000ms.
If this is a long-running test, pass a timeout value as the last argument or configure it globally with "testTimeout".
 ❯ server/routes/sync.reconciliation.test.ts:98:3
     96|     expect((await send(body)).status).toBe(503);
     97|   });
     98|   it('replays a staged oversized mutation through the exact legacy rec…
       |   ^
     99|     const mutation = { mutationId: '22222222-2222-4222-8222-2222222222…
    100|       entityType: 'settings', entityId: 'singleton', baseServerVersion…

⎯⎯⎯⎯⎯⎯⎯⎯⎯⎯⎯⎯⎯⎯⎯⎯⎯⎯⎯⎯⎯⎯⎯⎯[4/7]⎯

 FAIL  server/routes/sync.reconciliation.test.ts > automatic sync API boundary > uses authenticated owner identity and accepts original UTC offset timestamps
Error: Test timed out in 5000ms.
If this is a long-running test, pass a timeout value as the last argument or configure it globally with "testTimeout".
 ❯ server/routes/sync.reconciliation.test.ts:132:3
    130|     expect((await send()).status).toBe(400);
    131|   });
    132|   it('uses authenticated owner identity and accepts original UTC offse…
       |   ^
    133|     const body=candidate();const rpc=vi.fn().mockResolvedValue({data:{…
    134|     const result=await fetch(await endpoint(rpc),{method:'POST',header…

⎯⎯⎯⎯⎯⎯⎯⎯⎯⎯⎯⎯⎯⎯⎯⎯⎯⎯⎯⎯⎯⎯⎯⎯[5/7]⎯

 FAIL  server/routes/sync.reconciliation.test.ts > automatic sync API boundary > rejects a client-supplied owner override and duplicate mutation identities
Error: Test timed out in 5000ms.
If this is a long-running test, pass a timeout value as the last argument or configure it globally with "testTimeout".
 ❯ server/routes/sync.reconciliation.test.ts:137:3
    135|     expect(result.status).toBe(200);expect(rpc).toHaveBeenCalledWith('…
    136|   });
    137|   it('rejects a client-supplied owner override and duplicate mutation …
       |   ^
    138|     const rpc=vi.fn();const url=await endpoint(rpc);const body=candida…
    139|     for(const invalid of [{...body,userId:'other'},{...body,localHisto…

⎯⎯⎯⎯⎯⎯⎯⎯⎯⎯⎯⎯⎯⎯⎯⎯⎯⎯⎯⎯⎯⎯⎯⎯[6/7]⎯

 FAIL  server/routes/sync.reconciliation.test.ts > automatic sync API boundary > does not acknowledge a different candidate returned by the database
Error: Test timed out in 5000ms.
If this is a long-running test, pass a timeout value as the last argument or configure it globally with "testTimeout".
 ❯ server/routes/sync.reconciliation.test.ts:144:3


⎯⎯⎯⎯⎯⎯⎯⎯⎯⎯⎯⎯⎯⎯⎯⎯⎯⎯⎯⎯⎯⎯⎯⎯[7/7]⎯

⎯⎯⎯⎯⎯⎯ Unhandled Errors ⎯⎯⎯⎯⎯⎯

Vitest caught 7 unhandled errors during the test run.
This might cause false positive tests. Resolve unhandled errors to make sure your tests are not affected.

⎯⎯⎯⎯⎯ Uncaught Exception ⎯⎯⎯⎯⎯
Error: listen EPERM: operation not permitted 127.0.0.1
 ❯ Server.setupListenHandle [as _listen2] node:net:1917:21
 ❯ listenInCluster node:net:1996:12
 ❯ node:net:2205:7
 ❯ processTicksAndRejections node:internal/process/task_queues:90:21

⎯⎯⎯⎯⎯⎯⎯⎯⎯⎯⎯⎯⎯⎯⎯⎯⎯⎯⎯⎯⎯⎯⎯⎯⎯⎯⎯⎯⎯⎯
Serialized Error: { code: 'EPERM', errno: -1, syscall: 'listen', address: '127.0.0.1' }
This error originated in "server/routes/sync.reconciliation.test.ts" test file. It doesn't mean the error was thrown inside the file itself, but while it was running.
The latest test that might've caused the error is "scopes history chunks to the authenticated owner and rejects invalid positions and corrupt bytes". It might mean one of the following:
- The error was thrown, while Vitest was running this test.
- If the error occurred after the test had been completed, this was the last documented test before it was thrown.

⎯⎯⎯⎯⎯ Uncaught Exception ⎯⎯⎯⎯⎯
Error: listen EPERM: operation not permitted 127.0.0.1
 ❯ Server.setupListenHandle [as _listen2] node:net:1917:21
 ❯ listenInCluster node:net:1996:12
 ❯ node:net:2205:7
 ❯ processTicksAndRejections node:internal/process/task_queues:90:21

⎯⎯⎯⎯⎯⎯⎯⎯⎯⎯⎯⎯⎯⎯⎯⎯⎯⎯⎯⎯⎯⎯⎯⎯⎯⎯⎯⎯⎯⎯
Serialized Error: { code: 'EPERM', errno: -1, syscall: 'listen', address: '127.0.0.1' }
This error originated in "server/routes/sync.reconciliation.test.ts" test file. It doesn't mean the error was thrown inside the file itself, but while it was running.
The latest test that might've caused the error is "discovers only the authenticated account epoch and never caches or enrolls it". It might mean one of the following:
- The error was thrown, while Vitest was running this test.
- If the error occurred after the test had been completed, this was the last documented test before it was thrown.

⎯⎯⎯⎯⎯ Uncaught Exception ⎯⎯⎯⎯⎯
Error: listen EPERM: operation not permitted 127.0.0.1
 ❯ Server.setupListenHandle [as _listen2] node:net:1917:21
 ❯ listenInCluster node:net:1996:12
 ❯ node:net:2205:7
 ❯ processTicksAndRejections node:internal/process/task_queues:90:21

⎯⎯⎯⎯⎯⎯⎯⎯⎯⎯⎯⎯⎯⎯⎯⎯⎯⎯⎯⎯⎯⎯⎯⎯⎯⎯⎯⎯⎯⎯
Serialized Error: { code: 'EPERM', errno: -1, syscall: 'listen', address: '127.0.0.1' }
This error originated in "server/routes/sync.reconciliation.test.ts" test file. It doesn't mean the error was thrown inside the file itself, but while it was running.
The latest test that might've caused the error is "routes causal actions by authenticated owner and rejects mismatched receipts". It might mean one of the following:
- The error was thrown, while Vitest was running this test.
- If the error occurred after the test had been completed, this was the last documented test before it was thrown.

⎯⎯⎯⎯⎯ Uncaught Exception ⎯⎯⎯⎯⎯
Error: listen EPERM: operation not permitted 127.0.0.1
 ❯ Server.setupListenHandle [as _listen2] node:net:1917:21
 ❯ listenInCluster node:net:1996:12
 ❯ node:net:2205:7
 ❯ processTicksAndRejections node:internal/process/task_queues:90:21

⎯⎯⎯⎯⎯⎯⎯⎯⎯⎯⎯⎯⎯⎯⎯⎯⎯⎯⎯⎯⎯⎯⎯⎯⎯⎯⎯⎯⎯⎯
Serialized Error: { code: 'EPERM', errno: -1, syscall: 'listen', address: '127.0.0.1' }
This error originated in "server/routes/sync.reconciliation.test.ts" test file. It doesn't mean the error was thrown inside the file itself, but while it was running.
The latest test that might've caused the error is "replays a staged oversized mutation through the exact legacy receipt boundary". It might mean one of the following:
- The error was thrown, while Vitest was running this test.
- If the error occurred after the test had been completed, this was the last documented test before it was thrown.

⎯⎯⎯⎯⎯ Uncaught Exception ⎯⎯⎯⎯⎯
Error: listen EPERM: operation not permitted 127.0.0.1
 ❯ Server.setupListenHandle [as _listen2] node:net:1917:21
 ❯ listenInCluster node:net:1996:12
 ❯ node:net:2205:7
 ❯ processTicksAndRejections node:internal/process/task_queues:90:21

⎯⎯⎯⎯⎯⎯⎯⎯⎯⎯⎯⎯⎯⎯⎯⎯⎯⎯⎯⎯⎯⎯⎯⎯⎯⎯⎯⎯⎯⎯
Serialized Error: { code: 'EPERM', errno: -1, syscall: 'listen', address: '127.0.0.1' }
This error originated in "server/routes/sync.reconciliation.test.ts" test file. It doesn't mean the error was thrown inside the file itself, but while it was running.
The latest test that might've caused the error is "uses authenticated owner identity and accepts original UTC offset timestamps". It might mean one of the following:
- The error was thrown, while Vitest was running this test.
- If the error occurred after the test had been completed, this was the last documented test before it was thrown.

⎯⎯⎯⎯⎯ Uncaught Exception ⎯⎯⎯⎯⎯
Error: listen EPERM: operation not permitted 127.0.0.1
 ❯ Server.setupListenHandle [as _listen2] node:net:1917:21
 ❯ listenInCluster node:net:1996:12
 ❯ node:net:2205:7
 ❯ processTicksAndRejections node:internal/process/task_queues:90:21

⎯⎯⎯⎯⎯⎯⎯⎯⎯⎯⎯⎯⎯⎯⎯⎯⎯⎯⎯⎯⎯⎯⎯⎯⎯⎯⎯⎯⎯⎯
Serialized Error: { code: 'EPERM', errno: -1, syscall: 'listen', address: '127.0.0.1' }
This error originated in "server/routes/sync.reconciliation.test.ts" test file. It doesn't mean the error was thrown inside the file itself, but while it was running.
The latest test that might've caused the error is "rejects a client-supplied owner override and duplicate mutation identities". It might mean one of the following:
- The error was thrown, while Vitest was running this test.
- If the error occurred after the test had been completed, this was the last documented test before it was thrown.

⎯⎯⎯⎯⎯ Uncaught Exception ⎯⎯⎯⎯⎯
Error: listen EPERM: operation not permitted 127.0.0.1
 ❯ Server.setupListenHandle [as _listen2] node:net:1917:21
 ❯ listenInCluster node:net:1996:12
 ❯ node:net:2205:7
 ❯ processTicksAndRejections node:internal/process/task_queues:90:21

⎯⎯⎯⎯⎯⎯⎯⎯⎯⎯⎯⎯⎯⎯⎯⎯⎯⎯⎯⎯⎯⎯⎯⎯⎯⎯⎯⎯⎯⎯
Serialized Error: { code: 'EPERM', errno: -1, syscall: 'listen', address: '127.0.0.1' }
This error originated in "server/routes/sync.reconciliation.test.ts" test file. It doesn't mean the error was thrown inside the file itself, but while it was running.
The latest test that might've caused the error is "does not acknowledge a different candidate returned by the database". It might mean one of the following:
- The error was thrown, while Vitest was running this test.
- If the error occurred after the test had been completed, this was the last documented test before it was thrown.
⎯⎯⎯⎯⎯⎯⎯⎯⎯⎯⎯⎯⎯⎯⎯⎯⎯⎯⎯⎯⎯⎯⎯⎯⎯⎯⎯⎯⎯⎯


 Test Files  1 failed | 1 passed (2)
      Tests  7 failed | 4 passed (11)
     Errors  7 errors
   Start at  02:15:42
   Duration  35.62s (transform 286ms, setup 0ms, import 527ms, tests 35.27s, environment 0ms)

