
> tsurfing@0.4.0-beta.1 verify:identifiers
> node scripts/check-durable-identifiers.mjs

IDENTIFIER_OK Capacitor application ID
IDENTIFIER_OK Legacy Android namespace
IDENTIFIER_OK Legacy Android application ID
IDENTIFIER_OK Native Android namespace
IDENTIFIER_OK Native Android application ID
IDENTIFIER_OK Web causal authority store
IDENTIFIER_OK Web tracking key path
IDENTIFIER_OK Web database name
IDENTIFIER_OK Active web database key
IDENTIFIER_OK Web WAL prefix
IDENTIFIER_OK Web device ID key
IDENTIFIER_OK Native database name
IDENTIFIER_OK Native URL scheme
IDENTIFIER_OK Native auth redirect URI
IDENTIFIER_OK Secure-session preferences name
IDENTIFIER_OK Android Keystore alias
IDENTIFIER_OK Encrypted backup legacy magic
IDENTIFIER_OK Encrypted backup current magic
IDENTIFIER_OK Backup storage bucket
IDENTIFIER_OK Encrypted backup suffix
IDENTIFIER_OK Room schema filenames
IDENTIFIER_MISMATCH Postgres migration filenames: expected ["202607170001_foundation.sql","202607180001_scheduled_execution.sql","202608250001_reliability_hardening.sql","202608260001_zero_silent_data_loss.sql","202608290001_native_task_events.sql","202608300001_complete_native_sync_transport.sql","202608310001_telegram_auth_state_pkce.sql","202609030001_access_boundary_hardening.sql","202609030002_account_lifecycle.sql","202609030003_backup_restore_hardening.sql","202609030004_telegram_webhook_claims.sql","202609030005_telegram_mini_sessions.sql","202609030006_telegram_link_hardening.sql","202609030007_telegram_capture_confirmation.sql","202609040001_email_otp_activation.sql","202609040002_telegram_oidc_activation.sql","202609040003_realtime_sync_wakeup.sql","202609040004_database_advisor_hardening.sql","202609070001_legacy_mac_numeric_projection.sql","202609070002_automatic_sync_reconciliation.sql","20260907122729_focus_session_preservation.sql","20260907123917_focus_session_receipt_guard.sql","20260907203259_s2_sync_lock_order.sql","20260907205825_s2_counter_projection.sql","20260907211939_s2_focus_transitions.sql","20260907220709_s2_private_action_ledger.sql","20260907222904_s2_staged_reconciliation.sql","20260907234144_s2_counter_day_admission.sql"], received ["202607170001_foundation.sql","202607180001_scheduled_execution.sql","202608250001_reliability_hardening.sql","202608260001_zero_silent_data_loss.sql","202608290001_native_task_events.sql","202608300001_complete_native_sync_transport.sql","202608310001_telegram_auth_state_pkce.sql","202609030001_access_boundary_hardening.sql","202609030002_account_lifecycle.sql","202609030003_backup_restore_hardening.sql","202609030004_telegram_webhook_claims.sql","202609030005_telegram_mini_sessions.sql","202609030006_telegram_link_hardening.sql","202609030007_telegram_capture_confirmation.sql","202609040001_email_otp_activation.sql","202609040002_telegram_oidc_activation.sql","202609040003_realtime_sync_wakeup.sql","202609040004_database_advisor_hardening.sql","202609070001_legacy_mac_numeric_projection.sql","202609070002_automatic_sync_reconciliation.sql","20260907122729_focus_session_preservation.sql","20260907123917_focus_session_receipt_guard.sql","20260907203259_s2_sync_lock_order.sql","20260907205825_s2_counter_projection.sql","20260907211939_s2_focus_transitions.sql","20260907220709_s2_private_action_ledger.sql","20260907222904_s2_staged_reconciliation.sql","20260907234144_s2_counter_day_admission.sql","20260908004753_s2_causal_capability_discovery.sql"]
Durable identifier check FAILED. Do not change identifiers or historical migration/schema filenames during canonicalization or rename preparation.
