DO
DO
DO
CREATE SCHEMA
CREATE TABLE
CREATE TABLE
CREATE FUNCTION
CREATE SCHEMA
CREATE TABLE
ALTER TABLE
ALTER TABLE
GRANT
GRANT
CREATE FUNCTION
GRANT
CREATE FUNCTION
CREATE SCHEMA
CREATE TABLE
CREATE TABLE
CREATE EXTENSION
CREATE SEQUENCE
CREATE TABLE
CREATE INDEX
CREATE TABLE
CREATE TABLE
CREATE TABLE
CREATE INDEX
CREATE TABLE
CREATE TABLE
CREATE TABLE
ALTER TABLE
ALTER TABLE
ALTER TABLE
ALTER TABLE
ALTER TABLE
ALTER TABLE
ALTER TABLE
psql:supabase/migrations/202607170001_foundation.sql:78: NOTICE:  policy "users read own profile" for relation "public.profiles" does not exist, skipping
DROP POLICY
CREATE POLICY
psql:supabase/migrations/202607170001_foundation.sql:80: NOTICE:  policy "users own sync records" for relation "public.sync_records" does not exist, skipping
DROP POLICY
CREATE POLICY
REVOKE
REVOKE
REVOKE
REVOKE
REVOKE
CREATE FUNCTION
REVOKE
GRANT
CREATE SEQUENCE
CREATE TABLE
CREATE INDEX
CREATE INDEX
CREATE INDEX
CREATE INDEX
CREATE TABLE
CREATE TABLE
CREATE INDEX
CREATE TABLE
CREATE TABLE
CREATE TABLE
CREATE TABLE
CREATE INDEX
CREATE TABLE
CREATE TABLE
CREATE TABLE
INSERT 0 1
CREATE FUNCTION
psql:supabase/migrations/202607180001_scheduled_execution.sql:193: NOTICE:  trigger "validate_goalflow_task_schedule_trigger" for relation "public.tasks" does not exist, skipping
DROP TRIGGER
CREATE TRIGGER
ALTER TABLE
ALTER TABLE
ALTER TABLE
ALTER TABLE
ALTER TABLE
ALTER TABLE
ALTER TABLE
ALTER TABLE
ALTER TABLE
ALTER TABLE
psql:supabase/migrations/202607180001_scheduled_execution.sql:209: NOTICE:  policy "users own scheduled tasks" for relation "public.tasks" does not exist, skipping
DROP POLICY
CREATE POLICY
psql:supabase/migrations/202607180001_scheduled_execution.sql:212: NOTICE:  policy "users own daily plans" for relation "public.daily_plans" does not exist, skipping
DROP POLICY
CREATE POLICY
psql:supabase/migrations/202607180001_scheduled_execution.sql:215: NOTICE:  policy "users read own task events" for relation "public.task_events" does not exist, skipping
DROP POLICY
CREATE POLICY
psql:supabase/migrations/202607180001_scheduled_execution.sql:218: NOTICE:  policy "users read own telegram identity" for relation "public.telegram_identities" does not exist, skipping
DROP POLICY
CREATE POLICY
psql:supabase/migrations/202607180001_scheduled_execution.sql:221: NOTICE:  policy "users read own pending captures" for relation "public.telegram_captures" does not exist, skipping
DROP POLICY
CREATE POLICY
psql:supabase/migrations/202607180001_scheduled_execution.sql:224: NOTICE:  policy "users read own free entitlement" for relation "public.entitlements" does not exist, skipping
DROP POLICY
CREATE POLICY
psql:supabase/migrations/202607180001_scheduled_execution.sql:227: NOTICE:  policy "users own sync conflicts" for relation "public.sync_conflicts" does not exist, skipping
DROP POLICY
CREATE POLICY
psql:supabase/migrations/202607180001_scheduled_execution.sql:230: NOTICE:  policy "users read own backup metadata" for relation "public.backup_metadata" does not exist, skipping
DROP POLICY
CREATE POLICY
REVOKE
REVOKE
REVOKE
REVOKE
REVOKE
REVOKE
REVOKE
CREATE FUNCTION
REVOKE
GRANT
CREATE FUNCTION
CREATE FUNCTION
CREATE FUNCTION
CREATE FUNCTION
CREATE FUNCTION
REVOKE
REVOKE
REVOKE
REVOKE
REVOKE
GRANT
GRANT
GRANT
GRANT
GRANT
CREATE FUNCTION
REVOKE
GRANT
INSERT 0 0
INSERT 0 0
CREATE FUNCTION
DROP TRIGGER
CREATE TRIGGER
ALTER TABLE
ALTER TABLE
ALTER TABLE
ALTER TABLE
ALTER TABLE
CREATE INDEX
CREATE INDEX
CREATE INDEX
CREATE INDEX
CREATE FUNCTION
REVOKE
GRANT
CREATE FUNCTION
CREATE FUNCTION
REVOKE
REVOKE
ALTER TABLE
ALTER TABLE
ALTER TABLE
CREATE FUNCTION
CREATE FUNCTION
CREATE FUNCTION
psql:supabase/migrations/202608260001_zero_silent_data_loss.sql:323: NOTICE:  trigger "mirror_goalflow_task_to_sync_trigger" for relation "public.tasks" does not exist, skipping
DROP TRIGGER
CREATE TRIGGER
CREATE FUNCTION
CREATE FUNCTION
CREATE FUNCTION
psql:supabase/migrations/202608260001_zero_silent_data_loss.sql:466: NOTICE:  trigger "mirror_goalflow_daily_plan_to_sync_trigger" for relation "public.daily_plans" does not exist, skipping
DROP TRIGGER
CREATE TRIGGER
CREATE FUNCTION
REVOKE
REVOKE
GRANT
INSERT 0 0
INSERT 0 0
CREATE FUNCTION
REVOKE
GRANT
CREATE TABLE
CREATE FUNCTION
CREATE FUNCTION
REVOKE
GRANT
psql:supabase/migrations/202608260001_zero_silent_data_loss.sql:1264: NOTICE:  relation "api_mutation_receipts" already exists, skipping
CREATE TABLE
ALTER TABLE
REVOKE
CREATE INDEX
CREATE FUNCTION
CREATE FUNCTION
CREATE FUNCTION
CREATE FUNCTION
CREATE FUNCTION
CREATE FUNCTION
CREATE FUNCTION
CREATE FUNCTION
CREATE FUNCTION
CREATE FUNCTION
REVOKE
REVOKE
REVOKE
REVOKE
REVOKE
REVOKE
REVOKE
REVOKE
REVOKE
REVOKE
GRANT
GRANT
GRANT
GRANT
GRANT
GRANT
GRANT
CREATE FUNCTION
REVOKE
GRANT
CREATE FUNCTION
psql:supabase/migrations/202608290001_native_task_events.sql:125: NOTICE:  trigger "project_goalflow_task_event_sync_trigger" for relation "public.sync_records" does not exist, skipping
DROP TRIGGER
CREATE TRIGGER
DO
CREATE FUNCTION
CREATE FUNCTION
CREATE FUNCTION
CREATE FUNCTION
psql:supabase/migrations/202608300001_complete_native_sync_transport.sql:171: NOTICE:  trigger "mirror_goalflow_task_event_to_sync_trigger" for relation "public.task_events" does not exist, skipping
DROP TRIGGER
CREATE TRIGGER
INSERT 0 0
REVOKE
REVOKE
REVOKE
GRANT
GRANT
GRANT
ALTER TABLE
CREATE INDEX
CREATE FUNCTION
REVOKE
REVOKE
GRANT
GRANT
BEGIN
REVOKE
GRANT
ALTER TABLE
ALTER TABLE
ALTER TABLE
ALTER TABLE
ALTER TABLE
ALTER TABLE
ALTER TABLE
ALTER TABLE
ALTER TABLE
ALTER TABLE
ALTER TABLE
ALTER TABLE
ALTER TABLE
ALTER TABLE
ALTER TABLE
ALTER TABLE
ALTER TABLE
ALTER TABLE
REVOKE
GRANT
REVOKE
GRANT
ALTER TABLE
REVOKE
GRANT
REVOKE
GRANT
GRANT
GRANT
GRANT
GRANT
GRANT
GRANT
GRANT
GRANT
GRANT
GRANT
GRANT
GRANT
DO
ALTER TABLE
ALTER TABLE
ALTER TABLE
CREATE FUNCTION
REVOKE
psql:supabase/migrations/202609030001_access_boundary_hardening.sql:197: NOTICE:  trigger "validate_goalflow_daily_plan_ownership_trigger" for relation "public.daily_plans" does not exist, skipping
DROP TRIGGER
CREATE TRIGGER
ALTER DEFAULT PRIVILEGES
ALTER DEFAULT PRIVILEGES
ALTER DEFAULT PRIVILEGES
COMMIT
BEGIN
CREATE TABLE
CREATE INDEX
ALTER TABLE
REVOKE
GRANT
CREATE FUNCTION
CREATE FUNCTION
CREATE FUNCTION
CREATE FUNCTION
REVOKE
REVOKE
REVOKE
REVOKE
GRANT
GRANT
GRANT
GRANT
COMMIT
BEGIN
ALTER TABLE
ALTER TABLE
ALTER TABLE
DO
ALTER TABLE
CREATE FUNCTION
CREATE FUNCTION
CREATE FUNCTION
CREATE FUNCTION
REVOKE
REVOKE
REVOKE
REVOKE
REVOKE
GRANT
GRANT
GRANT
GRANT
COMMIT
ALTER TABLE
psql:supabase/migrations/202609030004_telegram_webhook_claims.sql:11: NOTICE:  constraint "telegram_updates_outcome_check" of relation "telegram_updates" does not exist, skipping
ALTER TABLE
ALTER TABLE
ALTER TABLE
psql:supabase/migrations/202609030004_telegram_webhook_claims.sql:18: NOTICE:  constraint "telegram_updates_attempt_count_check" of relation "telegram_updates" does not exist, skipping
ALTER TABLE
ALTER TABLE
ALTER TABLE
CREATE INDEX
CREATE FUNCTION
CREATE FUNCTION
REVOKE
REVOKE
GRANT
GRANT
DO
CREATE TABLE
CREATE INDEX
CREATE INDEX
ALTER TABLE
REVOKE
CREATE FUNCTION
CREATE FUNCTION
CREATE FUNCTION
CREATE FUNCTION
REVOKE
REVOKE
REVOKE
REVOKE
GRANT
GRANT
GRANT
GRANT
CREATE FUNCTION
REVOKE
GRANT
CREATE FUNCTION
REVOKE
GRANT
BEGIN
CREATE TABLE
CREATE INDEX
CREATE INDEX
CREATE INDEX
ALTER TABLE
ALTER TABLE
REVOKE
GRANT
CREATE FUNCTION
CREATE FUNCTION
CREATE FUNCTION
REVOKE
REVOKE
REVOKE
REVOKE
GRANT
GRANT
GRANT
COMMIT
BEGIN
ALTER TABLE
CREATE INDEX
ALTER TABLE
ALTER TABLE
REVOKE
GRANT
CREATE FUNCTION
REVOKE
REVOKE
GRANT
COMMIT
BEGIN
CREATE TABLE
ALTER TABLE
ALTER TABLE
REVOKE
GRANT
GRANT
psql:supabase/migrations/202609040003_realtime_sync_wakeup.sql:24: NOTICE:  policy "users read own sync wakeup state" for relation "public.sync_wakeup_state" does not exist, skipping
DROP POLICY
CREATE POLICY
CREATE FUNCTION
REVOKE
psql:supabase/migrations/202609040003_realtime_sync_wakeup.sql:83: NOTICE:  trigger "tsurfing_sync_wakeup_trigger" for relation "public.sync_records" does not exist, skipping
DROP TRIGGER
CREATE TRIGGER
psql:supabase/migrations/202609040003_realtime_sync_wakeup.sql:90: NOTICE:  policy "users receive own sync wakeups" for relation "realtime.messages" does not exist, skipping
DROP POLICY
CREATE POLICY
COMMIT
BEGIN
ALTER FUNCTION
DROP POLICY
CREATE POLICY
DROP POLICY
CREATE POLICY
DROP POLICY
CREATE POLICY
DROP POLICY
CREATE POLICY
DROP POLICY
CREATE POLICY
DROP POLICY
CREATE POLICY
DROP POLICY
CREATE POLICY
DROP POLICY
CREATE POLICY
DROP POLICY
CREATE POLICY
DROP POLICY
CREATE POLICY
CREATE INDEX
CREATE INDEX
CREATE INDEX
CREATE INDEX
CREATE INDEX
CREATE INDEX
CREATE INDEX
CREATE INDEX
CREATE INDEX
CREATE INDEX
CREATE INDEX
CREATE INDEX
CREATE INDEX
CREATE INDEX
CREATE INDEX
COMMIT
DO
CREATE FUNCTION
REVOKE
GRANT
CREATE FUNCTION
REVOKE
GRANT
CREATE FUNCTION
REVOKE
GRANT
CREATE FUNCTION
REVOKE
GRANT
CREATE TRIGGER
CREATE FUNCTION
REVOKE
GRANT
DO
DO
CREATE FUNCTION
REVOKE
GRANT
CREATE FUNCTION
CREATE FUNCTION
CREATE FUNCTION
REVOKE
REVOKE
REVOKE
GRANT
GRANT
GRANT
CREATE SCHEMA
REVOKE
GRANT
CREATE TABLE
CREATE TABLE
CREATE TABLE
CREATE INDEX
ALTER TABLE
ALTER TABLE
ALTER TABLE
REVOKE
GRANT
GRANT
GRANT
GRANT
GRANT
CREATE FUNCTION
REVOKE
GRANT
CREATE FUNCTION
REVOKE
GRANT
DO
CREATE FUNCTION
CREATE FUNCTION
REVOKE
GRANT
CREATE TABLE
CREATE TABLE
ALTER TABLE
ALTER TABLE
REVOKE
GRANT
CREATE FUNCTION
REVOKE
GRANT
CREATE FUNCTION
REVOKE
GRANT
CREATE FUNCTION
REVOKE
GRANT
CREATE FUNCTION
REVOKE
GRANT
GRANT
DO
CREATE FUNCTION
REVOKE
GRANT
CREATE INDEX
CREATE FUNCTION
REVOKE
GRANT
