[WebServer] (node:53854) Warning: The 'NO_COLOR' env is ignored due to the 'FORCE_COLOR' env being set.
[WebServer] (Use `node --trace-warnings ...` to show where the warning was created)
[WebServer] 
[WebServer] (!) Some chunks are larger than 500 kB after minification. Consider:
[WebServer] - Using dynamic import() to code-split the application
[WebServer] - Use build.rollupOptions.output.manualChunks to improve chunking: https://rollupjs.org/configuration-options/#output-manualchunks
[WebServer] - Adjust chunk size limit for this warning via build.chunkSizeWarningLimit.
[WebServer] (node:53871) Warning: The 'NO_COLOR' env is ignored due to the 'FORCE_COLOR' env being set.
[WebServer] (Use `node --trace-warnings ...` to show where the warning was created)
[WebServer] (node:53898) Warning: The 'NO_COLOR' env is ignored due to the 'FORCE_COLOR' env being set.
[WebServer] (Use `node --trace-warnings ...` to show where the warning was created)

Running 4 tests using 2 workers

(node:53907) Warning: The 'NO_COLOR' env is ignored due to the 'FORCE_COLOR' env being set.
(Use `node --trace-warnings ...` to show where the warning was created)
(node:53908) Warning: The 'NO_COLOR' env is ignored due to the 'FORCE_COLOR' env being set.
(Use `node --trace-warnings ...` to show where the warning was created)
  ✓  1 [chromium] › tests/e2e/s2-storage-fence.spec.ts:9:1 › real S1 storage rejects a tracking flush after cutover and retains exact captured WAL (556ms)
  ✓  3 [chromium] › tests/e2e/s2-storage-fence.spec.ts:38:1 › an uncooperative older connection delays cutover; its final committed write is preserved (364ms)
  ✓  2 [webkit] › tests/e2e/s2-storage-fence.spec.ts:9:1 › real S1 storage rejects a tracking flush after cutover and retains exact captured WAL (1.2s)
  ✓  4 [webkit] › tests/e2e/s2-storage-fence.spec.ts:38:1 › an uncooperative older connection delays cutover; its final committed write is preserved (1.1s)

  4 passed (8.1s)
