[WebServer] (node:55005) Warning: The 'NO_COLOR' env is ignored due to the 'FORCE_COLOR' env being set.
[WebServer] (Use `node --trace-warnings ...` to show where the warning was created)
[WebServer] 
[WebServer] (!) Some chunks are larger than 500 kB after minification. Consider:
[WebServer] - Using dynamic import() to code-split the application
[WebServer] - Use build.rollupOptions.output.manualChunks to improve chunking: https://rollupjs.org/configuration-options/#output-manualchunks
[WebServer] - Adjust chunk size limit for this warning via build.chunkSizeWarningLimit.
[WebServer] (node:55036) Warning: The 'NO_COLOR' env is ignored due to the 'FORCE_COLOR' env being set.
[WebServer] (Use `node --trace-warnings ...` to show where the warning was created)
[WebServer] (node:55063) Warning: The 'NO_COLOR' env is ignored due to the 'FORCE_COLOR' env being set.
[WebServer] (Use `node --trace-warnings ...` to show where the warning was created)

Running 42 tests using 2 workers

(node:55071) Warning: The 'NO_COLOR' env is ignored due to the 'FORCE_COLOR' env being set.
(Use `node --trace-warnings ...` to show where the warning was created)
(node:55072) Warning: The 'NO_COLOR' env is ignored due to the 'FORCE_COLOR' env being set.
(Use `node --trace-warnings ...` to show where the warning was created)
  ✓   1 [chromium] › tests/e2e/s1-local-storage.spec.ts:24:1 › A/E: one profile, two real app tabs observe committed tasks without reload or cloud pull (2.3s)
  ✓   3 [chromium] › tests/e2e/s1-local-storage.spec.ts:36:1 › C: releasing an obsolete React debounce after remote hydration creates no action (583ms)
  ✓   2 [webkit] › tests/e2e/s1-local-storage.spec.ts:24:1 › A/E: one profile, two real app tabs observe committed tasks without reload or cloud pull (3.7s)
  ✓   4 [chromium] › tests/e2e/s1-local-storage.spec.ts:63:1 › A: paused peer focus reaches rendered refs; ticks and empty peer hints create no actions (2.7s)
  ✓   5 [webkit] › tests/e2e/s1-local-storage.spec.ts:36:1 › C: releasing an obsolete React debounce after remote hydration creates no action (2.0s)
  ✓   6 [chromium] › tests/e2e/s1-local-storage.spec.ts:103:1 › capture failure preserves editable task input and reports the local failure (991ms)
  ✓   8 [chromium] › tests/e2e/s1-local-storage.spec.ts:122:1 › dirty note text survives peer hydration and wrong-account success hints (1.4s)
  ✓   7 [webkit] › tests/e2e/s1-local-storage.spec.ts:63:1 › A: paused peer focus reaches rendered refs; ticks and empty peer hints create no actions (2.7s)
  ✓   9 [chromium] › tests/e2e/s1-local-storage.spec.ts:147:46 › A: empty production pull after peer paused refreshes the next focus baseline (1.5s)
  ✓  10 [webkit] › tests/e2e/s1-local-storage.spec.ts:103:1 › capture failure preserves editable task input and reports the local failure (1.1s)
  ✓  11 [chromium] › tests/e2e/s1-local-storage.spec.ts:147:46 › A: empty production pull after peer completed refreshes the next focus baseline (2.3s)
  ✓  13 [chromium] › tests/e2e/s1-local-storage.spec.ts:202:1 › C: account switch and unmount retire old React callbacks without creating actions (624ms)
  ✓  12 [webkit] › tests/e2e/s1-local-storage.spec.ts:122:1 › dirty note text survives peer hydration and wrong-account success hints (3.0s)
  ✓  14 [chromium] › tests/e2e/s1-local-storage.spec.ts:219:1 › visibility: missed hints and absent BroadcastChannel recover on resume (1.2s)
  ✓  16 [chromium] › tests/e2e/s1-local-storage.spec.ts:241:1 › status: an obsolete async commit read cannot overwrite a newer permanent error (927ms)
  ✓  15 [webkit] › tests/e2e/s1-local-storage.spec.ts:147:46 › A: empty production pull after peer paused refreshes the next focus baseline (2.8s)
  ✓  17 [chromium] › tests/e2e/s1-local-storage.spec.ts:260:1 › E: real grouped completion and an independent note edit remain queued (2.1s)
  ✓  19 [chromium] › tests/e2e/s1-local-storage.spec.ts:293:56 › D: real IndexedDB inbound retains before/during/after intent (468ms)
  ✓  20 [chromium] › tests/e2e/s1-local-storage.spec.ts:293:56 › D: real IndexedDB reconciliation retains before/during/after intent (519ms)
  ✓  18 [webkit] › tests/e2e/s1-local-storage.spec.ts:147:46 › A: empty production pull after peer completed refreshes the next focus baseline (2.4s)
  ✓  21 [chromium] › tests/e2e/s1-local-storage.spec.ts:340:1 › B: real IndexedDB metadata writers preserve a queued independent transaction and exact receipts (427ms)
  ✓  23 [chromium] › tests/e2e/s1-local-storage.spec.ts:400:42 › F: real browser unavailable IndexedDB preserves cursor and WAL, mirror fault=false (228ms)
  ✓  24 [chromium] › tests/e2e/s1-local-storage.spec.ts:400:42 › F: real browser unavailable IndexedDB preserves cursor and WAL, mirror fault=true (222ms)
  ✓  22 [webkit] › tests/e2e/s1-local-storage.spec.ts:202:1 › C: account switch and unmount retire old React callbacks without creating actions (823ms)
  ✓  25 [chromium] › tests/e2e/s1-local-storage.spec.ts:428:1 › G: equal-count WAL replacement in another page invalidates content and stays idempotent (642ms)
  ✓  27 [chromium] › tests/e2e/s1-local-storage.spec.ts:454:1 › note capture failure preserves editable text and exposes the failure at the editor (1.1s)
  ✓  26 [webkit] › tests/e2e/s1-local-storage.spec.ts:219:1 › visibility: missed hints and absent BroadcastChannel recover on resume (1.8s)
  ✓  28 [chromium] › tests/e2e/s1-local-storage.spec.ts:474:1 › bootstrap: two simultaneous real app hydrations import one legacy plan without duplicate actions (725ms)
  ✓  29 [webkit] › tests/e2e/s1-local-storage.spec.ts:241:1 › status: an obsolete async commit read cannot overwrite a newer permanent error (884ms)
  ✓  30 [chromium] › tests/e2e/s1-local-storage.spec.ts:498:1 › local retry: a captured action commits after storage recovery without a cloud client (823ms)
  ✓  32 [chromium] › tests/e2e/s1-local-storage.spec.ts:518:1 › S1.2: local recovery cannot erase an earlier unresolved cloud error (356ms)
  ✓  31 [webkit] › tests/e2e/s1-local-storage.spec.ts:260:1 › E: real grouped completion and an independent note edit remain queued (2.7s)
  ✓  33 [webkit] › tests/e2e/s1-local-storage.spec.ts:293:56 › D: real IndexedDB inbound retains before/during/after intent (597ms)
  ✓  34 [webkit] › tests/e2e/s1-local-storage.spec.ts:293:56 › D: real IndexedDB reconciliation retains before/during/after intent (639ms)
  ✓  35 [webkit] › tests/e2e/s1-local-storage.spec.ts:340:1 › B: real IndexedDB metadata writers preserve a queued independent transaction and exact receipts (844ms)
  ✓  36 [webkit] › tests/e2e/s1-local-storage.spec.ts:400:42 › F: real browser unavailable IndexedDB preserves cursor and WAL, mirror fault=false (403ms)
  ✓  37 [webkit] › tests/e2e/s1-local-storage.spec.ts:400:42 › F: real browser unavailable IndexedDB preserves cursor and WAL, mirror fault=true (390ms)
  ✓  38 [webkit] › tests/e2e/s1-local-storage.spec.ts:428:1 › G: equal-count WAL replacement in another page invalidates content and stays idempotent (1.1s)
  ✓  39 [webkit] › tests/e2e/s1-local-storage.spec.ts:454:1 › note capture failure preserves editable text and exposes the failure at the editor (1.1s)
  ✓  40 [webkit] › tests/e2e/s1-local-storage.spec.ts:474:1 › bootstrap: two simultaneous real app hydrations import one legacy plan without duplicate actions (1.0s)
  ✓  41 [webkit] › tests/e2e/s1-local-storage.spec.ts:498:1 › local retry: a captured action commits after storage recovery without a cloud client (1.0s)
  ✓  42 [webkit] › tests/e2e/s1-local-storage.spec.ts:518:1 › S1.2: local recovery cannot erase an earlier unresolved cloud error (575ms)

  42 passed (40.6s)
