> Task :app:checkKotlinGradlePluginConfigurationErrors SKIPPED
> Task :app:preBuild UP-TO-DATE
> Task :app:preProductionDebugBuild UP-TO-DATE
> Task :app:generateProductionDebugBuildConfig UP-TO-DATE
> Task :app:checkProductionDebugAarMetadata UP-TO-DATE
> Task :app:generateProductionDebugResValues UP-TO-DATE
> Task :app:mapProductionDebugSourceSetPaths UP-TO-DATE
> Task :app:generateProductionDebugResources UP-TO-DATE
> Task :app:mergeProductionDebugResources UP-TO-DATE
> Task :app:packageProductionDebugResources UP-TO-DATE
> Task :app:parseProductionDebugLocalResources UP-TO-DATE
> Task :app:createProductionDebugCompatibleScreenManifests UP-TO-DATE
> Task :app:extractDeepLinksProductionDebug UP-TO-DATE
> Task :app:processProductionDebugMainManifest UP-TO-DATE
> Task :app:processProductionDebugManifest UP-TO-DATE
> Task :app:processProductionDebugManifestForPackage UP-TO-DATE
> Task :app:processProductionDebugResources UP-TO-DATE
> Task :app:kaptGenerateStubsProductionDebugKotlin UP-TO-DATE
> Task :app:kaptProductionDebugKotlin UP-TO-DATE
> Task :app:compileProductionDebugKotlin UP-TO-DATE
> Task :app:javaPreCompileProductionDebug UP-TO-DATE
> Task :app:compileProductionDebugJavaWithJavac UP-TO-DATE
> Task :app:bundleProductionDebugClassesToRuntimeJar UP-TO-DATE
> Task :app:bundleProductionDebugClassesToCompileJar UP-TO-DATE
> Task :app:preProductionDebugUnitTestBuild UP-TO-DATE
> Task :app:javaPreCompileProductionDebugUnitTest UP-TO-DATE
> Task :app:mergeProductionDebugShaders UP-TO-DATE
> Task :app:compileProductionDebugShaders NO-SOURCE
> Task :app:generateProductionDebugAssets UP-TO-DATE
> Task :app:mergeProductionDebugAssets UP-TO-DATE
> Task :app:packageProductionDebugUnitTestForUnitTest UP-TO-DATE
> Task :app:generateProductionDebugUnitTestConfig UP-TO-DATE
> Task :app:processProductionDebugJavaRes UP-TO-DATE
> Task :app:preProductionDebugAndroidTestBuild SKIPPED
> Task :app:generateProductionDebugAndroidTestResValues UP-TO-DATE
> Task :app:generateProductionDebugAndroidTestLintModel
> Task :app:extractProguardFiles UP-TO-DATE
> Task :app:generateProductionDebugLintReportModel
> Task :app:generateProductionDebugUnitTestLintModel
> Task :app:mergeProductionDebugNativeDebugMetadata NO-SOURCE
> Task :app:compressProductionDebugAssets UP-TO-DATE
> Task :app:checkProductionDebugDuplicateClasses UP-TO-DATE
> Task :app:desugarProductionDebugFileDependencies UP-TO-DATE
> Task :app:mergeExtDexProductionDebug UP-TO-DATE
> Task :app:mergeLibDexProductionDebug UP-TO-DATE

> Task :app:kaptGenerateStubsProductionDebugUnitTestKotlin
w: Kapt currently doesn't support language version 2.0+. Falling back to 1.9.

> Task :app:lintAnalyzeProductionDebugAndroidTest
> Task :app:dexBuilderProductionDebug
> Task :app:mergeProductionDebugGlobalSynthetics UP-TO-DATE
> Task :app:mergeProductionDebugJavaResource UP-TO-DATE
> Task :app:mergeProductionDebugJniLibFolders UP-TO-DATE
> Task :app:mergeProductionDebugNativeLibs UP-TO-DATE
> Task :app:stripProductionDebugDebugSymbols UP-TO-DATE
> Task :app:validateSigningProductionDebug UP-TO-DATE
> Task :app:writeProductionDebugAppMetadata UP-TO-DATE
> Task :app:writeProductionDebugSigningConfigVersions UP-TO-DATE

> Task :app:kaptProductionDebugUnitTestKotlin
warning: The following options were not recognized by any processor: '[room.schemaLocation, kapt.kotlin.generated]'

> Task :app:lintAnalyzeProductionDebugUnitTest
> Task :app:mergeProjectDexProductionDebug
> Task :app:compileProductionDebugUnitTestKotlin
> Task :app:compileProductionDebugUnitTestJavaWithJavac NO-SOURCE
> Task :app:processProductionDebugUnitTestJavaRes UP-TO-DATE

> Task :app:testProductionDebugUnitTest

CausalFocusTest > shared causal focus fixtures retain action and terminal identities FAILED
    java.lang.AssertionError: Unable to load Robolectric native runtime library
        at org.robolectric.nativeruntime.DefaultNativeRuntimeLoader.ensureLoaded(DefaultNativeRuntimeLoader.java:187)
        at org.robolectric.nativeruntime.DefaultNativeRuntimeLoader.injectAndLoad(DefaultNativeRuntimeLoader.java:145)
        at org.robolectric.android.internal.AndroidTestEnvironment.setUpApplicationState(AndroidTestEnvironment.java:142)
        at org.robolectric.RobolectricTestRunner.beforeTest(RobolectricTestRunner.java:284)
        at org.robolectric.internal.SandboxTestRunner$2.lambda$evaluate$2(SandboxTestRunner.java:279)
        at org.robolectric.internal.bytecode.Sandbox.lambda$runOnMainThread$0(Sandbox.java:104)
        at java.base/java.util.concurrent.FutureTask.run(FutureTask.java:317)
        at java.base/java.util.concurrent.ThreadPoolExecutor.runWorker(ThreadPoolExecutor.java:1144)
        at java.base/java.util.concurrent.ThreadPoolExecutor$Worker.run(ThreadPoolExecutor.java:642)
        at java.base/java.lang.Thread.run(Thread.java:1583)

        Caused by:
        java.io.FileNotFoundException: /var/folders/xy/bg1y6lf52nd48j5q9ymy8_th0000gn/T/robolectric-nativeruntime1404952551262929010/fonts/NotoSerifLao-Regular.ttf (No space left on device)
            at java.base/java.io.FileOutputStream.open0(Native Method)
            at java.base/java.io.FileOutputStream.open(FileOutputStream.java:289)
            at java.base/java.io.FileOutputStream.<init>(FileOutputStream.java:230)
            at com.google.common.io.Files$FileByteSink.openStream(Files.java:197)
            at com.google.common.io.Files$FileByteSink.openStream(Files.java:185)
            at com.google.common.io.ByteSource.copyTo(ByteSource.java:279)
            at org.robolectric.nativeruntime.DefaultNativeRuntimeLoader.maybeCopyFonts(DefaultNativeRuntimeLoader.java:239)
            at org.robolectric.nativeruntime.DefaultNativeRuntimeLoader.lambda$ensureLoaded$0(DefaultNativeRuntimeLoader.java:171)
            at org.robolectric.util.PerfStatsCollector.measure(PerfStatsCollector.java:82)
            at org.robolectric.nativeruntime.DefaultNativeRuntimeLoader.ensureLoaded(DefaultNativeRuntimeLoader.java:165)
            ... 9 more

GoalflowDatabaseMigrationTest > migration 2 to 3 is additive and preserves tasks and pending mutations FAILED
    java.lang.UnsatisfiedLinkError: 'long android.database.sqlite.SQLiteConnection.$$robo$$nativeOpen$nativeBinding(java.lang.String, int, java.lang.String, boolean, boolean, int, int)'
[Repeated secondary failures omitted; native runtime extraction had failed for lack of disk space.]

* What went wrong:
Execution failed for task ':app:testProductionDebugUnitTest'.
> There were failing tests. See the report at: file://<repository>/android-native/app/build/reports/tests/testProductionDebugUnitTest/index.html

* Try:
> Run with --scan to get full insights.

BUILD FAILED in 1m 29s
57 actionable tasks: 13 executed, 44 up-to-date
