> Task :app:checkKotlinGradlePluginConfigurationErrors SKIPPED
> Task :app:preBuild UP-TO-DATE
> Task :app:preProductionDebugBuild UP-TO-DATE
> Task :app:generateProductionDebugBuildConfig UP-TO-DATE
> Task :app:checkProductionDebugAarMetadata UP-TO-DATE
> Task :app:generateProductionDebugResValues UP-TO-DATE
> Task :app:mapProductionDebugSourceSetPaths UP-TO-DATE
> Task :app:generateProductionDebugResources UP-TO-DATE
> Task :app:mergeProductionDebugResources UP-TO-DATE
> Task :app:packageProductionDebugResources UP-TO-DATE
> Task :app:parseProductionDebugLocalResources UP-TO-DATE
> Task :app:createProductionDebugCompatibleScreenManifests UP-TO-DATE
> Task :app:extractDeepLinksProductionDebug UP-TO-DATE
> Task :app:processProductionDebugMainManifest UP-TO-DATE
> Task :app:processProductionDebugManifest UP-TO-DATE
> Task :app:processProductionDebugManifestForPackage UP-TO-DATE
> Task :app:processProductionDebugResources UP-TO-DATE
> Task :app:kaptGenerateStubsProductionDebugKotlin UP-TO-DATE
> Task :app:kaptProductionDebugKotlin UP-TO-DATE
> Task :app:compileProductionDebugKotlin UP-TO-DATE
> Task :app:javaPreCompileProductionDebug UP-TO-DATE
> Task :app:compileProductionDebugJavaWithJavac UP-TO-DATE
> Task :app:bundleProductionDebugClassesToRuntimeJar UP-TO-DATE
> Task :app:bundleProductionDebugClassesToCompileJar UP-TO-DATE
> Task :app:preProductionDebugUnitTestBuild UP-TO-DATE
> Task :app:javaPreCompileProductionDebugUnitTest UP-TO-DATE
> Task :app:mergeProductionDebugShaders UP-TO-DATE
> Task :app:compileProductionDebugShaders NO-SOURCE
> Task :app:generateProductionDebugAssets UP-TO-DATE
> Task :app:mergeProductionDebugAssets UP-TO-DATE
> Task :app:packageProductionDebugUnitTestForUnitTest UP-TO-DATE
> Task :app:generateProductionDebugUnitTestConfig UP-TO-DATE
> Task :app:processProductionDebugJavaRes UP-TO-DATE
> Task :app:preProductionDebugAndroidTestBuild SKIPPED
> Task :app:generateProductionDebugAndroidTestResValues UP-TO-DATE
> Task :app:generateProductionDebugAndroidTestLintModel UP-TO-DATE
> Task :app:extractProguardFiles UP-TO-DATE
> Task :app:generateProductionDebugLintReportModel UP-TO-DATE
> Task :app:generateProductionDebugUnitTestLintModel
> Task :app:lintAnalyzeProductionDebug UP-TO-DATE
> Task :app:lintAnalyzeProductionDebugAndroidTest UP-TO-DATE
> Task :app:mergeProductionDebugNativeDebugMetadata NO-SOURCE
> Task :app:compressProductionDebugAssets UP-TO-DATE
> Task :app:checkProductionDebugDuplicateClasses UP-TO-DATE
> Task :app:desugarProductionDebugFileDependencies UP-TO-DATE
> Task :app:mergeExtDexProductionDebug UP-TO-DATE
> Task :app:mergeLibDexProductionDebug UP-TO-DATE
> Task :app:dexBuilderProductionDebug UP-TO-DATE
> Task :app:mergeProductionDebugGlobalSynthetics UP-TO-DATE
> Task :app:mergeProductionDebugJavaResource UP-TO-DATE
> Task :app:mergeProjectDexProductionDebug UP-TO-DATE
> Task :app:mergeProductionDebugJniLibFolders UP-TO-DATE
> Task :app:mergeProductionDebugNativeLibs UP-TO-DATE
> Task :app:stripProductionDebugDebugSymbols UP-TO-DATE
> Task :app:validateSigningProductionDebug UP-TO-DATE
> Task :app:writeProductionDebugAppMetadata UP-TO-DATE
> Task :app:writeProductionDebugSigningConfigVersions UP-TO-DATE
> Task :app:packageProductionDebug UP-TO-DATE
> Task :app:createProductionDebugApkListingFileRedirect UP-TO-DATE
> Task :app:assembleProductionDebug UP-TO-DATE

> Task :app:kaptGenerateStubsProductionDebugUnitTestKotlin
w: Kapt currently doesn't support language version 2.0+. Falling back to 1.9.

> Task :app:kaptProductionDebugUnitTestKotlin UP-TO-DATE
> Task :app:compileProductionDebugUnitTestKotlin
> Task :app:compileProductionDebugUnitTestJavaWithJavac NO-SOURCE
> Task :app:processProductionDebugUnitTestJavaRes UP-TO-DATE
> Task :app:lintAnalyzeProductionDebugUnitTest
> Task :app:testProductionDebugUnitTest
> Task :app:lintReportProductionDebug UP-TO-DATE
> Task :app:lintProductionDebug

BUILD SUCCESSFUL in 14s
59 actionable tasks: 6 executed, 53 up-to-date
