[WebServer] (node:81204) Warning: The 'NO_COLOR' env is ignored due to the 'FORCE_COLOR' env being set.
[WebServer] (Use `node --trace-warnings ...` to show where the warning was created)
[WebServer] 
[WebServer] (!) Some chunks are larger than 500 kB after minification. Consider:
[WebServer] - Using dynamic import() to code-split the application
[WebServer] - Use build.rollupOptions.output.manualChunks to improve chunking: https://rollupjs.org/configuration-options/#output-manualchunks
[WebServer] - Adjust chunk size limit for this warning via build.chunkSizeWarningLimit.
[WebServer] (node:81218) Warning: The 'NO_COLOR' env is ignored due to the 'FORCE_COLOR' env being set.
[WebServer] (Use `node --trace-warnings ...` to show where the warning was created)
[WebServer] (node:81246) Warning: The 'NO_COLOR' env is ignored due to the 'FORCE_COLOR' env being set.
[WebServer] (Use `node --trace-warnings ...` to show where the warning was created)

Running 64 tests using 2 workers

(node:81250) Warning: The 'NO_COLOR' env is ignored due to the 'FORCE_COLOR' env being set.
(Use `node --trace-warnings ...` to show where the warning was created)
(node:81249) Warning: The 'NO_COLOR' env is ignored due to the 'FORCE_COLOR' env being set.
(Use `node --trace-warnings ...` to show where the warning was created)
  ✓   2 [chromium] › tests/e2e/s2-storage-fence.spec.ts:9:1 › current storage retains a pre-cutover tracking capture for review without guessing its counter (569ms)
  ✓   3 [chromium] › tests/e2e/s2-storage-fence.spec.ts:47:1 › an uncooperative older connection delays cutover; its final committed write is preserved (398ms)
  ✓   4 [chromium] › tests/e2e/s2-storage-fence.spec.ts:82:1 › causal local admission serializes real browser transactions and preserves an action across rollback (219ms)
  ✓   5 [chromium] › tests/e2e/s2-storage-fence.spec.ts:125:1 › counter and focus admissions share one authority across concurrent browser transactions (200ms)
  ✓   1 [chromium] › tests/e2e/s1-local-storage.spec.ts:24:1 › A/E: one profile, two real app tabs observe committed tasks without reload or cloud pull (1.7s)
  ✓   6 [chromium] › tests/e2e/s2-storage-fence.spec.ts:160:1 › business authority survives legacy deletes and restores a pending completion without changing its request (467ms)
  ✓   7 [chromium] › tests/e2e/s1-local-storage.spec.ts:36:1 › C: releasing an obsolete React debounce after remote hydration creates no action (397ms)
  ✓   8 [chromium] › tests/e2e/s2-storage-fence.spec.ts:217:1 › business upgrade waits for an older tab and preserves its last committed note edit (329ms)
  ✓  10 [chromium] › tests/e2e/s2-storage-fence.spec.ts:248:1 › offline day intent and unprojected increments survive a real browser restart (222ms)
  ✓   9 [chromium] › tests/e2e/s1-local-storage.spec.ts:63:1 › A: paused peer focus reaches rendered refs; ticks and empty peer hints create no actions (1.6s)
  ✓  11 [chromium] › tests/e2e/s2-storage-fence.spec.ts:313:1 › the rendered focus controls use causal admission after an existing account is fenced (1.5s)
  ✓  12 [chromium] › tests/e2e/s1-local-storage.spec.ts:103:1 › capture failure preserves editable task input and reports the local failure (687ms)
  ✓  14 [chromium] › tests/e2e/s1-local-storage.spec.ts:122:1 › dirty note text survives peer hydration and wrong-account success hints (1.2s)
  ✓  13 [chromium] › tests/e2e/s2-storage-fence.spec.ts:336:1 › failed rendered completion keeps checkout and notes, then retries the same atomic action (1.8s)
  ✓  15 [chromium] › tests/e2e/s1-local-storage.spec.ts:147:46 › A: empty production pull after peer paused refreshes the next focus baseline (1.4s)
  ✓  16 [chromium] › tests/e2e/s2-storage-fence.spec.ts:390:1 › rendered rescheduling retains a failed choice and retries one task-counter admission (1.4s)
  ✓  17 [chromium] › tests/e2e/s1-local-storage.spec.ts:147:46 › A: empty production pull after peer completed refreshes the next focus baseline (1.3s)
  ✓  19 [chromium] › tests/e2e/s1-local-storage.spec.ts:202:1 › C: account switch and unmount retire old React callbacks without creating actions (378ms)
  ✓  18 [chromium] › tests/e2e/s2-storage-fence.spec.ts:445:1 › rendered planning visits warn on six and retry a failed seventh penalty exactly once (1.9s)
(node:81324) Warning: The 'NO_COLOR' env is ignored due to the 'FORCE_COLOR' env being set.
(Use `node --trace-warnings ...` to show where the warning was created)
  ✓  20 [chromium] › tests/e2e/s1-local-storage.spec.ts:219:1 › visibility: missed hints and absent BroadcastChannel recover on resume (971ms)
  ✓  22 [chromium] › tests/e2e/s1-local-storage.spec.ts:241:1 › status: an obsolete async commit read cannot overwrite a newer permanent error (298ms)
  ✓  23 [chromium] › tests/e2e/s1-local-storage.spec.ts:260:1 › E: real grouped completion and an independent note edit remain queued (1.6s)
  ✓  24 [chromium] › tests/e2e/s1-local-storage.spec.ts:293:56 › D: real IndexedDB inbound retains before/during/after intent (390ms)
  ✓  25 [chromium] › tests/e2e/s1-local-storage.spec.ts:293:56 › D: real IndexedDB reconciliation retains before/during/after intent (343ms)
  ✓  26 [chromium] › tests/e2e/s1-local-storage.spec.ts:340:1 › B: real IndexedDB metadata writers preserve a queued independent transaction and exact receipts (354ms)
  ✓  21 [webkit] › tests/e2e/s1-local-storage.spec.ts:24:1 › A/E: one profile, two real app tabs observe committed tasks without reload or cloud pull (2.5s)
  ✓  27 [chromium] › tests/e2e/s1-local-storage.spec.ts:400:42 › F: real browser unavailable IndexedDB preserves cursor and WAL, mirror fault=false (207ms)
  ✓  29 [chromium] › tests/e2e/s1-local-storage.spec.ts:400:42 › F: real browser unavailable IndexedDB preserves cursor and WAL, mirror fault=true (184ms)
  ✓  28 [webkit] › tests/e2e/s1-local-storage.spec.ts:36:1 › C: releasing an obsolete React debounce after remote hydration creates no action (770ms)
  ✓  30 [chromium] › tests/e2e/s1-local-storage.spec.ts:428:1 › G: equal-count WAL replacement in another page invalidates content and stays idempotent (553ms)
  ✓  32 [chromium] › tests/e2e/s1-local-storage.spec.ts:454:1 › note capture failure preserves editable text and exposes the failure at the editor (946ms)
  ✓  33 [chromium] › tests/e2e/s1-local-storage.spec.ts:474:1 › bootstrap: two simultaneous real app hydrations import one legacy plan without duplicate actions (585ms)
  ✓  31 [webkit] › tests/e2e/s1-local-storage.spec.ts:63:1 › A: paused peer focus reaches rendered refs; ticks and empty peer hints create no actions (2.1s)
  ✓  34 [chromium] › tests/e2e/s1-local-storage.spec.ts:498:1 › local retry: a captured action commits after storage recovery without a cloud client (791ms)
  ✓  36 [chromium] › tests/e2e/s1-local-storage.spec.ts:518:1 › S1.2: local recovery cannot erase an earlier unresolved cloud error (347ms)
(node:81383) Warning: The 'NO_COLOR' env is ignored due to the 'FORCE_COLOR' env being set.
(Use `node --trace-warnings ...` to show where the warning was created)
  ✓  35 [webkit] › tests/e2e/s1-local-storage.spec.ts:103:1 › capture failure preserves editable task input and reports the local failure (986ms)
  ✓  38 [webkit] › tests/e2e/s2-storage-fence.spec.ts:9:1 › current storage retains a pre-cutover tracking capture for review without guessing its counter (748ms)
  ✓  37 [webkit] › tests/e2e/s1-local-storage.spec.ts:122:1 › dirty note text survives peer hydration and wrong-account success hints (1.7s)
  ✓  39 [webkit] › tests/e2e/s2-storage-fence.spec.ts:47:1 › an uncooperative older connection delays cutover; its final committed write is preserved (840ms)
  ✓  41 [webkit] › tests/e2e/s2-storage-fence.spec.ts:82:1 › causal local admission serializes real browser transactions and preserves an action across rollback (447ms)
  ✓  42 [webkit] › tests/e2e/s2-storage-fence.spec.ts:125:1 › counter and focus admissions share one authority across concurrent browser transactions (401ms)
  ✓  40 [webkit] › tests/e2e/s1-local-storage.spec.ts:147:46 › A: empty production pull after peer paused refreshes the next focus baseline (1.8s)
  ✓  43 [webkit] › tests/e2e/s2-storage-fence.spec.ts:160:1 › business authority survives legacy deletes and restores a pending completion without changing its request (978ms)
  ✓  45 [webkit] › tests/e2e/s2-storage-fence.spec.ts:217:1 › business upgrade waits for an older tab and preserves its last committed note edit (754ms)
  ✓  46 [webkit] › tests/e2e/s2-storage-fence.spec.ts:248:1 › offline day intent and unprojected increments survive a real browser restart (497ms)
  ✓  44 [webkit] › tests/e2e/s1-local-storage.spec.ts:147:46 › A: empty production pull after peer completed refreshes the next focus baseline (1.8s)
  ✓  48 [webkit] › tests/e2e/s1-local-storage.spec.ts:202:1 › C: account switch and unmount retire old React callbacks without creating actions (733ms)
  ✓  47 [webkit] › tests/e2e/s2-storage-fence.spec.ts:313:1 › the rendered focus controls use causal admission after an existing account is fenced (1.9s)
  ✓  49 [webkit] › tests/e2e/s1-local-storage.spec.ts:219:1 › visibility: missed hints and absent BroadcastChannel recover on resume (1.6s)
  ✓  51 [webkit] › tests/e2e/s1-local-storage.spec.ts:241:1 › status: an obsolete async commit read cannot overwrite a newer permanent error (603ms)
  ✓  50 [webkit] › tests/e2e/s2-storage-fence.spec.ts:336:1 › failed rendered completion keeps checkout and notes, then retries the same atomic action (2.2s)
  ✓  53 [webkit] › tests/e2e/s2-storage-fence.spec.ts:390:1 › rendered rescheduling retains a failed choice and retries one task-counter admission (1.4s)
  ✓  52 [webkit] › tests/e2e/s1-local-storage.spec.ts:260:1 › E: real grouped completion and an independent note edit remain queued (2.9s)
  ✓  55 [webkit] › tests/e2e/s1-local-storage.spec.ts:293:56 › D: real IndexedDB inbound retains before/during/after intent (620ms)
  ✓  56 [webkit] › tests/e2e/s1-local-storage.spec.ts:293:56 › D: real IndexedDB reconciliation retains before/during/after intent (616ms)
  ✓  57 [webkit] › tests/e2e/s1-local-storage.spec.ts:340:1 › B: real IndexedDB metadata writers preserve a queued independent transaction and exact receipts (606ms)
  ✓  54 [webkit] › tests/e2e/s2-storage-fence.spec.ts:445:1 › rendered planning visits warn on six and retry a failed seventh penalty exactly once (2.5s)
  ✓  58 [webkit] › tests/e2e/s1-local-storage.spec.ts:400:42 › F: real browser unavailable IndexedDB preserves cursor and WAL, mirror fault=false (393ms)
  ✓  59 [webkit] › tests/e2e/s1-local-storage.spec.ts:400:42 › F: real browser unavailable IndexedDB preserves cursor and WAL, mirror fault=true (363ms)
  ✓  60 [webkit] › tests/e2e/s1-local-storage.spec.ts:428:1 › G: equal-count WAL replacement in another page invalidates content and stays idempotent (988ms)
  ✓  61 [webkit] › tests/e2e/s1-local-storage.spec.ts:454:1 › note capture failure preserves editable text and exposes the failure at the editor (1.2s)
  ✓  62 [webkit] › tests/e2e/s1-local-storage.spec.ts:474:1 › bootstrap: two simultaneous real app hydrations import one legacy plan without duplicate actions (922ms)
  ✓  63 [webkit] › tests/e2e/s1-local-storage.spec.ts:498:1 › local retry: a captured action commits after storage recovery without a cloud client (1.0s)
  ✓  64 [webkit] › tests/e2e/s1-local-storage.spec.ts:518:1 › S1.2: local recovery cannot erase an earlier unresolved cloud error (560ms)

  64 passed (40.9s)
