
> tsurfing@0.4.0-beta.1 build
> npm run build:client && npm run build:mini && npm run build:server && npm run verify:client-secrets && npm run verify:client-artifacts


> tsurfing@0.4.0-beta.1 build:client
> vite build

vite v6.4.3 building for production...
transforming...
✓ 373 modules transformed.
rendering chunks...
computing gzip size...
dist/client/manifest.webmanifest                                    1.04 kB
dist/client/index.html                                              1.27 kB │ gzip:   0.57 kB
dist/client/assets/inter-vietnamese-wght-normal-CBcvBZtf.woff2     10.25 kB
dist/client/assets/inter-greek-ext-wght-normal-DlzME5K_.woff2      11.23 kB
dist/client/assets/inter-cyrillic-wght-normal-DqGufNeO.woff2       18.75 kB
dist/client/assets/inter-greek-wght-normal-CkhJZR-_.woff2          19.00 kB
dist/client/assets/inter-cyrillic-ext-wght-normal-BOeWTOD4.woff2   25.96 kB
dist/client/assets/inter-latin-wght-normal-Dx4kXJAl.woff2          48.26 kB
dist/client/assets/inter-latin-ext-wght-normal-DO1Apj_S.woff2      85.07 kB
dist/client/assets/vendor-CJjU_8H4.css                              2.03 kB │ gzip:   0.60 kB
dist/client/assets/index-CapweFxC.css                             118.30 kB │ gzip:  17.30 kB
dist/client/assets/GamificationView-CcKgiGW0.js                    22.94 kB │ gzip:   4.54 kB
dist/client/assets/SettingsModal-BPwqG65i.js                       25.63 kB │ gzip:   5.47 kB
dist/client/assets/StatsView-C7aiTSpm.js                           38.57 kB │ gzip:   7.65 kB
dist/client/assets/drag-and-drop-Cu-oOUMn.js                       95.64 kB │ gzip:  29.81 kB
dist/client/assets/GoalsView-D7QbVjsA.js                          107.61 kB │ gzip:  16.71 kB
dist/client/assets/vendor-C-glB9uL.js                             231.28 kB │ gzip:  67.38 kB
dist/client/assets/react-ChIBbzMz.js                              340.70 kB │ gzip: 104.19 kB
dist/client/assets/index-D3TNKsLF.js                              605.87 kB │ gzip: 129.78 kB

(!) Some chunks are larger than 500 kB after minification. Consider:
- Using dynamic import() to code-split the application
- Use build.rollupOptions.output.manualChunks to improve chunking: https://rollupjs.org/configuration-options/#output-manualchunks
- Adjust chunk size limit for this warning via build.chunkSizeWarningLimit.
✓ built in 2.47s

PWA v1.3.0
mode      generateSW
precache  18 entries (1552.59 KiB)
files generated
  dist/client/sw.js
  dist/client/workbox-2cde83c0.js

> tsurfing@0.4.0-beta.1 build:mini
> vite build --config vite.mini.config.ts

vite v6.4.3 building for production...
transforming...
✓ 27 modules transformed.
rendering chunks...
computing gzip size...
../dist/mini/index.html                   0.54 kB │ gzip:  0.32 kB
../dist/mini/assets/index-Bf3Wux0j.css    1.25 kB │ gzip:  0.60 kB
../dist/mini/assets/index-CUE6mK-W.js   152.60 kB │ gzip: 49.36 kB
✓ built in 515ms

> tsurfing@0.4.0-beta.1 build:server
> esbuild server/index.ts server/maintenance.ts --bundle --platform=node --format=esm --packages=external --outdir=dist/server --out-extension:.js=.mjs


  dist/server/index.mjs        198.2kb
  dist/server/maintenance.mjs   18.6kb

⚡ Done in 18ms

> tsurfing@0.4.0-beta.1 verify:client-secrets
> node scripts/scan-client-secrets.mjs

Client secret scan passed across 30 built files.

> tsurfing@0.4.0-beta.1 verify:client-artifacts
> node scripts/verify-client-artifacts.mjs

{"status":"PASS","manifest":{"name":"Tsurfing","short_name":"Tsurfing","display":"standalone","start_url":"/","scope":"/"},"requiredIcons":2,"telegramMiniApp":"secure-cookie-and-wake-relay","javascriptFiles":11,"testBackdoors":"absent"}
