[WebServer] 
[WebServer] (!) Some chunks are larger than 500 kB after minification. Consider:
[WebServer] - Using dynamic import() to code-split the application
[WebServer] - Use build.rollupOptions.output.manualChunks to improve chunking: https://rollupjs.org/configuration-options/#output-manualchunks
[WebServer] - Adjust chunk size limit for this warning via build.chunkSizeWarningLimit.

Running 44 tests using 2 workers

  ✓   1 [chromium] › tests/e2e/s1-local-storage.spec.ts:24:1 › A/E: one profile, two real app tabs observe committed tasks without reload or cloud pull (2.1s)
  ✓   3 [chromium] › tests/e2e/s1-local-storage.spec.ts:36:1 › C: releasing an obsolete React debounce after remote hydration creates no action (460ms)
  ✓   2 [webkit] › tests/e2e/s1-local-storage.spec.ts:24:1 › A/E: one profile, two real app tabs observe committed tasks without reload or cloud pull (2.8s)
  ✓   5 [webkit] › tests/e2e/s1-local-storage.spec.ts:36:1 › C: releasing an obsolete React debounce after remote hydration creates no action (815ms)
  ✓   4 [chromium] › tests/e2e/s1-local-storage.spec.ts:63:1 › A: paused peer focus reaches rendered refs; ticks and empty peer hints create no actions (1.7s)
  ✓   7 [chromium] › tests/e2e/s1-local-storage.spec.ts:103:1 › capture failure preserves editable task input and reports the local failure (796ms)
  ✓   6 [webkit] › tests/e2e/s1-local-storage.spec.ts:63:1 › A: paused peer focus reaches rendered refs; ticks and empty peer hints create no actions (2.5s)
  ✓   8 [chromium] › tests/e2e/s1-local-storage.spec.ts:122:1 › dirty note text survives peer hydration and wrong-account success hints (1.5s)
  ✓   9 [webkit] › tests/e2e/s1-local-storage.spec.ts:103:1 › capture failure preserves editable task input and reports the local failure (1.1s)
  ✓  10 [chromium] › tests/e2e/s1-local-storage.spec.ts:147:46 › A: empty production pull after peer paused refreshes the next focus baseline (1.6s)
  ✓  11 [webkit] › tests/e2e/s1-local-storage.spec.ts:122:1 › dirty note text survives peer hydration and wrong-account success hints (2.1s)
  ✓  12 [chromium] › tests/e2e/s1-local-storage.spec.ts:147:46 › A: empty production pull after peer completed refreshes the next focus baseline (1.6s)
  ✓  14 [chromium] › tests/e2e/s1-local-storage.spec.ts:202:1 › C: account switch and unmount retire old React callbacks without creating actions (460ms)
  ✓  15 [chromium] › tests/e2e/s1-local-storage.spec.ts:219:1 › visibility: missed hints and absent BroadcastChannel recover on resume (1.2s)
  ✓  16 [chromium] › tests/e2e/s1-local-storage.spec.ts:241:1 › status: an obsolete async commit read cannot overwrite a newer permanent error (526ms)
  ✓  13 [webkit] › tests/e2e/s1-local-storage.spec.ts:147:46 › A: empty production pull after peer paused refreshes the next focus baseline (2.6s)
  ✓  18 [webkit] › tests/e2e/s1-local-storage.spec.ts:147:46 › A: empty production pull after peer completed refreshes the next focus baseline (2.3s)
  ✓  17 [chromium] › tests/e2e/s1-local-storage.spec.ts:260:1 › E: real grouped completion and an independent note edit remain queued (2.6s)
  ✓  20 [chromium] › tests/e2e/s1-local-storage.spec.ts:293:56 › D: real IndexedDB inbound retains before/during/after intent (370ms)
  ✓  19 [webkit] › tests/e2e/s1-local-storage.spec.ts:202:1 › C: account switch and unmount retire old React callbacks without creating actions (798ms)
  ✓  21 [chromium] › tests/e2e/s1-local-storage.spec.ts:293:56 › D: real IndexedDB reconciliation retains before/during/after intent (395ms)
  ✓  23 [chromium] › tests/e2e/s1-local-storage.spec.ts:340:1 › B: real IndexedDB metadata writers preserve a queued independent transaction and exact receipts (396ms)
  ✓  24 [chromium] › tests/e2e/s1-local-storage.spec.ts:400:42 › F: real browser unavailable IndexedDB preserves cursor and WAL, mirror fault=false (249ms)
  ✓  25 [chromium] › tests/e2e/s1-local-storage.spec.ts:400:42 › F: real browser unavailable IndexedDB preserves cursor and WAL, mirror fault=true (220ms)
  ✓  22 [webkit] › tests/e2e/s1-local-storage.spec.ts:219:1 › visibility: missed hints and absent BroadcastChannel recover on resume (1.6s)
  ✓  26 [chromium] › tests/e2e/s1-local-storage.spec.ts:428:1 › G: equal-count WAL replacement in another page invalidates content and stays idempotent (717ms)
  ✓  27 [webkit] › tests/e2e/s1-local-storage.spec.ts:241:1 › status: an obsolete async commit read cannot overwrite a newer permanent error (688ms)
  ✓  28 [chromium] › tests/e2e/s1-local-storage.spec.ts:454:1 › note capture failure preserves editable text and exposes the failure at the editor (1.0s)
  ✓  30 [chromium] › tests/e2e/s1-local-storage.spec.ts:474:1 › bootstrap: two simultaneous real app hydrations import one legacy plan without duplicate actions (652ms)
  ✓  31 [chromium] › tests/e2e/s1-local-storage.spec.ts:498:1 › local retry: a captured action commits after storage recovery without a cloud client (855ms)
  ✓  32 [chromium] › tests/e2e/s1-local-storage.spec.ts:518:1 › S1.2: local recovery cannot erase an earlier unresolved cloud error (404ms)
  ✓  29 [webkit] › tests/e2e/s1-local-storage.spec.ts:260:1 › E: real grouped completion and an independent note edit remain queued (2.8s)
  ✓  33 [chromium] › tests/e2e/s1-local-storage.spec.ts:529:1 › recovery: a blocked grouped action is dismissed with its evidence retained (922ms)
  ✓  34 [webkit] › tests/e2e/s1-local-storage.spec.ts:293:56 › D: real IndexedDB inbound retains before/during/after intent (671ms)
  ✓  35 [webkit] › tests/e2e/s1-local-storage.spec.ts:293:56 › D: real IndexedDB reconciliation retains before/during/after intent (640ms)
  ✓  36 [webkit] › tests/e2e/s1-local-storage.spec.ts:340:1 › B: real IndexedDB metadata writers preserve a queued independent transaction and exact receipts (633ms)
  ✓  37 [webkit] › tests/e2e/s1-local-storage.spec.ts:400:42 › F: real browser unavailable IndexedDB preserves cursor and WAL, mirror fault=false (406ms)
  ✓  38 [webkit] › tests/e2e/s1-local-storage.spec.ts:400:42 › F: real browser unavailable IndexedDB preserves cursor and WAL, mirror fault=true (388ms)
  ✓  39 [webkit] › tests/e2e/s1-local-storage.spec.ts:428:1 › G: equal-count WAL replacement in another page invalidates content and stays idempotent (1.1s)
  ✓  40 [webkit] › tests/e2e/s1-local-storage.spec.ts:454:1 › note capture failure preserves editable text and exposes the failure at the editor (1.3s)
  ✓  41 [webkit] › tests/e2e/s1-local-storage.spec.ts:474:1 › bootstrap: two simultaneous real app hydrations import one legacy plan without duplicate actions (1.2s)
  ✓  42 [webkit] › tests/e2e/s1-local-storage.spec.ts:498:1 › local retry: a captured action commits after storage recovery without a cloud client (1.1s)
  ✓  43 [webkit] › tests/e2e/s1-local-storage.spec.ts:518:1 › S1.2: local recovery cannot erase an earlier unresolved cloud error (635ms)
  ✓  44 [webkit] › tests/e2e/s1-local-storage.spec.ts:529:1 › recovery: a blocked grouped action is dismissed with its evidence retained (1.2s)

  44 passed (39.9s)
