
> tsurfing@0.4.0-beta.1 test:e2e
> playwright test

[WebServer] 
[WebServer] (!) Some chunks are larger than 500 kB after minification. Consider:
[WebServer] - Using dynamic import() to code-split the application
[WebServer] - Use build.rollupOptions.output.manualChunks to improve chunking: https://rollupjs.org/configuration-options/#output-manualchunks
[WebServer] - Adjust chunk size limit for this warning via build.chunkSizeWarningLimit.
[WebServer] 
[WebServer]   dist/server/index.mjs        208.0kb
[WebServer]   dist/server/maintenance.mjs   18.6kb
[WebServer] 
[WebServer] ⚡ Done in 25ms
[WebServer] {"level":"error","event":"server.production_configuration_invalid","problems":["public_origin_must_use_https","supabase_url_missing","supabase_public_key_missing","supabase_server_key_missing","owner_user_id_missing"]}

Running 94 tests using 2 workers

  ✓   2 [chromium] › tests/e2e/auth-focus.spec.ts:45:1 › repeated sign-in, token refresh and focus retain view and draft, including slow and offline validation (935ms)
  ✓   3 [chromium] › tests/e2e/auth-focus.spec.ts:62:1 › revocation removes the app (624ms)
  ✓   4 [chromium] › tests/e2e/auth-focus.spec.ts:67:1 › new login for the same user must pass MFA again (504ms)
  ✓   1 [chromium] › tests/e2e/s1-local-storage.spec.ts:24:1 › A/E: one profile, two real app tabs observe committed tasks without reload or cloud pull (2.2s)
  ✓   5 [chromium] › tests/e2e/auth-focus.spec.ts:72:1 › MFA downgrade must pass the gate again (523ms)
  ✓   6 [chromium] › tests/e2e/s1-local-storage.spec.ts:36:1 › C: releasing an obsolete React debounce after remote hydration creates no action (564ms)
  ✓   7 [chromium] › tests/e2e/auth-focus.spec.ts:76:1 › sign-out invalidates pending validation (502ms)
  ✓   9 [chromium] › tests/e2e/s2-storage-fence.spec.ts:9:1 › current storage retains a pre-cutover tracking capture for review without guessing its counter (359ms)
  ✓  10 [chromium] › tests/e2e/s2-storage-fence.spec.ts:47:1 › an uncooperative older connection delays cutover; its final committed write is preserved (672ms)
  ✓  11 [chromium] › tests/e2e/s2-storage-fence.spec.ts:82:1 › causal local admission serializes real browser transactions and preserves an action across rollback (390ms)
  ✓   8 [chromium] › tests/e2e/s1-local-storage.spec.ts:63:1 › A: paused peer focus reaches rendered refs; ticks and empty peer hints create no actions (2.1s)
  ✓  12 [chromium] › tests/e2e/s2-storage-fence.spec.ts:125:1 › counter and focus admissions share one authority across concurrent browser transactions (373ms)
  ✓  14 [chromium] › tests/e2e/s2-storage-fence.spec.ts:160:1 › business authority survives legacy deletes and restores a pending completion without changing its request (841ms)
  ✓  13 [chromium] › tests/e2e/s1-local-storage.spec.ts:103:1 › capture failure preserves editable task input and reports the local failure (956ms)
  ✓  15 [chromium] › tests/e2e/s2-storage-fence.spec.ts:217:1 › business upgrade waits for an older tab and preserves its last committed note edit (622ms)
  ✓  17 [chromium] › tests/e2e/s2-storage-fence.spec.ts:248:1 › offline day intent and unprojected increments survive a real browser restart (392ms)
  ✓  16 [chromium] › tests/e2e/s1-local-storage.spec.ts:122:1 › dirty note text survives peer hydration and wrong-account success hints (1.9s)
  ✓  18 [chromium] › tests/e2e/s2-storage-fence.spec.ts:313:1 › the rendered focus controls use causal admission after an existing account is fenced (2.1s)
  ✓  19 [chromium] › tests/e2e/s1-local-storage.spec.ts:147:46 › A: empty production pull after peer paused refreshes the next focus baseline (2.1s)
  ✓  20 [chromium] › tests/e2e/s2-storage-fence.spec.ts:336:1 › failed rendered completion keeps checkout and notes, then retries the same atomic action (2.5s)
  ✓  21 [chromium] › tests/e2e/s1-local-storage.spec.ts:147:46 › A: empty production pull after peer completed refreshes the next focus baseline (2.0s)
  ✓  23 [chromium] › tests/e2e/s1-local-storage.spec.ts:202:1 › C: account switch and unmount retire old React callbacks without creating actions (618ms)
  ✓  22 [chromium] › tests/e2e/s2-storage-fence.spec.ts:390:1 › rendered rescheduling retains a failed choice and retries one task-counter admission (1.7s)
  ✓  24 [chromium] › tests/e2e/s1-local-storage.spec.ts:219:1 › visibility: missed hints and absent BroadcastChannel recover on resume (1.4s)
  ✓  26 [chromium] › tests/e2e/s1-local-storage.spec.ts:241:1 › status: an obsolete async commit read cannot overwrite a newer permanent error (565ms)
  ✓  25 [chromium] › tests/e2e/s2-storage-fence.spec.ts:445:1 › rendered planning visits warn on six and retry a failed seventh penalty exactly once (2.3s)
  ✓  27 [chromium] › tests/e2e/s1-local-storage.spec.ts:260:1 › E: real grouped completion and an independent note edit remain queued (2.7s)
  ✓  29 [chromium] › tests/e2e/s1-local-storage.spec.ts:293:56 › D: real IndexedDB inbound retains before/during/after intent (588ms)
  ✓  28 [chromium] › tests/e2e/s2-storage-fence.spec.ts:497:1 › a new UUID account hydrates behind an existing fence and captures offline planning and focus (2.4s)
  ✓  30 [chromium] › tests/e2e/s1-local-storage.spec.ts:293:56 › D: real IndexedDB reconciliation retains before/during/after intent (584ms)
  ✓  32 [chromium] › tests/e2e/s1-local-storage.spec.ts:340:1 › B: real IndexedDB metadata writers preserve a queued independent transaction and exact receipts (590ms)
  ✓  33 [chromium] › tests/e2e/s1-local-storage.spec.ts:400:42 › F: real browser unavailable IndexedDB preserves cursor and WAL, mirror fault=false (292ms)
  ✓  34 [chromium] › tests/e2e/s1-local-storage.spec.ts:400:42 › F: real browser unavailable IndexedDB preserves cursor and WAL, mirror fault=true (310ms)
  ✓  35 [chromium] › tests/e2e/s1-local-storage.spec.ts:428:1 › G: equal-count WAL replacement in another page invalidates content and stays idempotent (890ms)
  ✓  31 [chromium] › tests/e2e/s2-storage-fence.spec.ts:530:1 › rendered non-focus completion admits two task completions atomically on a fenced account (3.9s)
  ✓  36 [chromium] › tests/e2e/s1-local-storage.spec.ts:454:1 › note capture failure preserves editable text and exposes the failure at the editor (1.3s)
  ✓  37 [chromium] › tests/e2e/startup-recovery.spec.ts:10:1 › reload recovers a divergent pending task without overwriting either edit (730ms)
  ✓  38 [chromium] › tests/e2e/s1-local-storage.spec.ts:474:1 › bootstrap: two simultaneous real app hydrations import one legacy plan without duplicate actions (1.0s)
  ✓  39 [chromium] › tests/e2e/startup-recovery.spec.ts:47:1 › unreadable saved data shows a retry screen instead of an endless spinner (802ms)
  ✓  40 [chromium] › tests/e2e/s1-local-storage.spec.ts:498:1 › local retry: a captured action commits after storage recovery without a cloud client (1.1s)
  ✓  42 [chromium] › tests/e2e/s1-local-storage.spec.ts:518:1 › S1.2: local recovery cannot erase an earlier unresolved cloud error (575ms)
  ✓  43 [chromium] › tests/e2e/s1-local-storage.spec.ts:529:1 › recovery: a blocked grouped action is dismissed with its evidence retained (1.1s)
  ✓  41 [chromium] › tests/e2e/web-critical.spec.ts:100:3 › web-critical — deterministic visible UI journey › capture, schedule, reorder, confirm, complete, and reload persist exactly (2.5s)
  ✓  44 [chromium] › tests/e2e/web-critical.spec.ts:145:3 › web-critical — deterministic visible UI journey › service worker controls the app and supported offline behavior is durable (809ms)
  ✓  46 [chromium] › tests/e2e/web-critical.spec.ts:187:3 › web-critical — deterministic visible UI journey › saved tasks are isolated between browser profiles (2.0s)
  ✓  45 [webkit] › tests/e2e/auth-focus.spec.ts:45:1 › repeated sign-in, token refresh and focus retain view and draft, including slow and offline validation (2.0s)
  ✓  47 [chromium] › tests/e2e/web-critical.spec.ts:205:3 › web-critical — deterministic visible UI journey › manifest, service worker, and required icons are served (700ms)
  ✓  48 [webkit] › tests/e2e/auth-focus.spec.ts:62:1 › revocation removes the app (839ms)
  ✓  49 [chromium] › tests/e2e/web-critical.spec.ts:233:1 › natural-language capture previews and persists month planning (1.0s)
  ✓  50 [webkit] › tests/e2e/auth-focus.spec.ts:67:1 › new login for the same user must pass MFA again (769ms)
  ✓  51 [webkit] › tests/e2e/auth-focus.spec.ts:72:1 › MFA downgrade must pass the gate again (693ms)
  ✓  53 [webkit] › tests/e2e/auth-focus.spec.ts:76:1 › sign-out invalidates pending validation (879ms)
  ✓  54 [webkit] › tests/e2e/s2-storage-fence.spec.ts:9:1 › current storage retains a pre-cutover tracking capture for review without guessing its counter (1.1s)
  ✓  52 [webkit] › tests/e2e/s1-local-storage.spec.ts:24:1 › A/E: one profile, two real app tabs observe committed tasks without reload or cloud pull (3.3s)
  ✓  55 [webkit] › tests/e2e/s2-storage-fence.spec.ts:47:1 › an uncooperative older connection delays cutover; its final committed write is preserved (1.6s)
  ✓  56 [webkit] › tests/e2e/s1-local-storage.spec.ts:36:1 › C: releasing an obsolete React debounce after remote hydration creates no action (1.3s)
  ✓  57 [webkit] › tests/e2e/s2-storage-fence.spec.ts:82:1 › causal local admission serializes real browser transactions and preserves an action across rollback (954ms)
  ✓  59 [webkit] › tests/e2e/s2-storage-fence.spec.ts:125:1 › counter and focus admissions share one authority across concurrent browser transactions (794ms)
  ✓  58 [webkit] › tests/e2e/s1-local-storage.spec.ts:63:1 › A: paused peer focus reaches rendered refs; ticks and empty peer hints create no actions (3.1s)
  ✓  60 [webkit] › tests/e2e/s2-storage-fence.spec.ts:160:1 › business authority survives legacy deletes and restores a pending completion without changing its request (2.4s)
  ✓  61 [webkit] › tests/e2e/s1-local-storage.spec.ts:103:1 › capture failure preserves editable task input and reports the local failure (1.4s)
  ✓  62 [webkit] › tests/e2e/s2-storage-fence.spec.ts:217:1 › business upgrade waits for an older tab and preserves its last committed note edit (1.3s)
  ✓  64 [webkit] › tests/e2e/s2-storage-fence.spec.ts:248:1 › offline day intent and unprojected increments survive a real browser restart (808ms)
  ✓  63 [webkit] › tests/e2e/s1-local-storage.spec.ts:122:1 › dirty note text survives peer hydration and wrong-account success hints (2.4s)
  ✓  65 [webkit] › tests/e2e/s2-storage-fence.spec.ts:313:1 › the rendered focus controls use causal admission after an existing account is fenced (2.2s)
  ✓  66 [webkit] › tests/e2e/s1-local-storage.spec.ts:147:46 › A: empty production pull after peer paused refreshes the next focus baseline (2.3s)
  ✓  67 [webkit] › tests/e2e/s2-storage-fence.spec.ts:336:1 › failed rendered completion keeps checkout and notes, then retries the same atomic action (2.5s)
  ✓  68 [webkit] › tests/e2e/s1-local-storage.spec.ts:147:46 › A: empty production pull after peer completed refreshes the next focus baseline (2.3s)
  ✓  69 [webkit] › tests/e2e/s2-storage-fence.spec.ts:390:1 › rendered rescheduling retains a failed choice and retries one task-counter admission (1.6s)
  ✓  70 [webkit] › tests/e2e/s1-local-storage.spec.ts:202:1 › C: account switch and unmount retire old React callbacks without creating actions (986ms)
  ✓  72 [webkit] › tests/e2e/s1-local-storage.spec.ts:219:1 › visibility: missed hints and absent BroadcastChannel recover on resume (2.0s)
  ✓  71 [webkit] › tests/e2e/s2-storage-fence.spec.ts:445:1 › rendered planning visits warn on six and retry a failed seventh penalty exactly once (2.8s)
  ✓  73 [webkit] › tests/e2e/s1-local-storage.spec.ts:241:1 › status: an obsolete async commit read cannot overwrite a newer permanent error (875ms)
  ✓  74 [webkit] › tests/e2e/s2-storage-fence.spec.ts:497:1 › a new UUID account hydrates behind an existing fence and captures offline planning and focus (2.3s)
  ✓  75 [webkit] › tests/e2e/s1-local-storage.spec.ts:260:1 › E: real grouped completion and an independent note edit remain queued (2.9s)
  ✓  77 [webkit] › tests/e2e/s1-local-storage.spec.ts:293:56 › D: real IndexedDB inbound retains before/during/after intent (887ms)
  ✓  78 [webkit] › tests/e2e/s1-local-storage.spec.ts:293:56 › D: real IndexedDB reconciliation retains before/during/after intent (889ms)
  ✓  79 [webkit] › tests/e2e/s1-local-storage.spec.ts:340:1 › B: real IndexedDB metadata writers preserve a queued independent transaction and exact receipts (889ms)
  ✓  80 [webkit] › tests/e2e/s1-local-storage.spec.ts:400:42 › F: real browser unavailable IndexedDB preserves cursor and WAL, mirror fault=false (633ms)
  ✓  81 [webkit] › tests/e2e/s1-local-storage.spec.ts:400:42 › F: real browser unavailable IndexedDB preserves cursor and WAL, mirror fault=true (645ms)
  ✓  82 [webkit] › tests/e2e/s1-local-storage.spec.ts:428:1 › G: equal-count WAL replacement in another page invalidates content and stays idempotent (1.5s)
  ✓  83 [webkit] › tests/e2e/s1-local-storage.spec.ts:454:1 › note capture failure preserves editable text and exposes the failure at the editor (2.0s)
  ✓  84 [webkit] › tests/e2e/s1-local-storage.spec.ts:474:1 › bootstrap: two simultaneous real app hydrations import one legacy plan without duplicate actions (1.5s)
  ✓  76 [webkit] › tests/e2e/s2-storage-fence.spec.ts:530:1 › rendered non-focus completion admits two task completions atomically on a fenced account (11.6s)
  ✓  85 [webkit] › tests/e2e/s1-local-storage.spec.ts:498:1 › local retry: a captured action commits after storage recovery without a cloud client (1.3s)
  ✓  86 [webkit] › tests/e2e/startup-recovery.spec.ts:10:1 › reload recovers a divergent pending task without overwriting either edit (976ms)
  ✓  87 [webkit] › tests/e2e/s1-local-storage.spec.ts:518:1 › S1.2: local recovery cannot erase an earlier unresolved cloud error (917ms)
  ✓  88 [webkit] › tests/e2e/startup-recovery.spec.ts:47:1 › unreadable saved data shows a retry screen instead of an endless spinner (1.1s)
  ✓  89 [webkit] › tests/e2e/s1-local-storage.spec.ts:529:1 › recovery: a blocked grouped action is dismissed with its evidence retained (1.5s)
  ✓  90 [webkit] › tests/e2e/web-critical.spec.ts:100:3 › web-critical — deterministic visible UI journey › capture, schedule, reorder, confirm, complete, and reload persist exactly (2.8s)
  ✓  91 [webkit] › tests/e2e/web-critical.spec.ts:145:3 › web-critical — deterministic visible UI journey › service worker controls the app and supported offline behavior is durable (1.9s)
  ✓  92 [webkit] › tests/e2e/web-critical.spec.ts:187:3 › web-critical — deterministic visible UI journey › saved tasks are isolated between browser profiles (2.8s)
  ✓  93 [webkit] › tests/e2e/web-critical.spec.ts:205:3 › web-critical — deterministic visible UI journey › manifest, service worker, and required icons are served (841ms)
  ✓  94 [webkit] › tests/e2e/web-critical.spec.ts:233:1 › natural-language capture previews and persists month planning (1.1s)

  94 passed (1.4m)
