
> tsurfing@0.4.0-beta.1 verify:migrations
> node scripts/verify-data-integrity-migrations.mjs

{"status":"PASS","migrations":27,"emptySchemaOrder":"PASS","existingSchemaAdditiveSafety":"PASS","accessBoundary":"PASS","note":"Static verification only; PostgreSQL execution still requires a live/staging Supabase drill."}

> tsurfing@0.4.0-beta.1 verify:migration-hashes
> node scripts/verify-migration-hashes.mjs

MIGRATION_HASH_OK 202607170001_foundation.sql 8573c6408f952cac607fdcc364b3130d1008db28cbcfce023dbda9b578280d2e
MIGRATION_HASH_OK 202607180001_scheduled_execution.sql 0cc0d9cc1d1d7a1f234cd9cf1a3be357d2dc92df6391f6599c8bddf75e1c988f
MIGRATION_HASH_OK 202608250001_reliability_hardening.sql 978b7d3d51d95cd0d10b4c2e239048be3816eedb2c4ee3665e2b6da2e0fb6c94
MIGRATION_HASH_OK 202608260001_zero_silent_data_loss.sql 2e965b4632ca88203bad4ce2f37bbbd445b316d23b1b4b5fefbe221e3e974feb
MIGRATION_HASH_OK 202608290001_native_task_events.sql 4fe88cd8644d92d216a97819cad3f1e7a966ab684a06397750f4a41e07ea10ba
MIGRATION_HASH_OK 202608300001_complete_native_sync_transport.sql 1ffe9962982326517f1b0e8ad00ebc41a54c74fc7b4874014df4a299dbb0a6b8
MIGRATION_HASH_OK 202608310001_telegram_auth_state_pkce.sql bc03354e202602ae111a27c2fa99f6256cee64abe4332882ba2c213f89f3868d
MIGRATION_HASH_OK 202609030001_access_boundary_hardening.sql da05c9f3ca5bc8f88cfc7577b9acbf0f9dfa1e316257b1548d6f548e59013627
MIGRATION_HASH_OK 202609030002_account_lifecycle.sql 3653ad3b92d1c7079fe4190646b1cd4682f88540c9f08408b6c3fe1d65723d4f
MIGRATION_HASH_OK 202609030003_backup_restore_hardening.sql a90f96ef6fe1ba175be4f0335be64f0b1cb4bc96f16f3715612fd7db6a65805c
MIGRATION_HASH_OK 202609030004_telegram_webhook_claims.sql 771abee5f25bdfb50537221c73ecd38089dc98cce1274e49fab26fc9eb934665
MIGRATION_HASH_OK 202609030005_telegram_mini_sessions.sql fb82ad2f2b66af0d599186823a2c77b1a0b1de7d7462121dddf26f0c2ff98e91
MIGRATION_HASH_OK 202609030006_telegram_link_hardening.sql fd3cedb8d4ab51c7e4cda32be77932a85ed958c637ece23c90c0467f81c50672
MIGRATION_HASH_OK 202609030007_telegram_capture_confirmation.sql a85bb7525d60756af1211ce73c11114c7f12514643ff3193871ecf8bdd82ccf6
MIGRATION_HASH_OK 202609040001_email_otp_activation.sql ecb9d140d648113ecff76ac203d1fa17491c76816aeeb7a83fbfa2b931ebbbcf
MIGRATION_HASH_OK 202609040002_telegram_oidc_activation.sql b0597f42b89170e74f85e7bccc69858a1593cc4070d46c566a2283c2458d7e13
MIGRATION_HASH_OK 202609040003_realtime_sync_wakeup.sql 28dae08a56aca84aedf90b666986b30c16e9869930b37447a667d6f313671a51
MIGRATION_HASH_OK 202609040004_database_advisor_hardening.sql d484d89159dfa83ad82a55100650d203fc19578fdf9d9e207acafb7534a80707
MIGRATION_HASH_OK 202609070001_legacy_mac_numeric_projection.sql 34617cd895b0a84d09f8c3ddd23e40d5622209835f4f69806bb0301d726ee142
MIGRATION_HASH_OK 202609070002_automatic_sync_reconciliation.sql 1a0cd3eb4e1b58acbfc04bcbb8d91914c8b5abd716ebf99b439752da6ea2aac2
MIGRATION_HASH_OK 20260907122729_focus_session_preservation.sql 4594c89550b7e99c9fd7120d7766cccfdc26ad9ea5e9350c8f870f01ff005070
MIGRATION_HASH_OK 20260907123917_focus_session_receipt_guard.sql 2a91755d922844aa607a560c8ac7550a05025e7ae555362020642767f4eb38b0
MIGRATION_HASH_OK 20260907203259_s2_sync_lock_order.sql 0e5893c156fdf2a1022a0e1e41bb49796914f8f94ee3cc1415533a4865ea2a95
MIGRATION_HASH_OK 20260907205825_s2_counter_projection.sql 3f568f34ab566bc8aa3c465f452b54aefc143b92d48133566a73b0fe3e79d7b0
MIGRATION_HASH_OK 20260907211939_s2_focus_transitions.sql 912da5d948f9513694924a2b453b89543561b58fd188cb68cf1daea5a71e6744
MIGRATION_HASH_OK 20260907220709_s2_private_action_ledger.sql 822207e4e101d417cae0d442d2a37ae9183aec6ce507547c5e5dbb42beea30b7
MIGRATION_HASH_OK 20260907222904_s2_staged_reconciliation.sql e3d901b66ceb844d3c0f354dcb8d7bcc3b2691f8dcd408ed0e729776247e2b32
{"status":"PASS","checked":27}

> tsurfing@0.4.0-beta.1 verify:identifiers
> node scripts/check-durable-identifiers.mjs

IDENTIFIER_OK Capacitor application ID
IDENTIFIER_OK Legacy Android namespace
IDENTIFIER_OK Legacy Android application ID
IDENTIFIER_OK Native Android namespace
IDENTIFIER_OK Native Android application ID
IDENTIFIER_OK Web causal authority store
IDENTIFIER_OK Web tracking key path
IDENTIFIER_OK Web database name
IDENTIFIER_OK Active web database key
IDENTIFIER_OK Web WAL prefix
IDENTIFIER_OK Web device ID key
IDENTIFIER_OK Native database name
IDENTIFIER_OK Native URL scheme
IDENTIFIER_OK Native auth redirect URI
IDENTIFIER_OK Secure-session preferences name
IDENTIFIER_OK Android Keystore alias
IDENTIFIER_OK Encrypted backup legacy magic
IDENTIFIER_OK Encrypted backup current magic
IDENTIFIER_OK Backup storage bucket
IDENTIFIER_OK Encrypted backup suffix
IDENTIFIER_OK Postgres migration filenames
IDENTIFIER_OK Room schema filenames
{"status":"PASS","manifestVersion":2,"checked":22}
