
 RUN  v4.1.10 /Users/schober/Projects/TSurfing

 ❯ services/cloudSync.adversarial.test.ts (21 tests | 1 failed) 733ms
     × resumes an oversized captured mutation and verifies its original receipt after chunk interruption 50ms

⎯⎯⎯⎯⎯⎯⎯ Failed Tests 1 ⎯⎯⎯⎯⎯⎯⎯

 FAIL  services/cloudSync.adversarial.test.ts > adversarial cloud synchronization > resumes an oversized captured mutation and verifies its original receipt after chunk interruption
AssertionError: expected { …(12) } to match object { …(12) }

- Expected
+ Received

@@ -1,7 +1,7 @@
  {
-   "attemptedAt": undefined,
+   "attemptedAt": "2026-09-07T22:59:50.195Z",
    "baseServerVersion": null,
    "deletedAt": null,
    "dependsOnMutationId": undefined,
    "deviceId": "43dab38f-8cce-49ba-9b0e-24c2c838c723",
    "entityId": "large",

 ❯ services/cloudSync.adversarial.test.ts:230:35
    228|     await expect(synchronizeCloudOnce(key, runtime, { seedLocalData: f…
    229|     const interrupted = normalizeSyncMeta(await storageService.get(STO…
    230|     expect(interrupted.outbox[0]).toMatchObject(original);
       |                                   ^
    231|     expect(server.receipts.size).toBe(0);
    232|     const done = await synchronizeCloudOnce(key, runtime, { seedLocalD…

⎯⎯⎯⎯⎯⎯⎯⎯⎯⎯⎯⎯⎯⎯⎯⎯⎯⎯⎯⎯⎯⎯⎯⎯[1/1]⎯


 Test Files  1 failed | 2 passed (3)
      Tests  1 failed | 26 passed (27)
   Start at  23:59:49
   Duration  1.60s (transform 317ms, setup 0ms, import 466ms, tests 824ms, environment 0ms)

