
> tsurfing@0.4.0-beta.1 test:e2e
> playwright test

[WebServer] 
[WebServer] (!) Some chunks are larger than 500 kB after minification. Consider:
[WebServer] - Using dynamic import() to code-split the application
[WebServer] - Use build.rollupOptions.output.manualChunks to improve chunking: https://rollupjs.org/configuration-options/#output-manualchunks
[WebServer] - Adjust chunk size limit for this warning via build.chunkSizeWarningLimit.
[WebServer] 
[WebServer]   dist/server/index.mjs        208.0kb
[WebServer]   dist/server/maintenance.mjs   18.6kb
[WebServer] 
[WebServer] ⚡ Done in 19ms
[WebServer] {"level":"error","event":"server.production_configuration_invalid","problems":["public_origin_must_use_https","supabase_url_missing","supabase_public_key_missing","supabase_server_key_missing","owner_user_id_missing"]}

Running 92 tests using 2 workers

  ✓   1 [chromium] › tests/e2e/auth-focus.spec.ts:45:1 › repeated sign-in, token refresh and focus retain view and draft, including slow and offline validation (585ms)
  ✓   3 [chromium] › tests/e2e/auth-focus.spec.ts:62:1 › revocation removes the app (396ms)
  ✓   4 [chromium] › tests/e2e/auth-focus.spec.ts:67:1 › new login for the same user must pass MFA again (356ms)
  ✓   2 [chromium] › tests/e2e/s1-local-storage.spec.ts:24:1 › A/E: one profile, two real app tabs observe committed tasks without reload or cloud pull (1.5s)
  ✓   5 [chromium] › tests/e2e/auth-focus.spec.ts:72:1 › MFA downgrade must pass the gate again (362ms)
  ✓   6 [chromium] › tests/e2e/s1-local-storage.spec.ts:36:1 › C: releasing an obsolete React debounce after remote hydration creates no action (393ms)
  ✓   7 [chromium] › tests/e2e/auth-focus.spec.ts:76:1 › sign-out invalidates pending validation (371ms)
  ✓   9 [chromium] › tests/e2e/s2-storage-fence.spec.ts:9:1 › current storage retains a pre-cutover tracking capture for review without guessing its counter (226ms)
  ✓  10 [chromium] › tests/e2e/s2-storage-fence.spec.ts:47:1 › an uncooperative older connection delays cutover; its final committed write is preserved (378ms)
  ✓  11 [chromium] › tests/e2e/s2-storage-fence.spec.ts:82:1 › causal local admission serializes real browser transactions and preserves an action across rollback (228ms)
  ✓  12 [chromium] › tests/e2e/s2-storage-fence.spec.ts:125:1 › counter and focus admissions share one authority across concurrent browser transactions (224ms)
  ✓   8 [chromium] › tests/e2e/s1-local-storage.spec.ts:63:1 › A: paused peer focus reaches rendered refs; ticks and empty peer hints create no actions (1.5s)
  ✓  13 [chromium] › tests/e2e/s2-storage-fence.spec.ts:160:1 › business authority survives legacy deletes and restores a pending completion without changing its request (494ms)
  ✓  15 [chromium] › tests/e2e/s2-storage-fence.spec.ts:217:1 › business upgrade waits for an older tab and preserves its last committed note edit (365ms)
  ✓  14 [chromium] › tests/e2e/s1-local-storage.spec.ts:103:1 › capture failure preserves editable task input and reports the local failure (699ms)
  ✓  16 [chromium] › tests/e2e/s2-storage-fence.spec.ts:248:1 › offline day intent and unprojected increments survive a real browser restart (249ms)
  ✓  17 [chromium] › tests/e2e/s1-local-storage.spec.ts:122:1 › dirty note text survives peer hydration and wrong-account success hints (1.3s)
  ✓  18 [chromium] › tests/e2e/s2-storage-fence.spec.ts:313:1 › the rendered focus controls use causal admission after an existing account is fenced (1.3s)
  ✓  19 [chromium] › tests/e2e/s1-local-storage.spec.ts:147:46 › A: empty production pull after peer paused refreshes the next focus baseline (1.4s)
  ✓  20 [chromium] › tests/e2e/s2-storage-fence.spec.ts:336:1 › failed rendered completion keeps checkout and notes, then retries the same atomic action (2.0s)
  ✓  21 [chromium] › tests/e2e/s1-local-storage.spec.ts:147:46 › A: empty production pull after peer completed refreshes the next focus baseline (1.3s)
  ✓  23 [chromium] › tests/e2e/s1-local-storage.spec.ts:202:1 › C: account switch and unmount retire old React callbacks without creating actions (401ms)
  ✓  22 [chromium] › tests/e2e/s2-storage-fence.spec.ts:390:1 › rendered rescheduling retains a failed choice and retries one task-counter admission (1.3s)
  ✓  24 [chromium] › tests/e2e/s1-local-storage.spec.ts:219:1 › visibility: missed hints and absent BroadcastChannel recover on resume (980ms)
  ✓  26 [chromium] › tests/e2e/s1-local-storage.spec.ts:241:1 › status: an obsolete async commit read cannot overwrite a newer permanent error (357ms)
  ✓  25 [chromium] › tests/e2e/s2-storage-fence.spec.ts:445:1 › rendered planning visits warn on six and retry a failed seventh penalty exactly once (1.7s)
  ✓  27 [chromium] › tests/e2e/s1-local-storage.spec.ts:260:1 › E: real grouped completion and an independent note edit remain queued (2.2s)
  ✓  28 [chromium] › tests/e2e/s2-storage-fence.spec.ts:497:1 › a new UUID account hydrates behind an existing fence and captures offline planning and focus (1.6s)
  ✓  29 [chromium] › tests/e2e/s1-local-storage.spec.ts:293:56 › D: real IndexedDB inbound retains before/during/after intent (384ms)
  ✓  31 [chromium] › tests/e2e/s1-local-storage.spec.ts:293:56 › D: real IndexedDB reconciliation retains before/during/after intent (338ms)
  ✓  32 [chromium] › tests/e2e/s1-local-storage.spec.ts:340:1 › B: real IndexedDB metadata writers preserve a queued independent transaction and exact receipts (339ms)
  ✓  33 [chromium] › tests/e2e/s1-local-storage.spec.ts:400:42 › F: real browser unavailable IndexedDB preserves cursor and WAL, mirror fault=false (202ms)
  ✓  34 [chromium] › tests/e2e/s1-local-storage.spec.ts:400:42 › F: real browser unavailable IndexedDB preserves cursor and WAL, mirror fault=true (194ms)
  ✓  35 [chromium] › tests/e2e/s1-local-storage.spec.ts:428:1 › G: equal-count WAL replacement in another page invalidates content and stays idempotent (527ms)
  ✓  36 [chromium] › tests/e2e/s1-local-storage.spec.ts:454:1 › note capture failure preserves editable text and exposes the failure at the editor (951ms)
  ✓  37 [chromium] › tests/e2e/s1-local-storage.spec.ts:474:1 › bootstrap: two simultaneous real app hydrations import one legacy plan without duplicate actions (566ms)
  ✓  38 [chromium] › tests/e2e/s1-local-storage.spec.ts:498:1 › local retry: a captured action commits after storage recovery without a cloud client (653ms)
  ✓  39 [chromium] › tests/e2e/s1-local-storage.spec.ts:518:1 › S1.2: local recovery cannot erase an earlier unresolved cloud error (332ms)
  ✓  40 [chromium] › tests/e2e/startup-recovery.spec.ts:10:1 › reload recovers a divergent pending task without overwriting either edit (377ms)
  ✓  41 [chromium] › tests/e2e/startup-recovery.spec.ts:47:1 › unreadable saved data shows a retry screen instead of an endless spinner (405ms)
  ✓  42 [chromium] › tests/e2e/web-critical.spec.ts:100:3 › web-critical — deterministic visible UI journey › capture, schedule, reorder, confirm, complete, and reload persist exactly (1.6s)
  ✓  43 [chromium] › tests/e2e/web-critical.spec.ts:145:3 › web-critical — deterministic visible UI journey › service worker controls the app and supported offline behavior is durable (526ms)
  ✓  44 [chromium] › tests/e2e/web-critical.spec.ts:187:3 › web-critical — deterministic visible UI journey › saved tasks are isolated between browser profiles (1.2s)
  ✓  45 [chromium] › tests/e2e/web-critical.spec.ts:205:3 › web-critical — deterministic visible UI journey › manifest, service worker, and required icons are served (324ms)
  ✓  46 [chromium] › tests/e2e/web-critical.spec.ts:233:1 › natural-language capture previews and persists month planning (598ms)
  ✓  30 [chromium] › tests/e2e/s2-storage-fence.spec.ts:530:1 › rendered non-focus completion admits two task completions atomically on a fenced account (10.8s)
  ✓  47 [webkit] › tests/e2e/auth-focus.spec.ts:45:1 › repeated sign-in, token refresh and focus retain view and draft, including slow and offline validation (1.1s)
  ✓  49 [webkit] › tests/e2e/auth-focus.spec.ts:62:1 › revocation removes the app (575ms)
  ✓  50 [webkit] › tests/e2e/auth-focus.spec.ts:67:1 › new login for the same user must pass MFA again (475ms)
  ✓  51 [webkit] › tests/e2e/auth-focus.spec.ts:72:1 › MFA downgrade must pass the gate again (481ms)
  ✓  52 [webkit] › tests/e2e/auth-focus.spec.ts:76:1 › sign-out invalidates pending validation (517ms)
  ✓  48 [webkit] › tests/e2e/s1-local-storage.spec.ts:24:1 › A/E: one profile, two real app tabs observe committed tasks without reload or cloud pull (2.2s)
  ✓  53 [webkit] › tests/e2e/s2-storage-fence.spec.ts:9:1 › current storage retains a pre-cutover tracking capture for review without guessing its counter (565ms)
  ✓  54 [webkit] › tests/e2e/s1-local-storage.spec.ts:36:1 › C: releasing an obsolete React debounce after remote hydration creates no action (816ms)
  ✓  55 [webkit] › tests/e2e/s2-storage-fence.spec.ts:47:1 › an uncooperative older connection delays cutover; its final committed write is preserved (1.0s)
  ✓  57 [webkit] › tests/e2e/s2-storage-fence.spec.ts:82:1 › causal local admission serializes real browser transactions and preserves an action across rollback (641ms)
  ✓  58 [webkit] › tests/e2e/s2-storage-fence.spec.ts:125:1 › counter and focus admissions share one authority across concurrent browser transactions (624ms)
  ✓  56 [webkit] › tests/e2e/s1-local-storage.spec.ts:63:1 › A: paused peer focus reaches rendered refs; ticks and empty peer hints create no actions (2.3s)
  ✓  59 [webkit] › tests/e2e/s2-storage-fence.spec.ts:160:1 › business authority survives legacy deletes and restores a pending completion without changing its request (1.3s)
  ✓  60 [webkit] › tests/e2e/s1-local-storage.spec.ts:103:1 › capture failure preserves editable task input and reports the local failure (1.1s)
  ✓  61 [webkit] › tests/e2e/s2-storage-fence.spec.ts:217:1 › business upgrade waits for an older tab and preserves its last committed note edit (1.1s)
  ✓  63 [webkit] › tests/e2e/s2-storage-fence.spec.ts:248:1 › offline day intent and unprojected increments survive a real browser restart (650ms)
  ✓  62 [webkit] › tests/e2e/s1-local-storage.spec.ts:122:1 › dirty note text survives peer hydration and wrong-account success hints (2.0s)
  ✓  64 [webkit] › tests/e2e/s2-storage-fence.spec.ts:313:1 › the rendered focus controls use causal admission after an existing account is fenced (1.9s)
  ✓  65 [webkit] › tests/e2e/s1-local-storage.spec.ts:147:46 › A: empty production pull after peer paused refreshes the next focus baseline (2.1s)
  ✓  66 [webkit] › tests/e2e/s2-storage-fence.spec.ts:336:1 › failed rendered completion keeps checkout and notes, then retries the same atomic action (2.5s)
  ✓  67 [webkit] › tests/e2e/s1-local-storage.spec.ts:147:46 › A: empty production pull after peer completed refreshes the next focus baseline (2.2s)
  ✓  69 [webkit] › tests/e2e/s1-local-storage.spec.ts:202:1 › C: account switch and unmount retire old React callbacks without creating actions (852ms)
  ✓  68 [webkit] › tests/e2e/s2-storage-fence.spec.ts:390:1 › rendered rescheduling retains a failed choice and retries one task-counter admission (1.5s)
  ✓  70 [webkit] › tests/e2e/s1-local-storage.spec.ts:219:1 › visibility: missed hints and absent BroadcastChannel recover on resume (1.9s)
  ✓  72 [webkit] › tests/e2e/s1-local-storage.spec.ts:241:1 › status: an obsolete async commit read cannot overwrite a newer permanent error (752ms)
  ✓  71 [webkit] › tests/e2e/s2-storage-fence.spec.ts:445:1 › rendered planning visits warn on six and retry a failed seventh penalty exactly once (2.6s)
  ✓  74 [webkit] › tests/e2e/s2-storage-fence.spec.ts:497:1 › a new UUID account hydrates behind an existing fence and captures offline planning and focus (2.1s)
  ✓  73 [webkit] › tests/e2e/s1-local-storage.spec.ts:260:1 › E: real grouped completion and an independent note edit remain queued (2.8s)
  ✓  76 [webkit] › tests/e2e/s1-local-storage.spec.ts:293:56 › D: real IndexedDB inbound retains before/during/after intent (718ms)
  ✓  77 [webkit] › tests/e2e/s1-local-storage.spec.ts:293:56 › D: real IndexedDB reconciliation retains before/during/after intent (756ms)
  ✓  78 [webkit] › tests/e2e/s1-local-storage.spec.ts:340:1 › B: real IndexedDB metadata writers preserve a queued independent transaction and exact receipts (733ms)
  ✓  79 [webkit] › tests/e2e/s1-local-storage.spec.ts:400:42 › F: real browser unavailable IndexedDB preserves cursor and WAL, mirror fault=false (522ms)
  ✓  80 [webkit] › tests/e2e/s1-local-storage.spec.ts:400:42 › F: real browser unavailable IndexedDB preserves cursor and WAL, mirror fault=true (557ms)
  ✓  81 [webkit] › tests/e2e/s1-local-storage.spec.ts:428:1 › G: equal-count WAL replacement in another page invalidates content and stays idempotent (1.3s)
  ✓  82 [webkit] › tests/e2e/s1-local-storage.spec.ts:454:1 › note capture failure preserves editable text and exposes the failure at the editor (1.3s)
  ✓  83 [webkit] › tests/e2e/s1-local-storage.spec.ts:474:1 › bootstrap: two simultaneous real app hydrations import one legacy plan without duplicate actions (1.1s)
  ✓  84 [webkit] › tests/e2e/s1-local-storage.spec.ts:498:1 › local retry: a captured action commits after storage recovery without a cloud client (1.2s)
  ✓  85 [webkit] › tests/e2e/s1-local-storage.spec.ts:518:1 › S1.2: local recovery cannot erase an earlier unresolved cloud error (686ms)
  ✓  86 [webkit] › tests/e2e/startup-recovery.spec.ts:10:1 › reload recovers a divergent pending task without overwriting either edit (775ms)
  ✓  87 [webkit] › tests/e2e/startup-recovery.spec.ts:47:1 › unreadable saved data shows a retry screen instead of an endless spinner (863ms)
  ✓  75 [webkit] › tests/e2e/s2-storage-fence.spec.ts:530:1 › rendered non-focus completion admits two task completions atomically on a fenced account (11.1s)
  ✓  88 [webkit] › tests/e2e/web-critical.spec.ts:100:3 › web-critical — deterministic visible UI journey › capture, schedule, reorder, confirm, complete, and reload persist exactly (2.5s)
  ✓  89 [webkit] › tests/e2e/web-critical.spec.ts:145:3 › web-critical — deterministic visible UI journey › service worker controls the app and supported offline behavior is durable (1.6s)
  ✓  90 [webkit] › tests/e2e/web-critical.spec.ts:187:3 › web-critical — deterministic visible UI journey › saved tasks are isolated between browser profiles (2.3s)
  ✓  91 [webkit] › tests/e2e/web-critical.spec.ts:205:3 › web-critical — deterministic visible UI journey › manifest, service worker, and required icons are served (681ms)
  ✓  92 [webkit] › tests/e2e/web-critical.spec.ts:233:1 › natural-language capture previews and persists month planning (984ms)

  92 passed (1.1m)
